Archive member included to satisfy reference by file (symbol)

/mnt/lfs/sources/glibc-2.28/build/libc_pic.a(check_fds.os)
                              /mnt/lfs/sources/glibc-2.28/build/elf/dl-allobjs.os (__libc_check_standard_fds)
/mnt/lfs/sources/glibc-2.28/build/libc_pic.a(errno.os)
                              /mnt/lfs/sources/glibc-2.28/build/libc_pic.a(check_fds.os) (__libc_errno)
/mnt/lfs/sources/glibc-2.28/build/libc_pic.a(setjmp.os)
                              /mnt/lfs/sources/glibc-2.28/build/elf/dl-allobjs.os (__sigsetjmp)
/mnt/lfs/sources/glibc-2.28/build/libc_pic.a(__longjmp.os)
                              /mnt/lfs/sources/glibc-2.28/build/elf/dl-allobjs.os (__longjmp)
/mnt/lfs/sources/glibc-2.28/build/libc_pic.a(scratch_buffer_set_array_size.os)
                              /mnt/lfs/sources/glibc-2.28/build/elf/dl-allobjs.os (__libc_scratch_buffer_set_array_size)
/mnt/lfs/sources/glibc-2.28/build/libc_pic.a(strchr.os)
                              /mnt/lfs/sources/glibc-2.28/build/elf/dl-allobjs.os (strchr)
/mnt/lfs/sources/glibc-2.28/build/libc_pic.a(strcmp.os)
                              /mnt/lfs/sources/glibc-2.28/build/elf/dl-allobjs.os (strcmp)
/mnt/lfs/sources/glibc-2.28/build/libc_pic.a(strcspn.os)
                              /mnt/lfs/sources/glibc-2.28/build/elf/dl-allobjs.os (strcspn)
/mnt/lfs/sources/glibc-2.28/build/libc_pic.a(strdup.os)
                              /mnt/lfs/sources/glibc-2.28/build/elf/dl-allobjs.os (__strdup)
/mnt/lfs/sources/glibc-2.28/build/libc_pic.a(strlen.os)
                              /mnt/lfs/sources/glibc-2.28/build/elf/dl-allobjs.os (strlen)
/mnt/lfs/sources/glibc-2.28/build/libc_pic.a(strnlen.os)
                              /mnt/lfs/sources/glibc-2.28/build/elf/dl-allobjs.os (strnlen)
/mnt/lfs/sources/glibc-2.28/build/libc_pic.a(strncmp.os)
                              /mnt/lfs/sources/glibc-2.28/build/elf/dl-allobjs.os (strncmp)
/mnt/lfs/sources/glibc-2.28/build/libc_pic.a(memchr.os)
                              /mnt/lfs/sources/glibc-2.28/build/elf/dl-allobjs.os (memchr)
/mnt/lfs/sources/glibc-2.28/build/libc_pic.a(memcmp.os)
                              /mnt/lfs/sources/glibc-2.28/build/elf/dl-allobjs.os (memcmp)
/mnt/lfs/sources/glibc-2.28/build/libc_pic.a(memmove.os)
                              /mnt/lfs/sources/glibc-2.28/build/elf/dl-allobjs.os (memmove)
/mnt/lfs/sources/glibc-2.28/build/libc_pic.a(memset.os)
                              /mnt/lfs/sources/glibc-2.28/build/elf/dl-allobjs.os (memset)
/mnt/lfs/sources/glibc-2.28/build/libc_pic.a(mempcpy.os)
                              /mnt/lfs/sources/glibc-2.28/build/elf/dl-allobjs.os (__mempcpy)
/mnt/lfs/sources/glibc-2.28/build/libc_pic.a(stpcpy.os)
                              /mnt/lfs/sources/glibc-2.28/build/elf/dl-allobjs.os (__stpcpy)
/mnt/lfs/sources/glibc-2.28/build/libc_pic.a(memcpy.os)
                              /mnt/lfs/sources/glibc-2.28/build/libc_pic.a(check_fds.os) (__GI_memcpy)
/mnt/lfs/sources/glibc-2.28/build/libc_pic.a(rawmemchr.os)
                              /mnt/lfs/sources/glibc-2.28/build/elf/dl-allobjs.os (rawmemchr)
/mnt/lfs/sources/glibc-2.28/build/libc_pic.a(strcmp-sse2.os)
                              /mnt/lfs/sources/glibc-2.28/build/libc_pic.a(strcmp.os) (__strcmp_sse2)
/mnt/lfs/sources/glibc-2.28/build/libc_pic.a(strcmp-sse2-unaligned.os)
                              /mnt/lfs/sources/glibc-2.28/build/libc_pic.a(strcmp.os) (__strcmp_sse2_unaligned)
/mnt/lfs/sources/glibc-2.28/build/libc_pic.a(strcmp-ssse3.os)
                              /mnt/lfs/sources/glibc-2.28/build/libc_pic.a(strcmp.os) (__strcmp_ssse3)
/mnt/lfs/sources/glibc-2.28/build/libc_pic.a(strcmp-avx2.os)
                              /mnt/lfs/sources/glibc-2.28/build/libc_pic.a(strcmp.os) (__strcmp_avx2)
/mnt/lfs/sources/glibc-2.28/build/libc_pic.a(strncmp-sse2.os)
                              /mnt/lfs/sources/glibc-2.28/build/libc_pic.a(strncmp.os) (__strncmp_sse2)
/mnt/lfs/sources/glibc-2.28/build/libc_pic.a(strncmp-ssse3.os)
                              /mnt/lfs/sources/glibc-2.28/build/libc_pic.a(strncmp.os) (__strncmp_ssse3)
/mnt/lfs/sources/glibc-2.28/build/libc_pic.a(strncmp-sse4_2.os)
                              /mnt/lfs/sources/glibc-2.28/build/libc_pic.a(strncmp.os) (__strncmp_sse42)
/mnt/lfs/sources/glibc-2.28/build/libc_pic.a(strncmp-avx2.os)
                              /mnt/lfs/sources/glibc-2.28/build/libc_pic.a(strncmp.os) (__strncmp_avx2)
/mnt/lfs/sources/glibc-2.28/build/libc_pic.a(memchr-sse2.os)
                              /mnt/lfs/sources/glibc-2.28/build/libc_pic.a(memchr.os) (__memchr_sse2)
/mnt/lfs/sources/glibc-2.28/build/libc_pic.a(rawmemchr-sse2.os)
                              /mnt/lfs/sources/glibc-2.28/build/libc_pic.a(rawmemchr.os) (__rawmemchr_sse2)
/mnt/lfs/sources/glibc-2.28/build/libc_pic.a(memchr-avx2.os)
                              /mnt/lfs/sources/glibc-2.28/build/libc_pic.a(memchr.os) (__memchr_avx2)
[...]
Memory Configuration

Name             Origin             Length             Attributes
*default*        0x0000000000000000 0xffffffffffffffff

Linker script and memory map

                0x0000000000000000                __stack_chk_fail = 0x0
                0x0000000000000000                __stack_chk_fail_local = 0x0
START GROUP
LOAD /mnt/lfs/sources/glibc-2.28/build/elf/dl-allobjs.os
LOAD /mnt/lfs/sources/glibc-2.28/build/libc_pic.a
LOAD /mnt/lfs/tools/bin/../lib/gcc/x86_64-lfs-linux-gnu/8.2.0/libgcc.a
END GROUP

.interp
 *(.interp)

.note.gnu.build-id
 *(.note.gnu.build-id)

.hash
 *(.hash)

.gnu.hash
 *(.gnu.hash)

.dynsym
 *(.dynsym)

.dynstr
 *(.dynstr)

.gnu.version
 *(.gnu.version)

.gnu.version_d
 *(.gnu.version_d)

.gnu.version_r
 *(.gnu.version_r)

.rela.init
 *(.rela.init)

.rela.text
 *(.rela.text)

.rela.fini
 *(.rela.fini)

.rela.rodata
 *(.rela.rodata)

.rela.data.rel.ro
 *(.rela.data.rel.ro)

.rela.data
 *(.rela.data)

.rela.tdata
 *(.rela.tdata)

.rela.tbss
 *(.rela.tbss)

.rela.ctors
 *(.rela.ctors)

.rela.dtors
 *(.rela.dtors)

.rela.got
 *(.rela.got)

.rela.bss
 *(.rela.bss)

.rela.ldata
 *(.rela.ldata)

.rela.lbss
 *(.rela.lbss)

.rela.lrodata
 *(.rela.lrodata)

.rela.ifunc
 *(.rela.ifunc)

.rela.plt
 *(.rela.plt)

.init
 *(SORT_NONE(.init))

.plt
 *(.plt)
 *(.iplt)

.plt.got
 *(.plt.got)

.plt.sec
 *(.plt.sec)

.text           0x0000000000000000    0x1f384
 *(.text .stub)
 .text          0x0000000000000000    0x18ca0 /mnt/lfs/sources/glibc-2.28/build/elf/dl-allobjs.os
                0x0000000000000000                _start
                0x0000000000000008                _dl_start_user
                0x0000000000001410                handle_ld_preload
                0x0000000000006bf0                _dl_dst_count
                0x0000000000006c90                _dl_dst_substitute
                0x0000000000007460                _dl_init_paths
                0x0000000000007770                _dl_map_object
                0x0000000000008200                _dl_rtld_di_serinfo
                0x00000000000090a0                _dl_lookup_symbol_x
                0x0000000000009f60                _dl_setup_hash
                0x000000000000a010                _dl_add_to_namespace_list
                0x000000000000a0a0                _dl_new_object
                0x000000000000a410                _dl_try_allocate_static_tls
                0x000000000000a500                _dl_allocate_static_tls
                0x000000000000a530                _dl_nothread_init_static_tls
                0x000000000000a570                _dl_protect_relro
                0x000000000000a5e0                _dl_reloc_bad_type
                0x000000000000a6b0                _dl_relocate_object
                0x000000000000c120                _dl_map_object_deps
                0x000000000000d120                _dl_important_hwcaps
                0x000000000000d8a0                _dl_fixup
                0x000000000000da60                _dl_profile_fixup
                0x000000000000e050                _dl_call_pltexit
                0x000000000000e260                _dl_init
                0x000000000000e390                _dl_fini
                0x000000000000e750                _dl_debug_state
                0x000000000000e750                __GI__dl_debug_state
                0x000000000000e760                _dl_debug_initialize
                0x000000000000ee50                _dl_sysdep_read_whole_file
                0x000000000000eef0                _dl_debug_printf
                0x000000000000efa0                _dl_debug_printf_c
                0x000000000000f050                _dl_dprintf
                0x000000000000f0f0                _dl_name_match_p
                0x000000000000f160                _dl_higher_prime_number
                0x000000000000f1e0                _dl_strtoul
                0x000000000000f340                _dl_check_map_versions
                0x000000000000faa0                _dl_check_all_versions
                0x000000000000fb10                _dl_start_profile
                0x00000000000102c0                __GI__dl_mcount
                0x00000000000102c0                _dl_mcount
                0x0000000000010870                _dl_next_tls_modid
                0x0000000000010970                _dl_count_modids
                0x00000000000109e0                _dl_determine_tlsoffset
                0x0000000000010b90                _dl_get_tls_static_info
                0x0000000000010bb0                _dl_allocate_tls_storage
                0x0000000000010c70                __GI__dl_allocate_tls_init
                0x0000000000010c70                _dl_allocate_tls_init
                0x0000000000010ea0                __GI__dl_allocate_tls
                0x0000000000010ea0                _dl_allocate_tls
                0x0000000000010ee0                _dl_deallocate_tls
                0x0000000000010ee0                __GI__dl_deallocate_tls
                0x0000000000010f60                _dl_update_slotinfo
                0x00000000000111b0                __GI___tls_get_addr
                0x00000000000111b0                ___tls_get_addr
                0x0000000000011200                _dl_tls_get_addr_soft
                0x0000000000011280                _dl_add_to_slotinfo
                0x0000000000011370                __tls_get_addr_slow
                0x00000000000113a0                _dl_get_origin
                0x0000000000011530                _dl_scope_free
                0x00000000000115f0                _dl_make_stack_executable
                0x00000000000115f0                __GI__dl_make_stack_executable
                0x0000000000011860                __GI__dl_find_dso_for_object
                0x0000000000011860                _dl_find_dso_for_object
                0x0000000000011930                _dl_open
                0x0000000000011c40                _dl_show_scope
                0x0000000000012630                _dl_close_worker
                0x0000000000013610                _dl_close
                0x0000000000013680                _dl_runtime_profile_avx512
                0x0000000000013b00                _dl_runtime_profile_avx
                0x0000000000013f80                _dl_runtime_profile_sse
                0x0000000000014180                _dl_runtime_resolve_fxsave
                0x0000000000014200                _dl_runtime_resolve_xsave
                0x00000000000142d0                _dl_runtime_resolve_xsavec
                0x00000000000143c0                _dl_exception_create
                0x00000000000143c0                __GI__dl_exception_create
                0x00000000000144c0                __GI__dl_exception_create_format
                0x00000000000144c0                _dl_exception_create_format
                0x0000000000014790                _dl_exception_free
                0x0000000000014790                __GI__dl_exception_free
                0x00000000000147c0                _dl_sort_maps
                0x0000000000014a80                _dl_cache_libcmp
                0x0000000000014b40                _dl_load_cache_lookup
                0x00000000000151b0                _dl_unload_cache
                0x00000000000152b0                __tunable_set_val
                0x00000000000152d0                __GI___tunables_init
                0x00000000000157d0                __tunable_get_val
                0x00000000000157d0                __GI___tunable_get_val
                0x0000000000015850                _dl_make_tlsdesc_dynamic
                0x0000000000015b30                _dl_tlsdesc_resolve_rela_fixup
                0x0000000000015cf0                _dl_tlsdesc_resolve_hold_fixup
                0x0000000000015d30                _dl_unmap
                0x0000000000015db0                _dl_tlsdesc_return
                0x0000000000015dc0                _dl_tlsdesc_undefweak
                0x0000000000015dd0                _dl_tlsdesc_dynamic
                0x0000000000015e70                _dl_tlsdesc_resolve_rela
                0x0000000000015ee0                _dl_tlsdesc_resolve_hold
                0x0000000000015f60                __tls_get_addr
                0x0000000000015fa0                __get_cpu_features
                0x0000000000015fb0                _dl_tunable_set_hwcaps
                0x0000000000016fa0                _dl_sysdep_start
                0x00000000000176b0                _dl_sysdep_start_cleanup
                0x00000000000176c0                _dl_show_auxv
                0x0000000000017870                _dl_discover_osversion
                0x0000000000017a50                _dl_next_ld_env_entry
                0x0000000000017aa0                unsetenv
                0x0000000000017b10                malloc
                0x0000000000017c40                calloc
                0x0000000000017c80                free
                0x0000000000017cc0                __sigjmp_save
                0x0000000000017cd0                __strerror_r
                0x0000000000017dc0                __GI___libc_fatal
                0x0000000000017dc0                __libc_fatal
                0x0000000000017df0                __GI___chk_fail
                0x0000000000017df0                __chk_fail
                0x0000000000017e00                __GI___assert_fail
                0x0000000000017e00                __assert_fail
                0x0000000000017e50                realloc
                0x0000000000017ee0                __GI___assert_perror_fail
                0x0000000000017ee0                __assert_perror_fail
                0x0000000000017f50                _itoa
                0x0000000000017fa0                __strsep
                0x0000000000017fa0                strsep
                0x0000000000017fa0                __strsep_g
                0x00000000000180e0                _dl_signal_exception
                0x0000000000018130                _dl_signal_error
                0x0000000000018180                _dl_signal_cexception
                0x0000000000018200                _dl_signal_cerror
                0x0000000000018290                _dl_catch_exception
                0x0000000000018330                _dl_catch_error
                0x0000000000018380                _dl_receive_error
                0x00000000000183c0                _dl_resolve_conflicts
                0x0000000000018530                __brk
                0x0000000000018530                brk
                0x0000000000018580                sbrk
                0x0000000000018580                __sbrk
                0x0000000000018610                __getcwd
                0x0000000000018610                getcwd
                0x0000000000018a60                openat64
                0x0000000000018ac0                __alloc_dir
                0x0000000000018bb0                __opendir
                0x0000000000018bb0                opendir
                0x0000000000018c50                __fxstatat
                0x0000000000018c50                __fxstatat64
                0x0000000000018c50                __GI___fxstatat64
 .text          0x0000000000018ca0       0xe2 /mnt/lfs/sources/glibc-2.28/build/libc_pic.a(check_fds.os)
                0x0000000000018d50                __libc_check_standard_fds
 .text          0x0000000000018d82        0x0 /mnt/lfs/sources/glibc-2.28/build/libc_pic.a(errno.os)
 *fill*         0x0000000000018d82        0xe 
 .text          0x0000000000018d90       0x57 /mnt/lfs/sources/glibc-2.28/build/libc_pic.a(setjmp.os)
                0x0000000000018d90                __sigsetjmp
                0x0000000000018d90                __GI___sigsetjmp
 *fill*         0x0000000000018de7        0x9 
 .text          0x0000000000018df0       0x50 /mnt/lfs/sources/glibc-2.28/build/libc_pic.a(__longjmp.os)
                0x0000000000018df0                __longjmp
 .text          0x0000000000018e40       0xb8 /mnt/lfs/sources/glibc-2.28/build/libc_pic.a(scratch_buffer_set_array_size.os)
                0x0000000000018e40                __libc_scratch_buffer_set_array_size
                0x0000000000018e40                __GI___libc_scratch_buffer_set_array_size
 *fill*         0x0000000000018ef8        0x8 
 .text          0x0000000000018f00       0x3a /mnt/lfs/sources/glibc-2.28/build/libc_pic.a(strchr.os)
                0x0000000000018f00                __GI_strchr
                0x0000000000018f00                index
                0x0000000000018f00                strchr
 *fill*         0x0000000000018f3a        0x6 
 .text          0x0000000000018f40       0x47 /mnt/lfs/sources/glibc-2.28/build/libc_pic.a(strcmp.os)
                0x0000000000018f40                __GI_strcmp
                0x0000000000018f40                strcmp
 *fill*         0x0000000000018f87        0x9 
 .text          0x0000000000018f90       0x1e /mnt/lfs/sources/glibc-2.28/build/libc_pic.a(strcspn.os)
                0x0000000000018f90                strcspn
                0x0000000000018f90                __GI_strcspn
 *fill*         0x0000000000018fae        0x2 
 .text          0x0000000000018fb0       0x41 /mnt/lfs/sources/glibc-2.28/build/libc_pic.a(strdup.os)
                0x0000000000018fb0                __GI___strdup
                0x0000000000018fb0                __strdup
                0x0000000000018fb0                strdup
 *fill*         0x0000000000018ff1        0xf 
 .text          0x0000000000019000       0x2a /mnt/lfs/sources/glibc-2.28/build/libc_pic.a(strlen.os)
                0x0000000000019000                strlen
                0x0000000000019000                __GI_strlen
 *fill*         0x000000000001902a        0x6 
 .text          0x0000000000019030       0x2a /mnt/lfs/sources/glibc-2.28/build/libc_pic.a(strnlen.os)
                0x0000000000019030                __strnlen
                0x0000000000019030                strnlen
                0x0000000000019030                __GI___strnlen
                0x0000000000019030                __GI_strnlen
 *fill*         0x000000000001905a        0x6 
 .text          0x0000000000019060       0x51 /mnt/lfs/sources/glibc-2.28/build/libc_pic.a(strncmp.os)
                0x0000000000019060                __GI_strncmp
                0x0000000000019060                strncmp
 *fill*         0x00000000000190b1        0xf 
 .text          0x00000000000190c0       0x2a /mnt/lfs/sources/glibc-2.28/build/libc_pic.a(memchr.os)
                0x00000000000190c0                __GI_memchr
                0x00000000000190c0                memchr
                0x00000000000190c0                __memchr
 *fill*         0x00000000000190ea        0x6 
 .text          0x00000000000190f0       0x5d /mnt/lfs/sources/glibc-2.28/build/libc_pic.a(memcmp.os)
                0x00000000000190f0                bcmp
                0x00000000000190f0                __GI_memcmp
                0x00000000000190f0                memcmp
 *fill*         0x000000000001914d        0x3 
 .text          0x0000000000019150       0xc2 /mnt/lfs/sources/glibc-2.28/build/libc_pic.a(memmove.os)
                0x0000000000019150                memmove
                0x0000000000019150                __GI_memmove
                0x0000000000019150                __libc_memmove
 *fill*         0x0000000000019212        0xe 
 .text          0x0000000000019220       0x91 /mnt/lfs/sources/glibc-2.28/build/libc_pic.a(memset.os)
                0x0000000000019220                __GI_memset
                0x0000000000019220                memset
 *fill*         0x00000000000192b1        0xf 
 .text          0x00000000000192c0       0xc2 /mnt/lfs/sources/glibc-2.28/build/libc_pic.a(mempcpy.os)
                0x00000000000192c0                mempcpy
                0x00000000000192c0                __GI_mempcpy
                0x00000000000192c0                __mempcpy
                0x00000000000192c0                __GI___mempcpy
 *fill*         0x0000000000019382        0xe 
 .text          0x0000000000019390       0x2e /mnt/lfs/sources/glibc-2.28/build/libc_pic.a(stpcpy.os)
                0x0000000000019390                stpcpy
                0x0000000000019390                __GI_stpcpy
                0x0000000000019390                __stpcpy
                0x0000000000019390                __GI___stpcpy
 *fill*         0x00000000000193be        0x2 
 .text          0x00000000000193c0       0xc2 /mnt/lfs/sources/glibc-2.28/build/libc_pic.a(memcpy.os)
                0x00000000000193c0                __GI_memcpy
                0x00000000000193c0                __new_memcpy
                0x00000000000193c0                memcpy@@GLIBC_2.14
 *fill*         0x0000000000019482        0xe 
 .text          0x0000000000019490       0x2a /mnt/lfs/sources/glibc-2.28/build/libc_pic.a(rawmemchr.os)
                0x0000000000019490                __GI___rawmemchr
                0x0000000000019490                __rawmemchr
                0x0000000000019490                rawmemchr
 *fill*         0x00000000000194ba        0x6 
 .text          0x00000000000194c0     0x1439 /mnt/lfs/sources/glibc-2.28/build/libc_pic.a(strcmp-sse2.os)
                0x00000000000194c0                __strcmp_sse2
 *fill*         0x000000000001a8f9        0x7 
 .text          0x000000000001a900      0x2a3 /mnt/lfs/sources/glibc-2.28/build/libc_pic.a(strcmp-sse2-unaligned.os)
                0x000000000001a900                __strcmp_sse2_unaligned
 .text          0x000000000001aba3        0x0 /mnt/lfs/sources/glibc-2.28/build/libc_pic.a(strcmp-ssse3.os)
 .text          0x000000000001aba3        0x0 /mnt/lfs/sources/glibc-2.28/build/libc_pic.a(strcmp-avx2.os)
 *fill*         0x000000000001aba3        0xd 
 .text          0x000000000001abb0     0x1849 /mnt/lfs/sources/glibc-2.28/build/libc_pic.a(strncmp-sse2.os)
                0x000000000001abb0                __strncmp_sse2
 .text          0x000000000001c3f9        0x0 /mnt/lfs/sources/glibc-2.28/build/libc_pic.a(strncmp-ssse3.os)
 .text          0x000000000001c3f9        0x0 /mnt/lfs/sources/glibc-2.28/build/libc_pic.a(strncmp-sse4_2.os)
 .text          0x000000000001c3f9        0x0 /mnt/lfs/sources/glibc-2.28/build/libc_pic.a(strncmp-avx2.os)
 *fill*         0x000000000001c3f9        0x7 
 .text          0x000000000001c400      0x323 /mnt/lfs/sources/glibc-2.28/build/libc_pic.a(memchr-sse2.os)
                0x000000000001c400                __memchr_sse2
 *fill*         0x000000000001c723        0xd 
 .text          0x000000000001c730      0x1f9 /mnt/lfs/sources/glibc-2.28/build/libc_pic.a(rawmemchr-sse2.os)
                0x000000000001c730                __rawmemchr_sse2
 .text          0x000000000001c929        0x0 /mnt/lfs/sources/glibc-2.28/build/libc_pic.a(memchr-avx2.os)
 .text          0x000000000001c929        0x0 /mnt/lfs/sources/glibc-2.28/build/libc_pic.a(rawmemchr-avx2.os)
 *fill*         0x000000000001c929        0x7 
 .text          0x000000000001c930      0x400 /mnt/lfs/sources/glibc-2.28/build/libc_pic.a(memcmp-sse2.os)
                0x000000000001c930                __memcmp_sse2
 .text          0x000000000001cd30        0x0 /mnt/lfs/sources/glibc-2.28/build/libc_pic.a(memcmp-avx2-movbe.os)
 .text          0x000000000001cd30        0x0 /mnt/lfs/sources/glibc-2.28/build/libc_pic.a(memcmp-sse4.os)
 .text          0x000000000001cd30        0x0 /mnt/lfs/sources/glibc-2.28/build/libc_pic.a(memcpy-ssse3.os)
 .text          0x000000000001cd30        0x0 /mnt/lfs/sources/glibc-2.28/build/libc_pic.a(memmove-ssse3.os)
 .text          0x000000000001cd30        0x0 /mnt/lfs/sources/glibc-2.28/build/libc_pic.a(memcpy-ssse3-back.os)
 .text          0x000000000001cd30        0x0 /mnt/lfs/sources/glibc-2.28/build/libc_pic.a(memmove-ssse3-back.os)
 .text          0x000000000001cd30        0x0 /mnt/lfs/sources/glibc-2.28/build/libc_pic.a(memmove-avx512-no-vzeroupper.os)
 .text          0x000000000001cd30      0x21a /mnt/lfs/sources/glibc-2.28/build/libc_pic.a(strchr-sse2.os)
                0x000000000001cd30                __strchr_sse2
 .text          0x000000000001cf4a        0x0 /mnt/lfs/sources/glibc-2.28/build/libc_pic.a(strchr-avx2.os)
 *fill*         0x000000000001cf4a        0x6 
 .text          0x000000000001cf50      0x19c /mnt/lfs/sources/glibc-2.28/build/libc_pic.a(strlen-sse2.os)
                0x000000000001cf50                __strlen_sse2
                0x000000000001cf50                __GI___strlen_sse2
 *fill*         0x000000000001d0ec        0x4 
 .text          0x000000000001d0f0      0x218 /mnt/lfs/sources/glibc-2.28/build/libc_pic.a(strnlen-sse2.os)
                0x000000000001d0f0                __strnlen_sse2
 .text          0x000000000001d308        0x0 /mnt/lfs/sources/glibc-2.28/build/libc_pic.a(strlen-avx2.os)
 .text          0x000000000001d308        0x0 /mnt/lfs/sources/glibc-2.28/build/libc_pic.a(strnlen-avx2.os)
 *fill*         0x000000000001d308        0x8 
 .text          0x000000000001d310       0xdc /mnt/lfs/sources/glibc-2.28/build/libc_pic.a(stpcpy-sse2.os)
                0x000000000001d310                __stpcpy_sse2
 .text          0x000000000001d3ec        0x0 /mnt/lfs/sources/glibc-2.28/build/libc_pic.a(stpcpy-ssse3.os)
 *fill*         0x000000000001d3ec        0x4 
 .text          0x000000000001d3f0      0x6b0 /mnt/lfs/sources/glibc-2.28/build/libc_pic.a(stpcpy-sse2-unaligned.os)
                0x000000000001d3f0                __stpcpy_sse2_unaligned
 .text          0x000000000001daa0        0x0 /mnt/lfs/sources/glibc-2.28/build/libc_pic.a(strchr-sse2-no-bsf.os)
 .text          0x000000000001daa0        0x0 /mnt/lfs/sources/glibc-2.28/build/libc_pic.a(memcmp-ssse3.os)
 .text          0x000000000001daa0       0x97 /mnt/lfs/sources/glibc-2.28/build/libc_pic.a(strcspn-sse2.os)
                0x000000000001daa0                __strcspn_sse2
 .text          0x000000000001db37        0x0 /mnt/lfs/sources/glibc-2.28/build/libc_pic.a(strcspn-c.os)
 .text          0x000000000001db37        0x0 /mnt/lfs/sources/glibc-2.28/build/libc_pic.a(varshift.os)
 .text          0x000000000001db37        0x0 /mnt/lfs/sources/glibc-2.28/build/libc_pic.a(memset-avx512-no-vzeroupper.os)
 *fill*         0x000000000001db37        0x9 
 .text          0x000000000001db40      0x3e9 /mnt/lfs/sources/glibc-2.28/build/libc_pic.a(memmove-sse2-unaligned-erms.os)
                0x000000000001db40                __mempcpy_chk_sse2_unaligned
                0x000000000001db50                __mempcpy_sse2_unaligned
                0x000000000001db60                __memcpy_chk_sse2_unaligned
                0x000000000001db60                __memmove_chk_sse2_unaligned
                0x000000000001db70                __memmove_sse2_unaligned
                0x000000000001db70                __memcpy_sse2_unaligned
                0x000000000001db70                memcpy@GLIBC_2.2.5
                0x000000000001dba0                __mempcpy_chk_erms
                0x000000000001dbb0                __mempcpy_erms
                0x000000000001dbc0                __memcpy_chk_erms
                0x000000000001dbc0                __memmove_chk_erms
                0x000000000001dbd0                __memmove_erms
                0x000000000001dbd0                __memcpy_erms
                0x000000000001dc00                __mempcpy_chk_sse2_unaligned_erms
                0x000000000001dc10                __mempcpy_sse2_unaligned_erms
                0x000000000001dc20                __memmove_chk_sse2_unaligned_erms
                0x000000000001dc20                __memcpy_chk_sse2_unaligned_erms
                0x000000000001dc30                __memmove_sse2_unaligned_erms
                0x000000000001dc30                __memcpy_sse2_unaligned_erms
 .text          0x000000000001df29        0x0 /mnt/lfs/sources/glibc-2.28/build/libc_pic.a(memmove-avx-unaligned-erms.os)
 .text          0x000000000001df29        0x0 /mnt/lfs/sources/glibc-2.28/build/libc_pic.a(memmove-avx512-unaligned-erms.os)
 *fill*         0x000000000001df29        0x7 
 .text          0x000000000001df30      0x1b3 /mnt/lfs/sources/glibc-2.28/build/libc_pic.a(memset-sse2-unaligned-erms.os)
                0x000000000001df30                __bzero
                0x000000000001df30                bzero
                0x000000000001df40                __wmemset_chk_sse2_unaligned
                0x000000000001df50                __wmemset_sse2_unaligned
                0x000000000001df70                __memset_chk_sse2_unaligned
                0x000000000001df80                __memset_sse2_unaligned
                0x000000000001dfc0                __memset_chk_erms
                0x000000000001dfd0                __memset_erms
                0x000000000001dff0                __memset_chk_sse2_unaligned_erms
                0x000000000001e000                __memset_sse2_unaligned_erms
 .text          0x000000000001e0e3        0x0 /mnt/lfs/sources/glibc-2.28/build/libc_pic.a(memset-avx2-unaligned-erms.os)
 .text          0x000000000001e0e3        0x0 /mnt/lfs/sources/glibc-2.28/build/libc_pic.a(memset-avx512-unaligned-erms.os)
 *fill*         0x000000000001e0e3        0xd 
 .text          0x000000000001e0f0      0x5fd /mnt/lfs/sources/glibc-2.28/build/libc_pic.a(cacheinfo.os)
                0x000000000001e6c0                __cache_sysconf
 *fill*         0x000000000001e6ed        0x3 
 .text          0x000000000001e6f0       0x29 /mnt/lfs/sources/glibc-2.28/build/libc_pic.a(closedir.os)
                0x000000000001e6f0                __closedir
                0x000000000001e6f0                closedir
 *fill*         0x000000000001e719        0x7 
 .text          0x000000000001e720       0x93 /mnt/lfs/sources/glibc-2.28/build/libc_pic.a(rewinddir.os)
                0x000000000001e720                rewinddir
                0x000000000001e720                __rewinddir
                0x000000000001e720                __GI___rewinddir
 *fill*         0x000000000001e7b3        0xd 
 .text          0x000000000001e7c0      0x100 /mnt/lfs/sources/glibc-2.28/build/libc_pic.a(readdir64.os)
                0x000000000001e7c0                readdir
                0x000000000001e7c0                __readdir64
                0x000000000001e7c0                __readdir
                0x000000000001e7c0                __GI___readdir64
                0x000000000001e7c0                readdir64
 .text          0x000000000001e8c0       0xa2 /mnt/lfs/sources/glibc-2.28/build/libc_pic.a(fdopendir.os)
                0x000000000001e8c0                fdopendir
                0x000000000001e8c0                __fdopendir
 *fill*         0x000000000001e962        0xe 
 .text          0x000000000001e970       0x21 /mnt/lfs/sources/glibc-2.28/build/libc_pic.a(uname.os)
                0x000000000001e970                uname
                0x000000000001e970                __GI_uname
                0x000000000001e970                __uname
                0x000000000001e970                __GI___uname
 *fill*         0x000000000001e991        0xf 
 .text          0x000000000001e9a0       0x58 /mnt/lfs/sources/glibc-2.28/build/libc_pic.a(_exit.os)
                0x000000000001e9a0                _Exit
                0x000000000001e9a0                __GI__exit
                0x000000000001e9a0                _exit
 *fill*         0x000000000001e9f8        0x8 
 .text          0x000000000001ea00        0x8 /mnt/lfs/sources/glibc-2.28/build/libc_pic.a(getpid.os)
                0x000000000001ea00                __getpid
                0x000000000001ea00                getpid
                0x000000000001ea00                __GI_getpid
                0x000000000001ea00                __GI___getpid
 .text          0x000000000001ea08        0x0 /mnt/lfs/sources/glibc-2.28/build/libc_pic.a(environ.os)
 *fill*         0x000000000001ea08        0x8 
 .text          0x000000000001ea10       0x4c /mnt/lfs/sources/glibc-2.28/build/libc_pic.a(xstat.os)
                0x000000000001ea10                _xstat
                0x000000000001ea10                __xstat64
                0x000000000001ea10                __GI___xstat64
                0x000000000001ea10                __GI___xstat
                0x000000000001ea10                __xstat
 *fill*         0x000000000001ea5c        0x4 
 .text          0x000000000001ea60       0x4c /mnt/lfs/sources/glibc-2.28/build/libc_pic.a(fxstat.os)
                0x000000000001ea60                __GI___fxstat
                0x000000000001ea60                __GI___fxstat64
                0x000000000001ea60                __fxstat64
                0x000000000001ea60                _fxstat
                0x000000000001ea60                __fxstat
 *fill*         0x000000000001eaac        0x4 
 .text          0x000000000001eab0       0x4c /mnt/lfs/sources/glibc-2.28/build/libc_pic.a(lxstat.os)
                0x000000000001eab0                __GI___lxstat
                0x000000000001eab0                _lxstat
                0x000000000001eab0                __lxstat
                0x000000000001eab0                __lxstat64
                0x000000000001eab0                __GI___lxstat64
 *fill*         0x000000000001eafc        0x4 
 .text          0x000000000001eb00       0x24 /mnt/lfs/sources/glibc-2.28/build/libc_pic.a(lseek64.os)
                0x000000000001eb00                __compat_llseek
                0x000000000001eb00                __GI___lseek
                0x000000000001eb00                __lseek64
                0x000000000001eb00                lseek
                0x000000000001eb00                __libc_lseek64
                0x000000000001eb00                llseek@GLIBC_2.2.5
                0x000000000001eb00                __lseek
                0x000000000001eb00                __libc_lseek
                0x000000000001eb00                lseek64
 *fill*         0x000000000001eb24        0xc 
 .text          0x000000000001eb30       0x22 /mnt/lfs/sources/glibc-2.28/build/libc_pic.a(access.os)
                0x000000000001eb30                access
                0x000000000001eb30                __access
 *fill*         0x000000000001eb52        0xe 
 .text          0x000000000001eb60       0x22 /mnt/lfs/sources/glibc-2.28/build/libc_pic.a(close_nocancel.os)
                0x000000000001eb60                __GI___close_nocancel
                0x000000000001eb60                __close_nocancel
 *fill*         0x000000000001eb82        0xe 
 .text          0x000000000001eb90       0x8f /mnt/lfs/sources/glibc-2.28/build/libc_pic.a(fcntl_nocancel.os)
                0x000000000001eb90                __fcntl64_nocancel_adjusted
                0x000000000001ebf0                __fcntl64_nocancel
                0x000000000001ebf0                __GI___fcntl64_nocancel
 *fill*         0x000000000001ec1f        0x1 
 .text          0x000000000001ec20       0x7a /mnt/lfs/sources/glibc-2.28/build/libc_pic.a(open64_nocancel.os)
                0x000000000001ec20                __GI___open_nocancel
                0x000000000001ec20                __open_nocancel
                0x000000000001ec20                __GI___open64_nocancel
                0x000000000001ec20                __open64_nocancel
 *fill*         0x000000000001ec9a        0x6 
 .text          0x000000000001eca0       0x6a /mnt/lfs/sources/glibc-2.28/build/libc_pic.a(openat64_nocancel.os)
                0x000000000001eca0                __GI___openat64_nocancel
                0x000000000001eca0                __openat64_nocancel
                0x000000000001eca0                __GI___openat_nocancel
                0x000000000001eca0                __openat_nocancel
 *fill*         0x000000000001ed0a        0x6 
 .text          0x000000000001ed10       0x24 /mnt/lfs/sources/glibc-2.28/build/libc_pic.a(read_nocancel.os)
                0x000000000001ed10                __read_nocancel
                0x000000000001ed10                __GI___read_nocancel
 *fill*         0x000000000001ed34        0xc 
 .text          0x000000000001ed40       0x24 /mnt/lfs/sources/glibc-2.28/build/libc_pic.a(write_nocancel.os)
                0x000000000001ed40                __GI___write_nocancel
                0x000000000001ed40                __write_nocancel
 *fill*         0x000000000001ed64        0xc 
 .text          0x000000000001ed70       0xe0 /mnt/lfs/sources/glibc-2.28/build/libc_pic.a(mmap64.os)
                0x000000000001ed70                __GI___mmap
                0x000000000001ed70                __mmap
                0x000000000001ed70                mmap
                0x000000000001ed70                __GI___mmap64
                0x000000000001ed70                __mmap64
                0x000000000001ed70                mmap64
 .text          0x000000000001ee50       0x21 /mnt/lfs/sources/glibc-2.28/build/libc_pic.a(munmap.os)
                0x000000000001ee50                munmap
                0x000000000001ee50                __GI___munmap
                0x000000000001ee50                __GI_munmap
                0x000000000001ee50                __munmap
 *fill*         0x000000000001ee71        0xf 
 .text          0x000000000001ee80       0x21 /mnt/lfs/sources/glibc-2.28/build/libc_pic.a(mprotect.os)
                0x000000000001ee80                __mprotect
                0x000000000001ee80                __GI___mprotect
                0x000000000001ee80                __GI_mprotect
                0x000000000001ee80                mprotect
 *fill*         0x000000000001eea1        0xf 
 .text          0x000000000001eeb0      0x1c1 /mnt/lfs/sources/glibc-2.28/build/libc_pic.a(profil.os)
                0x000000000001ef00                __profil
                0x000000000001ef00                profil
 *fill*         0x000000000001f071        0xf 
 .text          0x000000000001f080        0xb /mnt/lfs/sources/glibc-2.28/build/libc_pic.a(prof-freq.os)
                0x000000000001f080                __GI___profile_frequency
                0x000000000001f080                __profile_frequency
 *fill*         0x000000000001f08b        0x5 
 .text          0x000000000001f090       0x4c /mnt/lfs/sources/glibc-2.28/build/libc_pic.a(libc-lowlevellock.os)
                0x000000000001f090                __lll_lock_wait_private
                0x000000000001f0c0                __lll_unlock_wake_private
 .text          0x000000000001f0dc        0x0 /mnt/lfs/sources/glibc-2.28/build/libc_pic.a(libc_multiple_threads.os)
 *fill*         0x000000000001f0dc        0x4 
 .text          0x000000000001f0e0       0x53 /mnt/lfs/sources/glibc-2.28/build/libc_pic.a(dl-addr-obj.os)
                0x000000000001f0e0                _dl_addr_inside_object
 *fill*         0x000000000001f133        0xd 
 .text          0x000000000001f140      0x1ec /mnt/lfs/sources/glibc-2.28/build/libc_pic.a(sigaction.os)
                0x000000000001f160                __libc_sigaction
                0x000000000001f160                __GI___libc_sigaction
                0x000000000001f300                sigaction
                0x000000000001f300                __GI___sigaction
                0x000000000001f300                __sigaction
 *fill*         0x000000000001f32c        0x4 
 .text          0x000000000001f330       0x21 /mnt/lfs/sources/glibc-2.28/build/libc_pic.a(setitimer.os)
                0x000000000001f330                setitimer
                0x000000000001f330                __setitimer
                0x000000000001f330                __GI_setitimer
                0x000000000001f330                __GI___setitimer
 *fill*         0x000000000001f351        0xf 
 .text          0x000000000001f360       0x24 /mnt/lfs/sources/glibc-2.28/build/libc_pic.a(getdents64.os)
                0x000000000001f360                __getdents
                0x000000000001f360                __getdents64
 *(.gnu.warning)

.text.ssse3     0x0000000000000000     0xed43
 .text.ssse3    0x0000000000000000     0x1259 /mnt/lfs/sources/glibc-2.28/build/libc_pic.a(strcmp-ssse3.os)
                0x0000000000000000                __GI___strcmp_ssse3
                0x0000000000000000                __strcmp_ssse3
 *fill*         0x0000000000001259        0x7 
 .text.ssse3    0x0000000000001260     0x1759 /mnt/lfs/sources/glibc-2.28/build/libc_pic.a(strncmp-ssse3.os)
                0x0000000000001260                __strncmp_ssse3
 *fill*         0x00000000000029b9        0x7 
 .text.ssse3    0x00000000000029c0     0x29e6 /mnt/lfs/sources/glibc-2.28/build/libc_pic.a(memcpy-ssse3.os)
                0x00000000000029c0                __mempcpy_chk_ssse3
                0x00000000000029d0                __mempcpy_ssse3
                0x00000000000029e0                __memcpy_chk_ssse3
                0x00000000000029f0                __memcpy_ssse3
 *fill*         0x00000000000053a6        0xa 
 .text.ssse3    0x00000000000053b0     0x2b77 /mnt/lfs/sources/glibc-2.28/build/libc_pic.a(memmove-ssse3.os)
                0x00000000000053b0                __memmove_chk_ssse3
                0x00000000000053c0                __memmove_ssse3
 *fill*         0x0000000000007f27        0x9 
 .text.ssse3    0x0000000000007f30     0x2ae6 /mnt/lfs/sources/glibc-2.28/build/libc_pic.a(memcpy-ssse3-back.os)
                0x0000000000007f30                __mempcpy_chk_ssse3_back
                0x0000000000007f40                __mempcpy_ssse3_back
                0x0000000000007f50                __memcpy_chk_ssse3_back
                0x0000000000007f60                __memcpy_ssse3_back
 *fill*         0x000000000000aa16        0xa 
 .text.ssse3    0x000000000000aa20     0x2b16 /mnt/lfs/sources/glibc-2.28/build/libc_pic.a(memmove-ssse3-back.os)
                0x000000000000aa20                __memmove_chk_ssse3_back
                0x000000000000aa30                __memmove_ssse3_back
 *fill*         0x000000000000d536        0xa 
 .text.ssse3    0x000000000000d540     0x1803 /mnt/lfs/sources/glibc-2.28/build/libc_pic.a(stpcpy-ssse3.os)
                0x000000000000d540                __stpcpy_ssse3

.text.avx       0x0000000000000000     0x1e3b
 .text.avx      0x0000000000000000      0x43f /mnt/lfs/sources/glibc-2.28/build/libc_pic.a(strcmp-avx2.os)
                0x0000000000000000                __strcmp_avx2
 *fill*         0x000000000000043f        0x1 
 .text.avx      0x0000000000000440      0x508 /mnt/lfs/sources/glibc-2.28/build/libc_pic.a(strncmp-avx2.os)
                0x0000000000000440                __strncmp_avx2
 *fill*         0x0000000000000948        0x8 
 .text.avx      0x0000000000000950      0x2cd /mnt/lfs/sources/glibc-2.28/build/libc_pic.a(memchr-avx2.os)
                0x0000000000000950                __memchr_avx2
 *fill*         0x0000000000000c1d        0x3 
 .text.avx      0x0000000000000c20      0x13d /mnt/lfs/sources/glibc-2.28/build/libc_pic.a(rawmemchr-avx2.os)
                0x0000000000000c20                __rawmemchr_avx2
 *fill*         0x0000000000000d5d        0x3 
 .text.avx      0x0000000000000d60      0x3d4 /mnt/lfs/sources/glibc-2.28/build/libc_pic.a(memcmp-avx2-movbe.os)
                0x0000000000000d60                __memcmp_avx2_movbe
 *fill*         0x0000000000001134        0xc 
 .text.avx      0x0000000000001140      0x224 /mnt/lfs/sources/glibc-2.28/build/libc_pic.a(strchr-avx2.os)
                0x0000000000001140                __strchr_avx2
 *fill*         0x0000000000001364        0xc 
 .text.avx      0x0000000000001370      0x18e /mnt/lfs/sources/glibc-2.28/build/libc_pic.a(strlen-avx2.os)
                0x0000000000001370                __strlen_avx2
 *fill*         0x00000000000014fe        0x2 
 .text.avx      0x0000000000001500      0x31e /mnt/lfs/sources/glibc-2.28/build/libc_pic.a(strnlen-avx2.os)
                0x0000000000001500                __strnlen_avx2
 *fill*         0x000000000000181e        0x2 
 .text.avx      0x0000000000001820      0x464 /mnt/lfs/sources/glibc-2.28/build/libc_pic.a(memmove-avx-unaligned-erms.os)
                0x0000000000001820                __mempcpy_chk_avx_unaligned
                0x0000000000001830                __mempcpy_avx_unaligned
                0x0000000000001840                __memcpy_chk_avx_unaligned
                0x0000000000001840                __memmove_chk_avx_unaligned
                0x0000000000001850                __memcpy_avx_unaligned
                0x0000000000001850                __memmove_avx_unaligned
                0x0000000000001880                __mempcpy_chk_avx_unaligned_erms
                0x0000000000001890                __mempcpy_avx_unaligned_erms
                0x00000000000018a0                __memmove_chk_avx_unaligned_erms
                0x00000000000018a0                __memcpy_chk_avx_unaligned_erms
                0x00000000000018b0                __memcpy_avx_unaligned_erms
                0x00000000000018b0                __memmove_avx_unaligned_erms
 *fill*         0x0000000000001c84        0xc 
 .text.avx      0x0000000000001c90      0x1ab /mnt/lfs/sources/glibc-2.28/build/libc_pic.a(memset-avx2-unaligned-erms.os)
                0x0000000000001c90                __wmemset_chk_avx2_unaligned
                0x0000000000001ca0                __wmemset_avx2_unaligned
                0x0000000000001cc0                __memset_chk_avx2_unaligned
                0x0000000000001cd0                __memset_avx2_unaligned
                0x0000000000001d00                __memset_avx2_erms
                0x0000000000001d20                __memset_chk_avx2_unaligned_erms
                0x0000000000001d30                __memset_avx2_unaligned_erms

.text.sse4.2    0x0000000000000000     0x1157
 .text.sse4.2   0x0000000000000000      0xfd9 /mnt/lfs/sources/glibc-2.28/build/libc_pic.a(strncmp-sse4_2.os)
                0x0000000000000000                __strncmp_sse42
 *fill*         0x0000000000000fd9        0x7 
 .text.sse4.2   0x0000000000000fe0      0x177 /mnt/lfs/sources/glibc-2.28/build/libc_pic.a(strcspn-c.os)
                0x0000000000000fe0                __strcspn_sse42

.text.sse4.1    0x0000000000000000     0x163e
 .text.sse4.1   0x0000000000000000     0x163e /mnt/lfs/sources/glibc-2.28/build/libc_pic.a(memcmp-sse4.os)
                0x0000000000000000                __memcmp_sse4_1

.text.avx512    0x0000000000000000     0x1171
 .text.avx512   0x0000000000000000      0x76b /mnt/lfs/sources/glibc-2.28/build/libc_pic.a(memmove-avx512-no-vzeroupper.os)
                0x0000000000000000                __mempcpy_chk_avx512_no_vzeroupper
                0x0000000000000010                __mempcpy_avx512_no_vzeroupper
                0x0000000000000020                __memcpy_chk_avx512_no_vzeroupper
                0x0000000000000020                __memmove_chk_avx512_no_vzeroupper
                0x0000000000000030                __memcpy_avx512_no_vzeroupper
                0x0000000000000030                __memmove_avx512_no_vzeroupper
 *fill*         0x000000000000076b        0x5 
 .text.avx512   0x0000000000000770      0x280 /mnt/lfs/sources/glibc-2.28/build/libc_pic.a(memset-avx512-no-vzeroupper.os)
                0x0000000000000770                __memset_chk_avx512_no_vzeroupper
                0x0000000000000780                __memset_avx512_no_vzeroupper
 .text.avx512   0x00000000000009f0      0x57c /mnt/lfs/sources/glibc-2.28/build/libc_pic.a(memmove-avx512-unaligned-erms.os)
                0x00000000000009f0                __mempcpy_chk_avx512_unaligned
                0x0000000000000a00                __mempcpy_avx512_unaligned
                0x0000000000000a10                __memcpy_chk_avx512_unaligned
                0x0000000000000a10                __memmove_chk_avx512_unaligned
                0x0000000000000a20                __memmove_avx512_unaligned
                0x0000000000000a20                __memcpy_avx512_unaligned
                0x0000000000000a60                __mempcpy_chk_avx512_unaligned_erms
                0x0000000000000a70                __mempcpy_avx512_unaligned_erms
                0x0000000000000a80                __memcpy_chk_avx512_unaligned_erms
                0x0000000000000a80                __memmove_chk_avx512_unaligned_erms
                0x0000000000000a90                __memmove_avx512_unaligned_erms
                0x0000000000000a90                __memcpy_avx512_unaligned_erms
 *fill*         0x0000000000000f6c        0x4 
 .text.avx512   0x0000000000000f70      0x201 /mnt/lfs/sources/glibc-2.28/build/libc_pic.a(memset-avx512-unaligned-erms.os)
                0x0000000000000f70                __wmemset_chk_avx512_unaligned
                0x0000000000000f80                __wmemset_avx512_unaligned
                0x0000000000000fa0                __memset_chk_avx512_unaligned
                0x0000000000000fb0                __memset_avx512_unaligned
                0x0000000000000ff0                __memset_avx512_erms
                0x0000000000001010                __memset_chk_avx512_unaligned_erms
                0x0000000000001020                __memset_avx512_unaligned_erms

.text.atom      0x0000000000000000     0x1a83
 .text.atom     0x0000000000000000      0x315 /mnt/lfs/sources/glibc-2.28/build/libc_pic.a(strchr-sse2-no-bsf.os)
                0x0000000000000000                __strchr_sse2_no_bsf
 *fill*         0x0000000000000315        0xb 
 .text.atom     0x0000000000000320     0x1763 /mnt/lfs/sources/glibc-2.28/build/libc_pic.a(memcmp-ssse3.os)
                0x0000000000000320                __memcmp_ssse3

.text.startup   0x0000000000000000      0x494
 .text.startup  0x0000000000000000      0x494 /mnt/lfs/sources/glibc-2.28/build/libc_pic.a(cacheinfo.os)

.fini
 *(SORT_NONE(.fini))

.rodata         0x0000000000000000     0x11e0
 *(.rodata)
 .rodata        0x0000000000000000      0xd48 /mnt/lfs/sources/glibc-2.28/build/elf/dl-allobjs.os
                0x0000000000000ca0                __GI__itoa_lower_digits
                0x0000000000000ca0                _itoa_lower_digits
 .rodata        0x0000000000000d48       0x40 /mnt/lfs/sources/glibc-2.28/build/libc_pic.a(strcmp-sse2.os)
 .rodata        0x0000000000000d88       0x40 /mnt/lfs/sources/glibc-2.28/build/libc_pic.a(strcmp-ssse3.os)
 .rodata        0x0000000000000dc8       0x40 /mnt/lfs/sources/glibc-2.28/build/libc_pic.a(strncmp-sse2.os)
 .rodata        0x0000000000000e08       0x40 /mnt/lfs/sources/glibc-2.28/build/libc_pic.a(strncmp-ssse3.os)
 .rodata        0x0000000000000e48       0x80 /mnt/lfs/sources/glibc-2.28/build/libc_pic.a(stpcpy-sse2-unaligned.os)
 *fill*         0x0000000000000ec8        0x8 
 .rodata        0x0000000000000ed0       0x1f /mnt/lfs/sources/glibc-2.28/build/libc_pic.a(varshift.os)
                0x0000000000000ed0                ___m128i_shift_right
 *fill*         0x0000000000000eef       0x11 
 .rodata        0x0000000000000f00      0x2e0 /mnt/lfs/sources/glibc-2.28/build/libc_pic.a(cacheinfo.os)

.rodata.str1.1  0x0000000000000000     0x1262
 .rodata.str1.1
                0x0000000000000000     0x1215 /mnt/lfs/sources/glibc-2.28/build/elf/dl-allobjs.os
 .rodata.str1.1
                0x0000000000001215       0x14 /mnt/lfs/sources/glibc-2.28/build/libc_pic.a(check_fds.os)
 .rodata.str1.1
                0x0000000000001229       0x39 /mnt/lfs/sources/glibc-2.28/build/libc_pic.a(cacheinfo.os)

.rodata.str1.8  0x0000000000000000     0x252b
 .rodata.str1.8
                0x0000000000000000     0x2519 /mnt/lfs/sources/glibc-2.28/build/elf/dl-allobjs.os
 *fill*         0x0000000000002519        0x7 
 .rodata.str1.8
                0x0000000000002520        0xb /mnt/lfs/sources/glibc-2.28/build/libc_pic.a(cacheinfo.os)

.rodata.str1.16
                0x0000000000000000      0x341
 .rodata.str1.16
                0x0000000000000000      0x326 /mnt/lfs/sources/glibc-2.28/build/elf/dl-allobjs.os
 *fill*         0x0000000000000326        0xa 
 .rodata.str1.16
                0x0000000000000330       0x11 /mnt/lfs/sources/glibc-2.28/build/libc_pic.a(cacheinfo.os)

.rodata.cst16   0x0000000000000000       0x20
 .rodata.cst16  0x0000000000000000       0x20 /mnt/lfs/sources/glibc-2.28/build/elf/dl-allobjs.os

.rodata.cst4    0x0000000000000000        0x4
 .rodata.cst4   0x0000000000000000        0x4 /mnt/lfs/sources/glibc-2.28/build/elf/dl-allobjs.os

.rodata.str1.32
                0x0000000000000000       0x3b
 .rodata.str1.32
                0x0000000000000000       0x3b /mnt/lfs/sources/glibc-2.28/build/elf/dl-allobjs.os

.rodata.sse4.2  0x0000000000000000       0x40
 .rodata.sse4.2
                0x0000000000000000       0x40 /mnt/lfs/sources/glibc-2.28/build/libc_pic.a(strncmp-sse4_2.os)

.rodata.sse4.1  0x0000000000000000      0x140
 .rodata.sse4.1
                0x0000000000000000      0x140 /mnt/lfs/sources/glibc-2.28/build/libc_pic.a(memcmp-sse4.os)

.rodata.ssse3   0x0000000000000000      0xd80
 .rodata.ssse3  0x0000000000000000      0x1c0 /mnt/lfs/sources/glibc-2.28/build/libc_pic.a(memcpy-ssse3.os)
 .rodata.ssse3  0x00000000000001c0      0x1c0 /mnt/lfs/sources/glibc-2.28/build/libc_pic.a(memmove-ssse3.os)
 .rodata.ssse3  0x0000000000000380      0x500 /mnt/lfs/sources/glibc-2.28/build/libc_pic.a(memcpy-ssse3-back.os)
 .rodata.ssse3  0x0000000000000880      0x500 /mnt/lfs/sources/glibc-2.28/build/libc_pic.a(memmove-ssse3-back.os)

.rodata1
 *(.rodata1)

.eh_frame_hdr
 *(.eh_frame_hdr)

.eh_frame       0x0000000000000000     0x3d5c
 *(.eh_frame)
 .eh_frame      0x0000000000000000     0x2488 /mnt/lfs/sources/glibc-2.28/build/elf/dl-allobjs.os
                                       0x24d4 (size before relaxing)
 *fill*         0x0000000000002488        0x0 
 .eh_frame      0x0000000000002488       0x68 /mnt/lfs/sources/glibc-2.28/build/libc_pic.a(check_fds.os)
 .eh_frame      0x00000000000024f0       0x30 /mnt/lfs/sources/glibc-2.28/build/libc_pic.a(setjmp.os)
 .eh_frame      0x0000000000002520       0x48 /mnt/lfs/sources/glibc-2.28/build/libc_pic.a(__longjmp.os)
 .eh_frame      0x0000000000002568       0x60 /mnt/lfs/sources/glibc-2.28/build/libc_pic.a(scratch_buffer_set_array_size.os)
 .eh_frame      0x00000000000025c8       0x30 /mnt/lfs/sources/glibc-2.28/build/libc_pic.a(strchr.os)
 .eh_frame      0x00000000000025f8       0x30 /mnt/lfs/sources/glibc-2.28/build/libc_pic.a(strcmp.os)
 .eh_frame      0x0000000000002628       0x30 /mnt/lfs/sources/glibc-2.28/build/libc_pic.a(strcspn.os)
 .eh_frame      0x0000000000002658       0x50 /mnt/lfs/sources/glibc-2.28/build/libc_pic.a(strdup.os)
 .eh_frame      0x00000000000026a8       0x30 /mnt/lfs/sources/glibc-2.28/build/libc_pic.a(strlen.os)
 .eh_frame      0x00000000000026d8       0x30 /mnt/lfs/sources/glibc-2.28/build/libc_pic.a(strnlen.os)
 .eh_frame      0x0000000000002708       0x30 /mnt/lfs/sources/glibc-2.28/build/libc_pic.a(strncmp.os)
 .eh_frame      0x0000000000002738       0x30 /mnt/lfs/sources/glibc-2.28/build/libc_pic.a(memchr.os)
 .eh_frame      0x0000000000002768       0x30 /mnt/lfs/sources/glibc-2.28/build/libc_pic.a(memcmp.os)
 .eh_frame      0x0000000000002798       0x30 /mnt/lfs/sources/glibc-2.28/build/libc_pic.a(memmove.os)
 .eh_frame      0x00000000000027c8       0x30 /mnt/lfs/sources/glibc-2.28/build/libc_pic.a(memset.os)
 .eh_frame      0x00000000000027f8       0x30 /mnt/lfs/sources/glibc-2.28/build/libc_pic.a(mempcpy.os)
 .eh_frame      0x0000000000002828       0x30 /mnt/lfs/sources/glibc-2.28/build/libc_pic.a(stpcpy.os)
 .eh_frame      0x0000000000002858       0x30 /mnt/lfs/sources/glibc-2.28/build/libc_pic.a(memcpy.os)
 .eh_frame      0x0000000000002888       0x30 /mnt/lfs/sources/glibc-2.28/build/libc_pic.a(rawmemchr.os)
 .eh_frame      0x00000000000028b8       0x30 /mnt/lfs/sources/glibc-2.28/build/libc_pic.a(strcmp-sse2.os)
 .eh_frame      0x00000000000028e8       0x30 /mnt/lfs/sources/glibc-2.28/build/libc_pic.a(strcmp-sse2-unaligned.os)
 .eh_frame      0x0000000000002918       0x30 /mnt/lfs/sources/glibc-2.28/build/libc_pic.a(strcmp-ssse3.os)
 .eh_frame      0x0000000000002948       0x30 /mnt/lfs/sources/glibc-2.28/build/libc_pic.a(strcmp-avx2.os)
 .eh_frame      0x0000000000002978       0x30 /mnt/lfs/sources/glibc-2.28/build/libc_pic.a(strncmp-sse2.os)
 .eh_frame      0x00000000000029a8       0x30 /mnt/lfs/sources/glibc-2.28/build/libc_pic.a(strncmp-ssse3.os)
 .eh_frame      0x00000000000029d8       0x30 /mnt/lfs/sources/glibc-2.28/build/libc_pic.a(strncmp-sse4_2.os)
 .eh_frame      0x0000000000002a08       0x30 /mnt/lfs/sources/glibc-2.28/build/libc_pic.a(strncmp-avx2.os)
 .eh_frame      0x0000000000002a38       0x30 /mnt/lfs/sources/glibc-2.28/build/libc_pic.a(memchr-sse2.os)
 .eh_frame      0x0000000000002a68       0x30 /mnt/lfs/sources/glibc-2.28/build/libc_pic.a(rawmemchr-sse2.os)
 .eh_frame      0x0000000000002a98       0x30 /mnt/lfs/sources/glibc-2.28/build/libc_pic.a(memchr-avx2.os)
 .eh_frame      0x0000000000002ac8       0x30 /mnt/lfs/sources/glibc-2.28/build/libc_pic.a(rawmemchr-avx2.os)
 .eh_frame      0x0000000000002af8       0x30 /mnt/lfs/sources/glibc-2.28/build/libc_pic.a(memcmp-sse2.os)
 .eh_frame      0x0000000000002b28       0x30 /mnt/lfs/sources/glibc-2.28/build/libc_pic.a(memcmp-avx2-movbe.os)
 .eh_frame      0x0000000000002b58       0x30 /mnt/lfs/sources/glibc-2.28/build/libc_pic.a(memcmp-sse4.os)
 .eh_frame      0x0000000000002b88       0x68 /mnt/lfs/sources/glibc-2.28/build/libc_pic.a(memcpy-ssse3.os)
 .eh_frame      0x0000000000002bf0       0x40 /mnt/lfs/sources/glibc-2.28/build/libc_pic.a(memmove-ssse3.os)
 .eh_frame      0x0000000000002c30       0x68 /mnt/lfs/sources/glibc-2.28/build/libc_pic.a(memcpy-ssse3-back.os)
 .eh_frame      0x0000000000002c98       0x40 /mnt/lfs/sources/glibc-2.28/build/libc_pic.a(memmove-ssse3-back.os)
 .eh_frame      0x0000000000002cd8       0x68 /mnt/lfs/sources/glibc-2.28/build/libc_pic.a(memmove-avx512-no-vzeroupper.os)
 .eh_frame      0x0000000000002d40       0x30 /mnt/lfs/sources/glibc-2.28/build/libc_pic.a(strchr-sse2.os)
 .eh_frame      0x0000000000002d70       0x30 /mnt/lfs/sources/glibc-2.28/build/libc_pic.a(strchr-avx2.os)
 .eh_frame      0x0000000000002da0       0x30 /mnt/lfs/sources/glibc-2.28/build/libc_pic.a(strlen-sse2.os)
 .eh_frame      0x0000000000002dd0       0x30 /mnt/lfs/sources/glibc-2.28/build/libc_pic.a(strnlen-sse2.os)
 .eh_frame      0x0000000000002e00       0x30 /mnt/lfs/sources/glibc-2.28/build/libc_pic.a(strlen-avx2.os)
 .eh_frame      0x0000000000002e30       0x30 /mnt/lfs/sources/glibc-2.28/build/libc_pic.a(strnlen-avx2.os)
 .eh_frame      0x0000000000002e60       0x30 /mnt/lfs/sources/glibc-2.28/build/libc_pic.a(stpcpy-sse2.os)
 .eh_frame      0x0000000000002e90       0x30 /mnt/lfs/sources/glibc-2.28/build/libc_pic.a(stpcpy-ssse3.os)
 .eh_frame      0x0000000000002ec0       0x30 /mnt/lfs/sources/glibc-2.28/build/libc_pic.a(stpcpy-sse2-unaligned.os)
 .eh_frame      0x0000000000002ef0       0x30 /mnt/lfs/sources/glibc-2.28/build/libc_pic.a(strchr-sse2-no-bsf.os)
 .eh_frame      0x0000000000002f20       0x30 /mnt/lfs/sources/glibc-2.28/build/libc_pic.a(memcmp-ssse3.os)
 .eh_frame      0x0000000000002f50       0x38 /mnt/lfs/sources/glibc-2.28/build/libc_pic.a(strcspn-sse2.os)
 .eh_frame      0x0000000000002f88       0x30 /mnt/lfs/sources/glibc-2.28/build/libc_pic.a(strcspn-c.os)
 .eh_frame      0x0000000000002fb8       0x40 /mnt/lfs/sources/glibc-2.28/build/libc_pic.a(memset-avx512-no-vzeroupper.os)
 .eh_frame      0x0000000000002ff8      0x108 /mnt/lfs/sources/glibc-2.28/build/libc_pic.a(memmove-sse2-unaligned-erms.os)
 .eh_frame      0x0000000000003100       0xb8 /mnt/lfs/sources/glibc-2.28/build/libc_pic.a(memmove-avx-unaligned-erms.os)
 .eh_frame      0x00000000000031b8       0xb8 /mnt/lfs/sources/glibc-2.28/build/libc_pic.a(memmove-avx512-unaligned-erms.os)
 .eh_frame      0x0000000000003270       0xd0 /mnt/lfs/sources/glibc-2.28/build/libc_pic.a(memset-sse2-unaligned-erms.os)
 .eh_frame      0x0000000000003340       0xa8 /mnt/lfs/sources/glibc-2.28/build/libc_pic.a(memset-avx2-unaligned-erms.os)
 .eh_frame      0x00000000000033e8       0xa8 /mnt/lfs/sources/glibc-2.28/build/libc_pic.a(memset-avx512-unaligned-erms.os)
 .eh_frame      0x0000000000003490      0x198 /mnt/lfs/sources/glibc-2.28/build/libc_pic.a(cacheinfo.os)
 .eh_frame      0x0000000000003628       0x38 /mnt/lfs/sources/glibc-2.28/build/libc_pic.a(closedir.os)
 .eh_frame      0x0000000000003660       0x40 /mnt/lfs/sources/glibc-2.28/build/libc_pic.a(rewinddir.os)
 .eh_frame      0x00000000000036a0       0x68 /mnt/lfs/sources/glibc-2.28/build/libc_pic.a(readdir64.os)
 .eh_frame      0x0000000000003708       0x50 /mnt/lfs/sources/glibc-2.28/build/libc_pic.a(fdopendir.os)
 .eh_frame      0x0000000000003758       0x30 /mnt/lfs/sources/glibc-2.28/build/libc_pic.a(uname.os)
 .eh_frame      0x0000000000003788       0x30 /mnt/lfs/sources/glibc-2.28/build/libc_pic.a(_exit.os)
 .eh_frame      0x00000000000037b8       0x30 /mnt/lfs/sources/glibc-2.28/build/libc_pic.a(getpid.os)
 .eh_frame      0x00000000000037e8       0x30 /mnt/lfs/sources/glibc-2.28/build/libc_pic.a(xstat.os)
 .eh_frame      0x0000000000003818       0x30 /mnt/lfs/sources/glibc-2.28/build/libc_pic.a(fxstat.os)
 .eh_frame      0x0000000000003848       0x30 /mnt/lfs/sources/glibc-2.28/build/libc_pic.a(lxstat.os)
 .eh_frame      0x0000000000003878       0x30 /mnt/lfs/sources/glibc-2.28/build/libc_pic.a(lseek64.os)
 .eh_frame      0x00000000000038a8       0x30 /mnt/lfs/sources/glibc-2.28/build/libc_pic.a(access.os)
 .eh_frame      0x00000000000038d8       0x30 /mnt/lfs/sources/glibc-2.28/build/libc_pic.a(close_nocancel.os)
 .eh_frame      0x0000000000003908       0x48 /mnt/lfs/sources/glibc-2.28/build/libc_pic.a(fcntl_nocancel.os)
 .eh_frame      0x0000000000003950       0x30 /mnt/lfs/sources/glibc-2.28/build/libc_pic.a(open64_nocancel.os)
 .eh_frame      0x0000000000003980       0x30 /mnt/lfs/sources/glibc-2.28/build/libc_pic.a(openat64_nocancel.os)
 .eh_frame      0x00000000000039b0       0x30 /mnt/lfs/sources/glibc-2.28/build/libc_pic.a(read_nocancel.os)
 .eh_frame      0x00000000000039e0       0x30 /mnt/lfs/sources/glibc-2.28/build/libc_pic.a(write_nocancel.os)
 .eh_frame      0x0000000000003a10       0x70 /mnt/lfs/sources/glibc-2.28/build/libc_pic.a(mmap64.os)
 .eh_frame      0x0000000000003a80       0x30 /mnt/lfs/sources/glibc-2.28/build/libc_pic.a(munmap.os)
 .eh_frame      0x0000000000003ab0       0x30 /mnt/lfs/sources/glibc-2.28/build/libc_pic.a(mprotect.os)
 .eh_frame      0x0000000000003ae0       0x80 /mnt/lfs/sources/glibc-2.28/build/libc_pic.a(profil.os)
 .eh_frame      0x0000000000003b60       0x30 /mnt/lfs/sources/glibc-2.28/build/libc_pic.a(prof-freq.os)
 .eh_frame      0x0000000000003b90       0x60 /mnt/lfs/sources/glibc-2.28/build/libc_pic.a(libc-lowlevellock.os)
 .eh_frame      0x0000000000003bf0       0x30 /mnt/lfs/sources/glibc-2.28/build/libc_pic.a(dl-addr-obj.os)
 .eh_frame      0x0000000000003c20       0xe0 /mnt/lfs/sources/glibc-2.28/build/libc_pic.a(sigaction.os)
                                         0xe8 (size before relaxing)
 .eh_frame      0x0000000000003d00       0x30 /mnt/lfs/sources/glibc-2.28/build/libc_pic.a(setitimer.os)
 .eh_frame      0x0000000000003d30       0x2c /mnt/lfs/sources/glibc-2.28/build/libc_pic.a(getdents64.os)
                                         0x30 (size before relaxing)

.gcc_except_table
 *(.gcc_except_table .gcc_except_table.*)

.gnu_extab
 *(.gnu_extab*)

.exception_ranges
 *(.exception_ranges .exception_ranges*)

.eh_frame
 *(.eh_frame)

.gnu_extab
 *(.gnu_extab)

.gcc_except_table
 *(.gcc_except_table .gcc_except_table.*)

.exception_ranges
 *(.exception_ranges .exception_ranges*)

.tdata
 *(.tdata)

.tbss           0x0000000000000000        0x4
 *(.tbss)
 .tbss          0x0000000000000000        0x4 /mnt/lfs/sources/glibc-2.28/build/libc_pic.a(errno.os)
                0x0000000000000000                errno
                0x0000000000000000                __libc_errno

.jcr
 *(.jcr)

.dynamic
 *(.dynamic)

.got
 *(.got)
 *(.igot)

.got.plt
 *(.got.plt)
 *(.igot.plt)

.data           0x0000000000000000      0xfd8
 *(.data)
 .data          0x0000000000000000      0xf98 /mnt/lfs/sources/glibc-2.28/build/elf/dl-allobjs.os
                0x0000000000000000                _rtld_global
                0x0000000000000000                _rtld_local
 .data          0x0000000000000f98        0x0 /mnt/lfs/sources/glibc-2.28/build/libc_pic.a(check_fds.os)
 .data          0x0000000000000f98        0x0 /mnt/lfs/sources/glibc-2.28/build/libc_pic.a(errno.os)
 .data          0x0000000000000f98        0x0 /mnt/lfs/sources/glibc-2.28/build/libc_pic.a(setjmp.os)
 .data          0x0000000000000f98        0x0 /mnt/lfs/sources/glibc-2.28/build/libc_pic.a(__longjmp.os)
 .data          0x0000000000000f98        0x0 /mnt/lfs/sources/glibc-2.28/build/libc_pic.a(scratch_buffer_set_array_size.os)
 .data          0x0000000000000f98        0x0 /mnt/lfs/sources/glibc-2.28/build/libc_pic.a(strchr.os)
 .data          0x0000000000000f98        0x0 /mnt/lfs/sources/glibc-2.28/build/libc_pic.a(strcmp.os)
 .data          0x0000000000000f98        0x0 /mnt/lfs/sources/glibc-2.28/build/libc_pic.a(strcspn.os)
 .data          0x0000000000000f98        0x0 /mnt/lfs/sources/glibc-2.28/build/libc_pic.a(strdup.os)
 .data          0x0000000000000f98        0x0 /mnt/lfs/sources/glibc-2.28/build/libc_pic.a(strlen.os)
 .data          0x0000000000000f98        0x0 /mnt/lfs/sources/glibc-2.28/build/libc_pic.a(strnlen.os)
 .data          0x0000000000000f98        0x0 /mnt/lfs/sources/glibc-2.28/build/libc_pic.a(strncmp.os)
 .data          0x0000000000000f98        0x0 /mnt/lfs/sources/glibc-2.28/build/libc_pic.a(memchr.os)
 .data          0x0000000000000f98        0x0 /mnt/lfs/sources/glibc-2.28/build/libc_pic.a(memcmp.os)
 .data          0x0000000000000f98        0x0 /mnt/lfs/sources/glibc-2.28/build/libc_pic.a(memmove.os)
 .data          0x0000000000000f98        0x0 /mnt/lfs/sources/glibc-2.28/build/libc_pic.a(memset.os)
 .data          0x0000000000000f98        0x0 /mnt/lfs/sources/glibc-2.28/build/libc_pic.a(mempcpy.os)
 .data          0x0000000000000f98        0x0 /mnt/lfs/sources/glibc-2.28/build/libc_pic.a(stpcpy.os)
 .data          0x0000000000000f98        0x0 /mnt/lfs/sources/glibc-2.28/build/libc_pic.a(memcpy.os)
 .data          0x0000000000000f98        0x0 /mnt/lfs/sources/glibc-2.28/build/libc_pic.a(rawmemchr.os)
 .data          0x0000000000000f98        0x0 /mnt/lfs/sources/glibc-2.28/build/libc_pic.a(strcmp-sse2.os)
 .data          0x0000000000000f98        0x0 /mnt/lfs/sources/glibc-2.28/build/libc_pic.a(strcmp-sse2-unaligned.os)
 .data          0x0000000000000f98        0x0 /mnt/lfs/sources/glibc-2.28/build/libc_pic.a(strcmp-ssse3.os)
 .data          0x0000000000000f98        0x0 /mnt/lfs/sources/glibc-2.28/build/libc_pic.a(strcmp-avx2.os)
 .data          0x0000000000000f98        0x0 /mnt/lfs/sources/glibc-2.28/build/libc_pic.a(strncmp-sse2.os)
 .data          0x0000000000000f98        0x0 /mnt/lfs/sources/glibc-2.28/build/libc_pic.a(strncmp-ssse3.os)
 .data          0x0000000000000f98        0x0 /mnt/lfs/sources/glibc-2.28/build/libc_pic.a(strncmp-sse4_2.os)
 .data          0x0000000000000f98        0x0 /mnt/lfs/sources/glibc-2.28/build/libc_pic.a(strncmp-avx2.os)
 .data          0x0000000000000f98        0x0 /mnt/lfs/sources/glibc-2.28/build/libc_pic.a(memchr-sse2.os)
 .data          0x0000000000000f98        0x0 /mnt/lfs/sources/glibc-2.28/build/libc_pic.a(rawmemchr-sse2.os)
 .data          0x0000000000000f98        0x0 /mnt/lfs/sources/glibc-2.28/build/libc_pic.a(memchr-avx2.os)
 .data          0x0000000000000f98        0x0 /mnt/lfs/sources/glibc-2.28/build/libc_pic.a(rawmemchr-avx2.os)
 .data          0x0000000000000f98        0x0 /mnt/lfs/sources/glibc-2.28/build/libc_pic.a(memcmp-sse2.os)
 .data          0x0000000000000f98        0x0 /mnt/lfs/sources/glibc-2.28/build/libc_pic.a(memcmp-avx2-movbe.os)
 .data          0x0000000000000f98        0x0 /mnt/lfs/sources/glibc-2.28/build/libc_pic.a(memcmp-sse4.os)
 .data          0x0000000000000f98        0x0 /mnt/lfs/sources/glibc-2.28/build/libc_pic.a(memcpy-ssse3.os)
 .data          0x0000000000000f98        0x0 /mnt/lfs/sources/glibc-2.28/build/libc_pic.a(memmove-ssse3.os)
 .data          0x0000000000000f98        0x0 /mnt/lfs/sources/glibc-2.28/build/libc_pic.a(memcpy-ssse3-back.os)
 .data          0x0000000000000f98        0x0 /mnt/lfs/sources/glibc-2.28/build/libc_pic.a(memmove-ssse3-back.os)
 .data          0x0000000000000f98        0x0 /mnt/lfs/sources/glibc-2.28/build/libc_pic.a(memmove-avx512-no-vzeroupper.os)
 .data          0x0000000000000f98        0x0 /mnt/lfs/sources/glibc-2.28/build/libc_pic.a(strchr-sse2.os)
 .data          0x0000000000000f98        0x0 /mnt/lfs/sources/glibc-2.28/build/libc_pic.a(strchr-avx2.os)
 .data          0x0000000000000f98        0x0 /mnt/lfs/sources/glibc-2.28/build/libc_pic.a(strlen-sse2.os)
 .data          0x0000000000000f98        0x0 /mnt/lfs/sources/glibc-2.28/build/libc_pic.a(strnlen-sse2.os)
 .data          0x0000000000000f98        0x0 /mnt/lfs/sources/glibc-2.28/build/libc_pic.a(strlen-avx2.os)
 .data          0x0000000000000f98        0x0 /mnt/lfs/sources/glibc-2.28/build/libc_pic.a(strnlen-avx2.os)
 .data          0x0000000000000f98        0x0 /mnt/lfs/sources/glibc-2.28/build/libc_pic.a(stpcpy-sse2.os)
 .data          0x0000000000000f98        0x0 /mnt/lfs/sources/glibc-2.28/build/libc_pic.a(stpcpy-ssse3.os)
 .data          0x0000000000000f98        0x0 /mnt/lfs/sources/glibc-2.28/build/libc_pic.a(stpcpy-sse2-unaligned.os)
 .data          0x0000000000000f98        0x0 /mnt/lfs/sources/glibc-2.28/build/libc_pic.a(strchr-sse2-no-bsf.os)
 .data          0x0000000000000f98        0x0 /mnt/lfs/sources/glibc-2.28/build/libc_pic.a(memcmp-ssse3.os)
 .data          0x0000000000000f98        0x0 /mnt/lfs/sources/glibc-2.28/build/libc_pic.a(strcspn-sse2.os)
 .data          0x0000000000000f98        0x0 /mnt/lfs/sources/glibc-2.28/build/libc_pic.a(strcspn-c.os)
 .data          0x0000000000000f98        0x0 /mnt/lfs/sources/glibc-2.28/build/libc_pic.a(varshift.os)
 .data          0x0000000000000f98        0x0 /mnt/lfs/sources/glibc-2.28/build/libc_pic.a(memset-avx512-no-vzeroupper.os)
 .data          0x0000000000000f98        0x0 /mnt/lfs/sources/glibc-2.28/build/libc_pic.a(memmove-sse2-unaligned-erms.os)
 .data          0x0000000000000f98        0x0 /mnt/lfs/sources/glibc-2.28/build/libc_pic.a(memmove-avx-unaligned-erms.os)
 .data          0x0000000000000f98        0x0 /mnt/lfs/sources/glibc-2.28/build/libc_pic.a(memmove-avx512-unaligned-erms.os)
 .data          0x0000000000000f98        0x0 /mnt/lfs/sources/glibc-2.28/build/libc_pic.a(memset-sse2-unaligned-erms.os)
 .data          0x0000000000000f98        0x0 /mnt/lfs/sources/glibc-2.28/build/libc_pic.a(memset-avx2-unaligned-erms.os)
 .data          0x0000000000000f98        0x0 /mnt/lfs/sources/glibc-2.28/build/libc_pic.a(memset-avx512-unaligned-erms.os)
 .data          0x0000000000000f98       0x40 /mnt/lfs/sources/glibc-2.28/build/libc_pic.a(cacheinfo.os)
                0x0000000000000f98                __x86_raw_shared_cache_size
                0x0000000000000fa0                __x86_raw_shared_cache_size_half
                0x0000000000000fa8                __x86_shared_cache_size
                0x0000000000000fb0                __x86_shared_cache_size_half
                0x0000000000000fb8                __x86_raw_data_cache_size
                0x0000000000000fc0                __x86_raw_data_cache_size_half
                0x0000000000000fc8                __x86_data_cache_size
                0x0000000000000fd0                __x86_data_cache_size_half
 .data          0x0000000000000fd8        0x0 /mnt/lfs/sources/glibc-2.28/build/libc_pic.a(closedir.os)
 .data          0x0000000000000fd8        0x0 /mnt/lfs/sources/glibc-2.28/build/libc_pic.a(rewinddir.os)
 .data          0x0000000000000fd8        0x0 /mnt/lfs/sources/glibc-2.28/build/libc_pic.a(readdir64.os)
 .data          0x0000000000000fd8        0x0 /mnt/lfs/sources/glibc-2.28/build/libc_pic.a(fdopendir.os)
 .data          0x0000000000000fd8        0x0 /mnt/lfs/sources/glibc-2.28/build/libc_pic.a(uname.os)
 .data          0x0000000000000fd8        0x0 /mnt/lfs/sources/glibc-2.28/build/libc_pic.a(_exit.os)
 .data          0x0000000000000fd8        0x0 /mnt/lfs/sources/glibc-2.28/build/libc_pic.a(getpid.os)
 .data          0x0000000000000fd8        0x0 /mnt/lfs/sources/glibc-2.28/build/libc_pic.a(environ.os)
 .data          0x0000000000000fd8        0x0 /mnt/lfs/sources/glibc-2.28/build/libc_pic.a(xstat.os)
 .data          0x0000000000000fd8        0x0 /mnt/lfs/sources/glibc-2.28/build/libc_pic.a(fxstat.os)
 .data          0x0000000000000fd8        0x0 /mnt/lfs/sources/glibc-2.28/build/libc_pic.a(lxstat.os)
 .data          0x0000000000000fd8        0x0 /mnt/lfs/sources/glibc-2.28/build/libc_pic.a(lseek64.os)
 .data          0x0000000000000fd8        0x0 /mnt/lfs/sources/glibc-2.28/build/libc_pic.a(access.os)
 .data          0x0000000000000fd8        0x0 /mnt/lfs/sources/glibc-2.28/build/libc_pic.a(close_nocancel.os)
 .data          0x0000000000000fd8        0x0 /mnt/lfs/sources/glibc-2.28/build/libc_pic.a(fcntl_nocancel.os)
 .data          0x0000000000000fd8        0x0 /mnt/lfs/sources/glibc-2.28/build/libc_pic.a(open64_nocancel.os)
 .data          0x0000000000000fd8        0x0 /mnt/lfs/sources/glibc-2.28/build/libc_pic.a(openat64_nocancel.os)
 .data          0x0000000000000fd8        0x0 /mnt/lfs/sources/glibc-2.28/build/libc_pic.a(read_nocancel.os)
 .data          0x0000000000000fd8        0x0 /mnt/lfs/sources/glibc-2.28/build/libc_pic.a(write_nocancel.os)
 .data          0x0000000000000fd8        0x0 /mnt/lfs/sources/glibc-2.28/build/libc_pic.a(mmap64.os)
 .data          0x0000000000000fd8        0x0 /mnt/lfs/sources/glibc-2.28/build/libc_pic.a(munmap.os)
 .data          0x0000000000000fd8        0x0 /mnt/lfs/sources/glibc-2.28/build/libc_pic.a(mprotect.os)
 .data          0x0000000000000fd8        0x0 /mnt/lfs/sources/glibc-2.28/build/libc_pic.a(profil.os)
 .data          0x0000000000000fd8        0x0 /mnt/lfs/sources/glibc-2.28/build/libc_pic.a(prof-freq.os)
 .data          0x0000000000000fd8        0x0 /mnt/lfs/sources/glibc-2.28/build/libc_pic.a(libc-lowlevellock.os)
 .data          0x0000000000000fd8        0x0 /mnt/lfs/sources/glibc-2.28/build/libc_pic.a(libc_multiple_threads.os)
 .data          0x0000000000000fd8        0x0 /mnt/lfs/sources/glibc-2.28/build/libc_pic.a(dl-addr-obj.os)
 .data          0x0000000000000fd8        0x0 /mnt/lfs/sources/glibc-2.28/build/libc_pic.a(sigaction.os)
 .data          0x0000000000000fd8        0x0 /mnt/lfs/sources/glibc-2.28/build/libc_pic.a(setitimer.os)
 .data          0x0000000000000fd8        0x0 /mnt/lfs/sources/glibc-2.28/build/libc_pic.a(getdents64.os)

.data.rel.ro    0x0000000000000000      0x834
 .data.rel.ro   0x0000000000000000      0x834 /mnt/lfs/sources/glibc-2.28/build/elf/dl-allobjs.os
                0x00000000000000b0                __pointer_chk_guard_local
                0x00000000000000b8                _dl_skip_args
                0x00000000000000c0                __GI__dl_argv
                0x00000000000000c0                _dl_argv
                0x00000000000000c8                _dl_argc
                0x00000000000000e0                _rtld_global_ro
                0x00000000000000e0                _rtld_local_ro
                0x00000000000002d0                __stack_prot
                0x0000000000000820                _dl_random
                0x0000000000000828                __libc_stack_end
                0x0000000000000828                __GI___libc_stack_end
                0x0000000000000830                __GI___libc_enable_secure
                0x0000000000000830                __libc_enable_secure

.ctors          0x0000000000000000        0x8
 .ctors         0x0000000000000000        0x8 /mnt/lfs/sources/glibc-2.28/build/libc_pic.a(cacheinfo.os)

.data1
 *(.data1)

.bss            0x0000000000000000      0x200
 *(.bss)
 .bss           0x0000000000000000      0x118 /mnt/lfs/sources/glibc-2.28/build/elf/dl-allobjs.os
                0x00000000000000e0                __libc_multiple_libcs
                0x0000000000000110                __curbrk
 .bss           0x0000000000000118        0x0 /mnt/lfs/sources/glibc-2.28/build/libc_pic.a(check_fds.os)
 .bss           0x0000000000000118        0x0 /mnt/lfs/sources/glibc-2.28/build/libc_pic.a(errno.os)
 .bss           0x0000000000000118        0x0 /mnt/lfs/sources/glibc-2.28/build/libc_pic.a(setjmp.os)
 .bss           0x0000000000000118        0x0 /mnt/lfs/sources/glibc-2.28/build/libc_pic.a(__longjmp.os)
 .bss           0x0000000000000118        0x0 /mnt/lfs/sources/glibc-2.28/build/libc_pic.a(scratch_buffer_set_array_size.os)
 .bss           0x0000000000000118        0x0 /mnt/lfs/sources/glibc-2.28/build/libc_pic.a(strchr.os)
 .bss           0x0000000000000118        0x0 /mnt/lfs/sources/glibc-2.28/build/libc_pic.a(strcmp.os)
 .bss           0x0000000000000118        0x0 /mnt/lfs/sources/glibc-2.28/build/libc_pic.a(strcspn.os)
 .bss           0x0000000000000118        0x0 /mnt/lfs/sources/glibc-2.28/build/libc_pic.a(strdup.os)
 .bss           0x0000000000000118        0x0 /mnt/lfs/sources/glibc-2.28/build/libc_pic.a(strlen.os)
 .bss           0x0000000000000118        0x0 /mnt/lfs/sources/glibc-2.28/build/libc_pic.a(strnlen.os)
 .bss           0x0000000000000118        0x0 /mnt/lfs/sources/glibc-2.28/build/libc_pic.a(strncmp.os)
 .bss           0x0000000000000118        0x0 /mnt/lfs/sources/glibc-2.28/build/libc_pic.a(memchr.os)
 .bss           0x0000000000000118        0x0 /mnt/lfs/sources/glibc-2.28/build/libc_pic.a(memcmp.os)
 .bss           0x0000000000000118        0x0 /mnt/lfs/sources/glibc-2.28/build/libc_pic.a(memmove.os)
 .bss           0x0000000000000118        0x0 /mnt/lfs/sources/glibc-2.28/build/libc_pic.a(memset.os)
 .bss           0x0000000000000118        0x0 /mnt/lfs/sources/glibc-2.28/build/libc_pic.a(mempcpy.os)
 .bss           0x0000000000000118        0x0 /mnt/lfs/sources/glibc-2.28/build/libc_pic.a(stpcpy.os)
 .bss           0x0000000000000118        0x0 /mnt/lfs/sources/glibc-2.28/build/libc_pic.a(memcpy.os)
 .bss           0x0000000000000118        0x0 /mnt/lfs/sources/glibc-2.28/build/libc_pic.a(rawmemchr.os)
 .bss           0x0000000000000118        0x0 /mnt/lfs/sources/glibc-2.28/build/libc_pic.a(strcmp-sse2.os)
 .bss           0x0000000000000118        0x0 /mnt/lfs/sources/glibc-2.28/build/libc_pic.a(strcmp-sse2-unaligned.os)
 .bss           0x0000000000000118        0x0 /mnt/lfs/sources/glibc-2.28/build/libc_pic.a(strcmp-ssse3.os)
 .bss           0x0000000000000118        0x0 /mnt/lfs/sources/glibc-2.28/build/libc_pic.a(strcmp-avx2.os)
 .bss           0x0000000000000118        0x0 /mnt/lfs/sources/glibc-2.28/build/libc_pic.a(strncmp-sse2.os)
 .bss           0x0000000000000118        0x0 /mnt/lfs/sources/glibc-2.28/build/libc_pic.a(strncmp-ssse3.os)
 .bss           0x0000000000000118        0x0 /mnt/lfs/sources/glibc-2.28/build/libc_pic.a(strncmp-sse4_2.os)
 .bss           0x0000000000000118        0x0 /mnt/lfs/sources/glibc-2.28/build/libc_pic.a(strncmp-avx2.os)
 .bss           0x0000000000000118        0x0 /mnt/lfs/sources/glibc-2.28/build/libc_pic.a(memchr-sse2.os)
 .bss           0x0000000000000118        0x0 /mnt/lfs/sources/glibc-2.28/build/libc_pic.a(rawmemchr-sse2.os)
 .bss           0x0000000000000118        0x0 /mnt/lfs/sources/glibc-2.28/build/libc_pic.a(memchr-avx2.os)
 .bss           0x0000000000000118        0x0 /mnt/lfs/sources/glibc-2.28/build/libc_pic.a(rawmemchr-avx2.os)
 .bss           0x0000000000000118        0x0 /mnt/lfs/sources/glibc-2.28/build/libc_pic.a(memcmp-sse2.os)
 .bss           0x0000000000000118        0x0 /mnt/lfs/sources/glibc-2.28/build/libc_pic.a(memcmp-avx2-movbe.os)
 .bss           0x0000000000000118        0x0 /mnt/lfs/sources/glibc-2.28/build/libc_pic.a(memcmp-sse4.os)
 .bss           0x0000000000000118        0x0 /mnt/lfs/sources/glibc-2.28/build/libc_pic.a(memcpy-ssse3.os)
 .bss           0x0000000000000118        0x0 /mnt/lfs/sources/glibc-2.28/build/libc_pic.a(memmove-ssse3.os)
 .bss           0x0000000000000118        0x0 /mnt/lfs/sources/glibc-2.28/build/libc_pic.a(memcpy-ssse3-back.os)
 .bss           0x0000000000000118        0x0 /mnt/lfs/sources/glibc-2.28/build/libc_pic.a(memmove-ssse3-back.os)
 .bss           0x0000000000000118        0x0 /mnt/lfs/sources/glibc-2.28/build/libc_pic.a(memmove-avx512-no-vzeroupper.os)
 .bss           0x0000000000000118        0x0 /mnt/lfs/sources/glibc-2.28/build/libc_pic.a(strchr-sse2.os)
 .bss           0x0000000000000118        0x0 /mnt/lfs/sources/glibc-2.28/build/libc_pic.a(strchr-avx2.os)
 .bss           0x0000000000000118        0x0 /mnt/lfs/sources/glibc-2.28/build/libc_pic.a(strlen-sse2.os)
 .bss           0x0000000000000118        0x0 /mnt/lfs/sources/glibc-2.28/build/libc_pic.a(strnlen-sse2.os)
 .bss           0x0000000000000118        0x0 /mnt/lfs/sources/glibc-2.28/build/libc_pic.a(strlen-avx2.os)
 .bss           0x0000000000000118        0x0 /mnt/lfs/sources/glibc-2.28/build/libc_pic.a(strnlen-avx2.os)
 .bss           0x0000000000000118        0x0 /mnt/lfs/sources/glibc-2.28/build/libc_pic.a(stpcpy-sse2.os)
 .bss           0x0000000000000118        0x0 /mnt/lfs/sources/glibc-2.28/build/libc_pic.a(stpcpy-ssse3.os)
 .bss           0x0000000000000118        0x0 /mnt/lfs/sources/glibc-2.28/build/libc_pic.a(stpcpy-sse2-unaligned.os)
 .bss           0x0000000000000118        0x0 /mnt/lfs/sources/glibc-2.28/build/libc_pic.a(strchr-sse2-no-bsf.os)
 .bss           0x0000000000000118        0x0 /mnt/lfs/sources/glibc-2.28/build/libc_pic.a(memcmp-ssse3.os)
 .bss           0x0000000000000118        0x0 /mnt/lfs/sources/glibc-2.28/build/libc_pic.a(strcspn-sse2.os)
 .bss           0x0000000000000118        0x0 /mnt/lfs/sources/glibc-2.28/build/libc_pic.a(strcspn-c.os)
 .bss           0x0000000000000118        0x0 /mnt/lfs/sources/glibc-2.28/build/libc_pic.a(varshift.os)
 .bss           0x0000000000000118        0x0 /mnt/lfs/sources/glibc-2.28/build/libc_pic.a(memset-avx512-no-vzeroupper.os)
 .bss           0x0000000000000118        0x0 /mnt/lfs/sources/glibc-2.28/build/libc_pic.a(memmove-sse2-unaligned-erms.os)
 .bss           0x0000000000000118        0x0 /mnt/lfs/sources/glibc-2.28/build/libc_pic.a(memmove-avx-unaligned-erms.os)
 .bss           0x0000000000000118        0x0 /mnt/lfs/sources/glibc-2.28/build/libc_pic.a(memmove-avx512-unaligned-erms.os)
 .bss           0x0000000000000118        0x0 /mnt/lfs/sources/glibc-2.28/build/libc_pic.a(memset-sse2-unaligned-erms.os)
 .bss           0x0000000000000118        0x0 /mnt/lfs/sources/glibc-2.28/build/libc_pic.a(memset-avx2-unaligned-erms.os)
 .bss           0x0000000000000118        0x0 /mnt/lfs/sources/glibc-2.28/build/libc_pic.a(memset-avx512-unaligned-erms.os)
 .bss           0x0000000000000118        0x0 /mnt/lfs/sources/glibc-2.28/build/libc_pic.a(cacheinfo.os)
 .bss           0x0000000000000118        0x0 /mnt/lfs/sources/glibc-2.28/build/libc_pic.a(closedir.os)
 .bss           0x0000000000000118        0x0 /mnt/lfs/sources/glibc-2.28/build/libc_pic.a(rewinddir.os)
 .bss           0x0000000000000118        0x0 /mnt/lfs/sources/glibc-2.28/build/libc_pic.a(readdir64.os)
 .bss           0x0000000000000118        0x0 /mnt/lfs/sources/glibc-2.28/build/libc_pic.a(fdopendir.os)
 .bss           0x0000000000000118        0x0 /mnt/lfs/sources/glibc-2.28/build/libc_pic.a(uname.os)
 .bss           0x0000000000000118        0x0 /mnt/lfs/sources/glibc-2.28/build/libc_pic.a(_exit.os)
 .bss           0x0000000000000118        0x0 /mnt/lfs/sources/glibc-2.28/build/libc_pic.a(getpid.os)
 .bss           0x0000000000000118        0x8 /mnt/lfs/sources/glibc-2.28/build/libc_pic.a(environ.os)
                0x0000000000000118                _environ
                0x0000000000000118                __environ
                0x0000000000000118                environ
 .bss           0x0000000000000120        0x0 /mnt/lfs/sources/glibc-2.28/build/libc_pic.a(xstat.os)
 .bss           0x0000000000000120        0x0 /mnt/lfs/sources/glibc-2.28/build/libc_pic.a(fxstat.os)
 .bss           0x0000000000000120        0x0 /mnt/lfs/sources/glibc-2.28/build/libc_pic.a(lxstat.os)
 .bss           0x0000000000000120        0x0 /mnt/lfs/sources/glibc-2.28/build/libc_pic.a(lseek64.os)
 .bss           0x0000000000000120        0x0 /mnt/lfs/sources/glibc-2.28/build/libc_pic.a(access.os)
 .bss           0x0000000000000120        0x0 /mnt/lfs/sources/glibc-2.28/build/libc_pic.a(close_nocancel.os)
 .bss           0x0000000000000120        0x0 /mnt/lfs/sources/glibc-2.28/build/libc_pic.a(fcntl_nocancel.os)
 .bss           0x0000000000000120        0x0 /mnt/lfs/sources/glibc-2.28/build/libc_pic.a(open64_nocancel.os)
 .bss           0x0000000000000120        0x0 /mnt/lfs/sources/glibc-2.28/build/libc_pic.a(openat64_nocancel.os)
 .bss           0x0000000000000120        0x0 /mnt/lfs/sources/glibc-2.28/build/libc_pic.a(read_nocancel.os)
 .bss           0x0000000000000120        0x0 /mnt/lfs/sources/glibc-2.28/build/libc_pic.a(write_nocancel.os)
 .bss           0x0000000000000120        0x0 /mnt/lfs/sources/glibc-2.28/build/libc_pic.a(mmap64.os)
 .bss           0x0000000000000120        0x0 /mnt/lfs/sources/glibc-2.28/build/libc_pic.a(munmap.os)
 .bss           0x0000000000000120        0x0 /mnt/lfs/sources/glibc-2.28/build/libc_pic.a(mprotect.os)
 .bss           0x0000000000000120       0xe0 /mnt/lfs/sources/glibc-2.28/build/libc_pic.a(profil.os)
 .bss           0x0000000000000200        0x0 /mnt/lfs/sources/glibc-2.28/build/libc_pic.a(prof-freq.os)
 .bss           0x0000000000000200        0x0 /mnt/lfs/sources/glibc-2.28/build/libc_pic.a(libc-lowlevellock.os)
 .bss           0x0000000000000200        0x0 /mnt/lfs/sources/glibc-2.28/build/libc_pic.a(libc_multiple_threads.os)
 .bss           0x0000000000000200        0x0 /mnt/lfs/sources/glibc-2.28/build/libc_pic.a(dl-addr-obj.os)
 .bss           0x0000000000000200        0x0 /mnt/lfs/sources/glibc-2.28/build/libc_pic.a(sigaction.os)
 .bss           0x0000000000000200        0x0 /mnt/lfs/sources/glibc-2.28/build/libc_pic.a(setitimer.os)
 .bss           0x0000000000000200        0x0 /mnt/lfs/sources/glibc-2.28/build/libc_pic.a(getdents64.os)
 *(COMMON)
 COMMON         0x0000000000000200        0x0 /mnt/lfs/sources/glibc-2.28/build/elf/dl-allobjs.os
 COMMON         0x0000000000000200        0x0 /mnt/lfs/sources/glibc-2.28/build/libc_pic.a(cacheinfo.os)
 COMMON         0x0000000000000200        0x0 /mnt/lfs/sources/glibc-2.28/build/libc_pic.a(libc_multiple_threads.os)

.lbss
 *(.dynlbss)
 *(.lbss)
 *(LARGE_COMMON)

.lrodata
 *(.lrodata)

.ldata
 *(.ldata)

.stab
 *(.stab)

.stabstr
 *(.stabstr)

.stab.excl
 *(.stab.excl)

.stab.exclstr
 *(.stab.exclstr)

.stab.index
 *(.stab.index)

.stab.indexstr
 *(.stab.indexstr)

.comment        0x0000000000000000      0x5c4
 *(.comment)
 .comment       0x0000000000000000      0x29a /mnt/lfs/sources/glibc-2.28/build/elf/dl-allobjs.os
 .comment       0x000000000000029a       0x12 /mnt/lfs/sources/glibc-2.28/build/libc_pic.a(check_fds.os)
 .comment       0x00000000000002ac       0x12 /mnt/lfs/sources/glibc-2.28/build/libc_pic.a(errno.os)
 .comment       0x00000000000002be       0x12 /mnt/lfs/sources/glibc-2.28/build/libc_pic.a(scratch_buffer_set_array_size.os)
 .comment       0x00000000000002d0       0x12 /mnt/lfs/sources/glibc-2.28/build/libc_pic.a(strchr.os)
 .comment       0x00000000000002e2       0x12 /mnt/lfs/sources/glibc-2.28/build/libc_pic.a(strcmp.os)
 .comment       0x00000000000002f4       0x12 /mnt/lfs/sources/glibc-2.28/build/libc_pic.a(strcspn.os)
 .comment       0x0000000000000306       0x12 /mnt/lfs/sources/glibc-2.28/build/libc_pic.a(strdup.os)
 .comment       0x0000000000000318       0x12 /mnt/lfs/sources/glibc-2.28/build/libc_pic.a(strlen.os)
 .comment       0x000000000000032a       0x12 /mnt/lfs/sources/glibc-2.28/build/libc_pic.a(strnlen.os)
 .comment       0x000000000000033c       0x12 /mnt/lfs/sources/glibc-2.28/build/libc_pic.a(strncmp.os)
 .comment       0x000000000000034e       0x12 /mnt/lfs/sources/glibc-2.28/build/libc_pic.a(memchr.os)
 .comment       0x0000000000000360       0x12 /mnt/lfs/sources/glibc-2.28/build/libc_pic.a(memcmp.os)
 .comment       0x0000000000000372       0x12 /mnt/lfs/sources/glibc-2.28/build/libc_pic.a(memmove.os)
 .comment       0x0000000000000384       0x12 /mnt/lfs/sources/glibc-2.28/build/libc_pic.a(memset.os)
 .comment       0x0000000000000396       0x12 /mnt/lfs/sources/glibc-2.28/build/libc_pic.a(mempcpy.os)
 .comment       0x00000000000003a8       0x12 /mnt/lfs/sources/glibc-2.28/build/libc_pic.a(stpcpy.os)
 .comment       0x00000000000003ba       0x12 /mnt/lfs/sources/glibc-2.28/build/libc_pic.a(memcpy.os)
 .comment       0x00000000000003cc       0x12 /mnt/lfs/sources/glibc-2.28/build/libc_pic.a(rawmemchr.os)
 .comment       0x00000000000003de       0x12 /mnt/lfs/sources/glibc-2.28/build/libc_pic.a(strcspn-c.os)
 .comment       0x00000000000003f0       0x12 /mnt/lfs/sources/glibc-2.28/build/libc_pic.a(varshift.os)
 .comment       0x0000000000000402       0x12 /mnt/lfs/sources/glibc-2.28/build/libc_pic.a(cacheinfo.os)
 .comment       0x0000000000000414       0x12 /mnt/lfs/sources/glibc-2.28/build/libc_pic.a(closedir.os)
 .comment       0x0000000000000426       0x12 /mnt/lfs/sources/glibc-2.28/build/libc_pic.a(rewinddir.os)
 .comment       0x0000000000000438       0x12 /mnt/lfs/sources/glibc-2.28/build/libc_pic.a(readdir64.os)
 .comment       0x000000000000044a       0x12 /mnt/lfs/sources/glibc-2.28/build/libc_pic.a(fdopendir.os)
 .comment       0x000000000000045c       0x12 /mnt/lfs/sources/glibc-2.28/build/libc_pic.a(_exit.os)
 .comment       0x000000000000046e       0x12 /mnt/lfs/sources/glibc-2.28/build/libc_pic.a(environ.os)
 .comment       0x0000000000000480       0x12 /mnt/lfs/sources/glibc-2.28/build/libc_pic.a(xstat.os)
 .comment       0x0000000000000492       0x12 /mnt/lfs/sources/glibc-2.28/build/libc_pic.a(fxstat.os)
 .comment       0x00000000000004a4       0x12 /mnt/lfs/sources/glibc-2.28/build/libc_pic.a(lxstat.os)
 .comment       0x00000000000004b6       0x12 /mnt/lfs/sources/glibc-2.28/build/libc_pic.a(lseek64.os)
 .comment       0x00000000000004c8       0x12 /mnt/lfs/sources/glibc-2.28/build/libc_pic.a(access.os)
 .comment       0x00000000000004da       0x12 /mnt/lfs/sources/glibc-2.28/build/libc_pic.a(close_nocancel.os)
 .comment       0x00000000000004ec       0x12 /mnt/lfs/sources/glibc-2.28/build/libc_pic.a(fcntl_nocancel.os)
 .comment       0x00000000000004fe       0x12 /mnt/lfs/sources/glibc-2.28/build/libc_pic.a(open64_nocancel.os)
 .comment       0x0000000000000510       0x12 /mnt/lfs/sources/glibc-2.28/build/libc_pic.a(openat64_nocancel.os)
 .comment       0x0000000000000522       0x12 /mnt/lfs/sources/glibc-2.28/build/libc_pic.a(read_nocancel.os)
 .comment       0x0000000000000534       0x12 /mnt/lfs/sources/glibc-2.28/build/libc_pic.a(write_nocancel.os)
 .comment       0x0000000000000546       0x12 /mnt/lfs/sources/glibc-2.28/build/libc_pic.a(mmap64.os)
 .comment       0x0000000000000558       0x12 /mnt/lfs/sources/glibc-2.28/build/libc_pic.a(profil.os)
 .comment       0x000000000000056a       0x12 /mnt/lfs/sources/glibc-2.28/build/libc_pic.a(prof-freq.os)
 .comment       0x000000000000057c       0x12 /mnt/lfs/sources/glibc-2.28/build/libc_pic.a(libc_multiple_threads.os)
 .comment       0x000000000000058e       0x12 /mnt/lfs/sources/glibc-2.28/build/libc_pic.a(dl-addr-obj.os)
 .comment       0x00000000000005a0       0x12 /mnt/lfs/sources/glibc-2.28/build/libc_pic.a(sigaction.os)
 .comment       0x00000000000005b2       0x12 /mnt/lfs/sources/glibc-2.28/build/libc_pic.a(getdents64.os)

.note.GNU-stack
                0x0000000000000000        0x0
 .note.GNU-stack
                0x0000000000000000        0x0 /mnt/lfs/sources/glibc-2.28/build/elf/dl-allobjs.os
 .note.GNU-stack
                0x0000000000000000        0x0 /mnt/lfs/sources/glibc-2.28/build/libc_pic.a(check_fds.os)
 .note.GNU-stack
                0x0000000000000000        0x0 /mnt/lfs/sources/glibc-2.28/build/libc_pic.a(errno.os)
 .note.GNU-stack
                0x0000000000000000        0x0 /mnt/lfs/sources/glibc-2.28/build/libc_pic.a(setjmp.os)
 .note.GNU-stack
                0x0000000000000000        0x0 /mnt/lfs/sources/glibc-2.28/build/libc_pic.a(__longjmp.os)
 .note.GNU-stack
                0x0000000000000000        0x0 /mnt/lfs/sources/glibc-2.28/build/libc_pic.a(scratch_buffer_set_array_size.os)
 .note.GNU-stack
                0x0000000000000000        0x0 /mnt/lfs/sources/glibc-2.28/build/libc_pic.a(strchr.os)
 .note.GNU-stack
                0x0000000000000000        0x0 /mnt/lfs/sources/glibc-2.28/build/libc_pic.a(strcmp.os)
 .note.GNU-stack
                0x0000000000000000        0x0 /mnt/lfs/sources/glibc-2.28/build/libc_pic.a(strcspn.os)
 .note.GNU-stack
                0x0000000000000000        0x0 /mnt/lfs/sources/glibc-2.28/build/libc_pic.a(strdup.os)
 .note.GNU-stack
                0x0000000000000000        0x0 /mnt/lfs/sources/glibc-2.28/build/libc_pic.a(strlen.os)
 .note.GNU-stack
                0x0000000000000000        0x0 /mnt/lfs/sources/glibc-2.28/build/libc_pic.a(strnlen.os)
 .note.GNU-stack
                0x0000000000000000        0x0 /mnt/lfs/sources/glibc-2.28/build/libc_pic.a(strncmp.os)
 .note.GNU-stack
                0x0000000000000000        0x0 /mnt/lfs/sources/glibc-2.28/build/libc_pic.a(memchr.os)
 .note.GNU-stack
                0x0000000000000000        0x0 /mnt/lfs/sources/glibc-2.28/build/libc_pic.a(memcmp.os)
 .note.GNU-stack
                0x0000000000000000        0x0 /mnt/lfs/sources/glibc-2.28/build/libc_pic.a(memmove.os)
 .note.GNU-stack
                0x0000000000000000        0x0 /mnt/lfs/sources/glibc-2.28/build/libc_pic.a(memset.os)
 .note.GNU-stack
                0x0000000000000000        0x0 /mnt/lfs/sources/glibc-2.28/build/libc_pic.a(mempcpy.os)
 .note.GNU-stack
                0x0000000000000000        0x0 /mnt/lfs/sources/glibc-2.28/build/libc_pic.a(stpcpy.os)
 .note.GNU-stack
                0x0000000000000000        0x0 /mnt/lfs/sources/glibc-2.28/build/libc_pic.a(memcpy.os)
 .note.GNU-stack
                0x0000000000000000        0x0 /mnt/lfs/sources/glibc-2.28/build/libc_pic.a(rawmemchr.os)
 .note.GNU-stack
                0x0000000000000000        0x0 /mnt/lfs/sources/glibc-2.28/build/libc_pic.a(strcmp-sse2.os)
 .note.GNU-stack
                0x0000000000000000        0x0 /mnt/lfs/sources/glibc-2.28/build/libc_pic.a(strcmp-sse2-unaligned.os)
 .note.GNU-stack
                0x0000000000000000        0x0 /mnt/lfs/sources/glibc-2.28/build/libc_pic.a(strcmp-ssse3.os)
 .note.GNU-stack
                0x0000000000000000        0x0 /mnt/lfs/sources/glibc-2.28/build/libc_pic.a(strcmp-avx2.os)
 .note.GNU-stack
                0x0000000000000000        0x0 /mnt/lfs/sources/glibc-2.28/build/libc_pic.a(strncmp-sse2.os)
 .note.GNU-stack
                0x0000000000000000        0x0 /mnt/lfs/sources/glibc-2.28/build/libc_pic.a(strncmp-ssse3.os)
 .note.GNU-stack
                0x0000000000000000        0x0 /mnt/lfs/sources/glibc-2.28/build/libc_pic.a(strncmp-sse4_2.os)
 .note.GNU-stack
                0x0000000000000000        0x0 /mnt/lfs/sources/glibc-2.28/build/libc_pic.a(strncmp-avx2.os)
 .note.GNU-stack
                0x0000000000000000        0x0 /mnt/lfs/sources/glibc-2.28/build/libc_pic.a(memchr-sse2.os)
 .note.GNU-stack
                0x0000000000000000        0x0 /mnt/lfs/sources/glibc-2.28/build/libc_pic.a(rawmemchr-sse2.os)
 .note.GNU-stack
                0x0000000000000000        0x0 /mnt/lfs/sources/glibc-2.28/build/libc_pic.a(memchr-avx2.os)
 .note.GNU-stack
                0x0000000000000000        0x0 /mnt/lfs/sources/glibc-2.28/build/libc_pic.a(rawmemchr-avx2.os)
 .note.GNU-stack
                0x0000000000000000        0x0 /mnt/lfs/sources/glibc-2.28/build/libc_pic.a(memcmp-sse2.os)
 .note.GNU-stack
                0x0000000000000000        0x0 /mnt/lfs/sources/glibc-2.28/build/libc_pic.a(memcmp-avx2-movbe.os)
 .note.GNU-stack
                0x0000000000000000        0x0 /mnt/lfs/sources/glibc-2.28/build/libc_pic.a(memcmp-sse4.os)
 .note.GNU-stack
                0x0000000000000000        0x0 /mnt/lfs/sources/glibc-2.28/build/libc_pic.a(memcpy-ssse3.os)
 .note.GNU-stack
                0x0000000000000000        0x0 /mnt/lfs/sources/glibc-2.28/build/libc_pic.a(memmove-ssse3.os)
 .note.GNU-stack
                0x0000000000000000        0x0 /mnt/lfs/sources/glibc-2.28/build/libc_pic.a(memcpy-ssse3-back.os)
 .note.GNU-stack
                0x0000000000000000        0x0 /mnt/lfs/sources/glibc-2.28/build/libc_pic.a(memmove-ssse3-back.os)
 .note.GNU-stack
                0x0000000000000000        0x0 /mnt/lfs/sources/glibc-2.28/build/libc_pic.a(memmove-avx512-no-vzeroupper.os)
 .note.GNU-stack
                0x0000000000000000        0x0 /mnt/lfs/sources/glibc-2.28/build/libc_pic.a(strchr-sse2.os)
 .note.GNU-stack
                0x0000000000000000        0x0 /mnt/lfs/sources/glibc-2.28/build/libc_pic.a(strchr-avx2.os)
 .note.GNU-stack
                0x0000000000000000        0x0 /mnt/lfs/sources/glibc-2.28/build/libc_pic.a(strlen-sse2.os)
 .note.GNU-stack
                0x0000000000000000        0x0 /mnt/lfs/sources/glibc-2.28/build/libc_pic.a(strnlen-sse2.os)
 .note.GNU-stack
                0x0000000000000000        0x0 /mnt/lfs/sources/glibc-2.28/build/libc_pic.a(strlen-avx2.os)
 .note.GNU-stack
                0x0000000000000000        0x0 /mnt/lfs/sources/glibc-2.28/build/libc_pic.a(strnlen-avx2.os)
 .note.GNU-stack
                0x0000000000000000        0x0 /mnt/lfs/sources/glibc-2.28/build/libc_pic.a(stpcpy-sse2.os)
 .note.GNU-stack
                0x0000000000000000        0x0 /mnt/lfs/sources/glibc-2.28/build/libc_pic.a(stpcpy-ssse3.os)
 .note.GNU-stack
                0x0000000000000000        0x0 /mnt/lfs/sources/glibc-2.28/build/libc_pic.a(stpcpy-sse2-unaligned.os)
 .note.GNU-stack
                0x0000000000000000        0x0 /mnt/lfs/sources/glibc-2.28/build/libc_pic.a(strchr-sse2-no-bsf.os)
 .note.GNU-stack
                0x0000000000000000        0x0 /mnt/lfs/sources/glibc-2.28/build/libc_pic.a(memcmp-ssse3.os)
 .note.GNU-stack
                0x0000000000000000        0x0 /mnt/lfs/sources/glibc-2.28/build/libc_pic.a(strcspn-sse2.os)
 .note.GNU-stack