Archive member included to satisfy reference by file (symbol)

/mnt/lfs/sources/glibc-2.28/build/elf/rtld-libc.a(rtld-check_fds.os)
                              /mnt/lfs/sources/glibc-2.28/build/elf/dl-allobjs.os (__libc_check_standard_fds)
/mnt/lfs/sources/glibc-2.28/build/elf/rtld-libc.a(rtld-errno.os)
                              /mnt/lfs/sources/glibc-2.28/build/elf/dl-allobjs.os (rtld_errno)
/mnt/lfs/sources/glibc-2.28/build/elf/rtld-libc.a(rtld-closedir.os)
                              /mnt/lfs/sources/glibc-2.28/build/elf/dl-allobjs.os (__closedir)
/mnt/lfs/sources/glibc-2.28/build/elf/rtld-libc.a(rtld-rewinddir.os)
                              /mnt/lfs/sources/glibc-2.28/build/elf/dl-allobjs.os (__rewinddir)
/mnt/lfs/sources/glibc-2.28/build/elf/rtld-libc.a(rtld-readdir64.os)
                              /mnt/lfs/sources/glibc-2.28/build/elf/dl-allobjs.os (__readdir)
/mnt/lfs/sources/glibc-2.28/build/elf/rtld-libc.a(rtld-fdopendir.os)
                              /mnt/lfs/sources/glibc-2.28/build/elf/dl-allobjs.os (__fdopendir)
/mnt/lfs/sources/glibc-2.28/build/elf/rtld-libc.a(rtld-getdents64.os)
                              /mnt/lfs/sources/glibc-2.28/build/elf/rtld-libc.a(rtld-readdir64.os) (__getdents64)
/mnt/lfs/sources/glibc-2.28/build/elf/rtld-libc.a(rtld-dl-addr-obj.os)
                              /mnt/lfs/sources/glibc-2.28/build/elf/dl-allobjs.os (_dl_addr_inside_object)
/mnt/lfs/sources/glibc-2.28/build/elf/rtld-libc.a(rtld-profil.os)
                              /mnt/lfs/sources/glibc-2.28/build/elf/dl-allobjs.os (__profil)
/mnt/lfs/sources/glibc-2.28/build/elf/rtld-libc.a(rtld-prof-freq.os)
                              /mnt/lfs/sources/glibc-2.28/build/elf/dl-allobjs.os (__profile_frequency)
/mnt/lfs/sources/glibc-2.28/build/elf/rtld-libc.a(rtld-xstat.os)
                              /mnt/lfs/sources/glibc-2.28/build/elf/dl-allobjs.os (__GI___xstat64)
/mnt/lfs/sources/glibc-2.28/build/elf/rtld-libc.a(rtld-fxstat.os)
                              /mnt/lfs/sources/glibc-2.28/build/elf/dl-allobjs.os (__GI___fxstat64)
/mnt/lfs/sources/glibc-2.28/build/elf/rtld-libc.a(rtld-lxstat.os)
                              /mnt/lfs/sources/glibc-2.28/build/elf/dl-allobjs.os (__GI___lxstat64)
/mnt/lfs/sources/glibc-2.28/build/elf/rtld-libc.a(rtld-lseek64.os)
                              /mnt/lfs/sources/glibc-2.28/build/elf/dl-allobjs.os (__lseek)
/mnt/lfs/sources/glibc-2.28/build/elf/rtld-libc.a(rtld-access.os)
                              /mnt/lfs/sources/glibc-2.28/build/elf/dl-allobjs.os (__access)
/mnt/lfs/sources/glibc-2.28/build/elf/rtld-libc.a(rtld-close_nocancel.os)
                              /mnt/lfs/sources/glibc-2.28/build/elf/dl-allobjs.os (__GI___close_nocancel)
/mnt/lfs/sources/glibc-2.28/build/elf/rtld-libc.a(rtld-fcntl_nocancel.os)
                              /mnt/lfs/sources/glibc-2.28/build/elf/dl-allobjs.os (__GI___fcntl64_nocancel)
/mnt/lfs/sources/glibc-2.28/build/elf/rtld-libc.a(rtld-open64_nocancel.os)
                              /mnt/lfs/sources/glibc-2.28/build/elf/dl-allobjs.os (__GI___open64_nocancel)
/mnt/lfs/sources/glibc-2.28/build/elf/rtld-libc.a(rtld-openat64_nocancel.os)
                              /mnt/lfs/sources/glibc-2.28/build/elf/dl-allobjs.os (__GI___openat64_nocancel)
/mnt/lfs/sources/glibc-2.28/build/elf/rtld-libc.a(rtld-read_nocancel.os)
                              /mnt/lfs/sources/glibc-2.28/build/elf/dl-allobjs.os (__GI___read_nocancel)
/mnt/lfs/sources/glibc-2.28/build/elf/rtld-libc.a(rtld-write_nocancel.os)
                              /mnt/lfs/sources/glibc-2.28/build/elf/dl-allobjs.os (__GI___write_nocancel)
/mnt/lfs/sources/glibc-2.28/build/elf/rtld-libc.a(rtld-scratch_buffer_set_array_size.os)
                              /mnt/lfs/sources/glibc-2.28/build/elf/dl-allobjs.os (__libc_scratch_buffer_set_array_size)
/mnt/lfs/sources/glibc-2.28/build/elf/rtld-libc.a(rtld-mmap64.os)
                              /mnt/lfs/sources/glibc-2.28/build/elf/dl-allobjs.os (__mmap)
/mnt/lfs/sources/glibc-2.28/build/elf/rtld-libc.a(rtld-munmap.os)
                              /mnt/lfs/sources/glibc-2.28/build/elf/dl-allobjs.os (__munmap)
/mnt/lfs/sources/glibc-2.28/build/elf/rtld-libc.a(rtld-mprotect.os)
                              /mnt/lfs/sources/glibc-2.28/build/elf/dl-allobjs.os (__mprotect)
/mnt/lfs/sources/glibc-2.28/build/elf/rtld-libc.a(rtld-uname.os)
                              /mnt/lfs/sources/glibc-2.28/build/elf/dl-allobjs.os (__uname)
/mnt/lfs/sources/glibc-2.28/build/elf/rtld-libc.a(rtld-_exit.os)
                              /mnt/lfs/sources/glibc-2.28/build/elf/dl-allobjs.os (__GI__exit)
/mnt/lfs/sources/glibc-2.28/build/elf/rtld-libc.a(rtld-getpid.os)
                              /mnt/lfs/sources/glibc-2.28/build/elf/dl-allobjs.os (__getpid)
/mnt/lfs/sources/glibc-2.28/build/elf/rtld-libc.a(rtld-environ.os)
                              /mnt/lfs/sources/glibc-2.28/build/elf/dl-allobjs.os (__environ)
/mnt/lfs/sources/glibc-2.28/build/elf/rtld-libc.a(rtld-setjmp.os)
                              /mnt/lfs/sources/glibc-2.28/build/elf/dl-allobjs.os (__sigsetjmp)
/mnt/lfs/sources/glibc-2.28/build/elf/rtld-libc.a(rtld-__longjmp.os)
                              /mnt/lfs/sources/glibc-2.28/build/elf/dl-allobjs.os (__longjmp)
/mnt/lfs/sources/glibc-2.28/build/elf/rtld-libc.a(rtld-sigaction.os)
                              /mnt/lfs/sources/glibc-2.28/build/elf/rtld-libc.a(rtld-profil.os) (__sigaction)
/mnt/lfs/sources/glibc-2.28/build/elf/rtld-libc.a(rtld-strdup.os)
                              /mnt/lfs/sources/glibc-2.28/build/elf/dl-allobjs.os (__strdup)
/mnt/lfs/sources/glibc-2.28/build/elf/rtld-libc.a(rtld-strcmp-sse2.os)
                              /mnt/lfs/sources/glibc-2.28/build/elf/dl-allobjs.os (strcmp)
/mnt/lfs/sources/glibc-2.28/build/elf/rtld-libc.a(rtld-strncmp-sse2.os)
                              /mnt/lfs/sources/glibc-2.28/build/elf/dl-allobjs.os (strncmp)
/mnt/lfs/sources/glibc-2.28/build/elf/rtld-libc.a(rtld-memchr-sse2.os)
                              /mnt/lfs/sources/glibc-2.28/build/elf/dl-allobjs.os (memchr)
/mnt/lfs/sources/glibc-2.28/build/elf/rtld-libc.a(rtld-rawmemchr-sse2.os)
                              /mnt/lfs/sources/glibc-2.28/build/elf/dl-allobjs.os (rawmemchr)
/mnt/lfs/sources/glibc-2.28/build/elf/rtld-libc.a(rtld-memcmp-sse2.os)
                              /mnt/lfs/sources/glibc-2.28/build/elf/dl-allobjs.os (memcmp)
/mnt/lfs/sources/glibc-2.28/build/elf/rtld-libc.a(rtld-strchr-sse2.os)
                              /mnt/lfs/sources/glibc-2.28/build/elf/dl-allobjs.os (strchr)
/mnt/lfs/sources/glibc-2.28/build/elf/rtld-libc.a(rtld-strlen-sse2.os)
                              /mnt/lfs/sources/glibc-2.28/build/elf/dl-allobjs.os (strlen)
/mnt/lfs/sources/glibc-2.28/build/elf/rtld-libc.a(rtld-strnlen-sse2.os)
                              /mnt/lfs/sources/glibc-2.28/build/elf/dl-allobjs.os (strnlen)
/mnt/lfs/sources/glibc-2.28/build/elf/rtld-libc.a(rtld-stpcpy-sse2.os)
                              /mnt/lfs/sources/glibc-2.28/build/elf/dl-allobjs.os (__stpcpy)
/mnt/lfs/sources/glibc-2.28/build/elf/rtld-libc.a(rtld-strcspn-sse2.os)
                              /mnt/lfs/sources/glibc-2.28/build/elf/dl-allobjs.os (strcspn)
/mnt/lfs/sources/glibc-2.28/build/elf/rtld-libc.a(rtld-memmove-sse2-unaligned-erms.os)
                              /mnt/lfs/sources/glibc-2.28/build/elf/dl-allobjs.os (__mempcpy)
/mnt/lfs/sources/glibc-2.28/build/elf/rtld-libc.a(rtld-memset-sse2-unaligned-erms.os)
                              /mnt/lfs/sources/glibc-2.28/build/elf/dl-allobjs.os (memset)
/mnt/lfs/sources/glibc-2.28/build/elf/rtld-libc.a(rtld-setitimer.os)
                              /mnt/lfs/sources/glibc-2.28/build/elf/rtld-libc.a(rtld-profil.os) (__setitimer)

Memory Configuration

Name             Origin             Length             Attributes
*default*        0x0000000000000000 0xffffffffffffffff

Linker script and memory map

START GROUP
LOAD /mnt/lfs/sources/glibc-2.28/build/elf/dl-allobjs.os
LOAD /mnt/lfs/sources/glibc-2.28/build/elf/rtld-libc.a
LOAD /mnt/lfs/tools/bin/../lib/gcc/x86_64-lfs-linux-gnu/8.2.0/libgcc.a
END GROUP

.interp
 *(.interp)

.note.gnu.build-id
 *(.note.gnu.build-id)

.hash
 *(.hash)

.gnu.hash
 *(.gnu.hash)

.dynsym
 *(.dynsym)

.dynstr
 *(.dynstr)

.gnu.version
 *(.gnu.version)

.gnu.version_d
 *(.gnu.version_d)

.gnu.version_r
 *(.gnu.version_r)

.rela.init
 *(.rela.init)

.rela.text
 *(.rela.text)

.rela.fini
 *(.rela.fini)

.rela.rodata
 *(.rela.rodata)

.rela.data.rel.ro
 *(.rela.data.rel.ro)

.rela.data
 *(.rela.data)

.rela.tdata
 *(.rela.tdata)

.rela.tbss
 *(.rela.tbss)

.rela.ctors
 *(.rela.ctors)

.rela.dtors
 *(.rela.dtors)

.rela.got
 *(.rela.got)

.rela.bss
 *(.rela.bss)

.rela.ldata
 *(.rela.ldata)

.rela.lbss
 *(.rela.lbss)

.rela.lrodata
 *(.rela.lrodata)

.rela.ifunc
 *(.rela.ifunc)

.rela.plt
 *(.rela.plt)

.init
 *(SORT_NONE(.init))

.plt
 *(.plt)
 *(.iplt)

.plt.got
 *(.plt.got)

.plt.sec
 *(.plt.sec)

.text           0x0000000000000000    0x1d8a0
 *(.text .stub)
 .text          0x0000000000000000    0x18ca0 /mnt/lfs/sources/glibc-2.28/build/elf/dl-allobjs.os
                0x0000000000000000                _start
                0x0000000000000008                _dl_start_user
                0x0000000000001410                handle_ld_preload
                0x0000000000006bf0                _dl_dst_count
                0x0000000000006c90                _dl_dst_substitute
                0x0000000000007460                _dl_init_paths
                0x0000000000007770                _dl_map_object
                0x0000000000008200                _dl_rtld_di_serinfo
                0x00000000000090a0                _dl_lookup_symbol_x
                0x0000000000009f60                _dl_setup_hash
                0x000000000000a010                _dl_add_to_namespace_list
                0x000000000000a0a0                _dl_new_object
                0x000000000000a410                _dl_try_allocate_static_tls
                0x000000000000a500                _dl_allocate_static_tls
                0x000000000000a530                _dl_nothread_init_static_tls
                0x000000000000a570                _dl_protect_relro
                0x000000000000a5e0                _dl_reloc_bad_type
                0x000000000000a6b0                _dl_relocate_object
                0x000000000000c120                _dl_map_object_deps
                0x000000000000d120                _dl_important_hwcaps
                0x000000000000d8a0                _dl_fixup
                0x000000000000da60                _dl_profile_fixup
                0x000000000000e050                _dl_call_pltexit
                0x000000000000e260                _dl_init
                0x000000000000e390                _dl_fini
                0x000000000000e750                _dl_debug_state
                0x000000000000e750                __GI__dl_debug_state
                0x000000000000e760                _dl_debug_initialize
                0x000000000000ee50                _dl_sysdep_read_whole_file
                0x000000000000eef0                _dl_debug_printf
                0x000000000000efa0                _dl_debug_printf_c
                0x000000000000f050                _dl_dprintf
                0x000000000000f0f0                _dl_name_match_p
                0x000000000000f160                _dl_higher_prime_number
                0x000000000000f1e0                _dl_strtoul
                0x000000000000f340                _dl_check_map_versions
                0x000000000000faa0                _dl_check_all_versions
                0x000000000000fb10                _dl_start_profile
                0x00000000000102c0                __GI__dl_mcount
                0x00000000000102c0                _dl_mcount
                0x0000000000010870                _dl_next_tls_modid
                0x0000000000010970                _dl_count_modids
                0x00000000000109e0                _dl_determine_tlsoffset
                0x0000000000010b90                _dl_get_tls_static_info
                0x0000000000010bb0                _dl_allocate_tls_storage
                0x0000000000010c70                __GI__dl_allocate_tls_init
                0x0000000000010c70                _dl_allocate_tls_init
                0x0000000000010ea0                __GI__dl_allocate_tls
                0x0000000000010ea0                _dl_allocate_tls
                0x0000000000010ee0                _dl_deallocate_tls
                0x0000000000010ee0                __GI__dl_deallocate_tls
                0x0000000000010f60                _dl_update_slotinfo
                0x00000000000111b0                __GI___tls_get_addr
                0x00000000000111b0                ___tls_get_addr
                0x0000000000011200                _dl_tls_get_addr_soft
                0x0000000000011280                _dl_add_to_slotinfo
                0x0000000000011370                __tls_get_addr_slow
                0x00000000000113a0                _dl_get_origin
                0x0000000000011530                _dl_scope_free
                0x00000000000115f0                _dl_make_stack_executable
                0x00000000000115f0                __GI__dl_make_stack_executable
                0x0000000000011860                __GI__dl_find_dso_for_object
                0x0000000000011860                _dl_find_dso_for_object
                0x0000000000011930                _dl_open
                0x0000000000011c40                _dl_show_scope
                0x0000000000012630                _dl_close_worker
                0x0000000000013610                _dl_close
                0x0000000000013680                _dl_runtime_profile_avx512
                0x0000000000013b00                _dl_runtime_profile_avx
                0x0000000000013f80                _dl_runtime_profile_sse
                0x0000000000014180                _dl_runtime_resolve_fxsave
                0x0000000000014200                _dl_runtime_resolve_xsave
                0x00000000000142d0                _dl_runtime_resolve_xsavec
                0x00000000000143c0                _dl_exception_create
                0x00000000000143c0                __GI__dl_exception_create
                0x00000000000144c0                __GI__dl_exception_create_format
                0x00000000000144c0                _dl_exception_create_format
                0x0000000000014790                _dl_exception_free
                0x0000000000014790                __GI__dl_exception_free
                0x00000000000147c0                _dl_sort_maps
                0x0000000000014a80                _dl_cache_libcmp
                0x0000000000014b40                _dl_load_cache_lookup
                0x00000000000151b0                _dl_unload_cache
                0x00000000000152b0                __tunable_set_val
                0x00000000000152d0                __GI___tunables_init
                0x00000000000157d0                __tunable_get_val
                0x00000000000157d0                __GI___tunable_get_val
                0x0000000000015850                _dl_make_tlsdesc_dynamic
                0x0000000000015b30                _dl_tlsdesc_resolve_rela_fixup
                0x0000000000015cf0                _dl_tlsdesc_resolve_hold_fixup
                0x0000000000015d30                _dl_unmap
                0x0000000000015db0                _dl_tlsdesc_return
                0x0000000000015dc0                _dl_tlsdesc_undefweak
                0x0000000000015dd0                _dl_tlsdesc_dynamic
                0x0000000000015e70                _dl_tlsdesc_resolve_rela
                0x0000000000015ee0                _dl_tlsdesc_resolve_hold
                0x0000000000015f60                __tls_get_addr
                0x0000000000015fa0                __get_cpu_features
                0x0000000000015fb0                _dl_tunable_set_hwcaps
                0x0000000000016fa0                _dl_sysdep_start
                0x00000000000176b0                _dl_sysdep_start_cleanup
                0x00000000000176c0                _dl_show_auxv
                0x0000000000017870                _dl_discover_osversion
                0x0000000000017a50                _dl_next_ld_env_entry
                0x0000000000017aa0                unsetenv
                0x0000000000017b10                malloc
                0x0000000000017c40                calloc
                0x0000000000017c80                free
                0x0000000000017cc0                __sigjmp_save
                0x0000000000017cd0                __strerror_r
                0x0000000000017dc0                __GI___libc_fatal
                0x0000000000017dc0                __libc_fatal
                0x0000000000017df0                __GI___chk_fail
                0x0000000000017df0                __chk_fail
                0x0000000000017e00                __GI___assert_fail
                0x0000000000017e00                __assert_fail
                0x0000000000017e50                realloc
                0x0000000000017ee0                __GI___assert_perror_fail
                0x0000000000017ee0                __assert_perror_fail
                0x0000000000017f50                _itoa
                0x0000000000017fa0                __strsep
                0x0000000000017fa0                strsep
                0x0000000000017fa0                __strsep_g
                0x00000000000180e0                _dl_signal_exception
                0x0000000000018130                _dl_signal_error
                0x0000000000018180                _dl_signal_cexception
                0x0000000000018200                _dl_signal_cerror
                0x0000000000018290                _dl_catch_exception
                0x0000000000018330                _dl_catch_error
                0x0000000000018380                _dl_receive_error
                0x00000000000183c0                _dl_resolve_conflicts
                0x0000000000018530                __brk
                0x0000000000018530                brk
                0x0000000000018580                sbrk
                0x0000000000018580                __sbrk
                0x0000000000018610                __getcwd
                0x0000000000018610                getcwd
                0x0000000000018a60                openat64
                0x0000000000018ac0                __alloc_dir
                0x0000000000018bb0                __opendir
                0x0000000000018bb0                opendir
                0x0000000000018c50                __fxstatat
                0x0000000000018c50                __fxstatat64
                0x0000000000018c50                __GI___fxstatat64
 .text          0x0000000000018ca0       0xd2 /mnt/lfs/sources/glibc-2.28/build/elf/rtld-libc.a(rtld-check_fds.os)
                0x0000000000018d40                __libc_check_standard_fds
 .text          0x0000000000018d72        0x0 /mnt/lfs/sources/glibc-2.28/build/elf/rtld-libc.a(rtld-errno.os)
 *fill*         0x0000000000018d72        0xe 
 .text          0x0000000000018d80       0x25 /mnt/lfs/sources/glibc-2.28/build/elf/rtld-libc.a(rtld-closedir.os)
                0x0000000000018d80                __closedir
                0x0000000000018d80                closedir
 *fill*         0x0000000000018da5        0xb 
 .text          0x0000000000018db0       0x30 /mnt/lfs/sources/glibc-2.28/build/elf/rtld-libc.a(rtld-rewinddir.os)
                0x0000000000018db0                rewinddir
                0x0000000000018db0                __rewinddir
 .text          0x0000000000018de0       0x8d /mnt/lfs/sources/glibc-2.28/build/elf/rtld-libc.a(rtld-readdir64.os)
                0x0000000000018de0                readdir
                0x0000000000018de0                __readdir64
                0x0000000000018de0                __readdir
                0x0000000000018de0                readdir64
 *fill*         0x0000000000018e6d        0x3 
 .text          0x0000000000018e70       0x9e /mnt/lfs/sources/glibc-2.28/build/elf/rtld-libc.a(rtld-fdopendir.os)
                0x0000000000018e70                fdopendir
                0x0000000000018e70                __fdopendir
 *fill*         0x0000000000018f0e        0x2 
 .text          0x0000000000018f10       0x20 /mnt/lfs/sources/glibc-2.28/build/elf/rtld-libc.a(rtld-getdents64.os)
                0x0000000000018f10                __getdents
                0x0000000000018f10                __getdents64
 .text          0x0000000000018f30       0x53 /mnt/lfs/sources/glibc-2.28/build/elf/rtld-libc.a(rtld-dl-addr-obj.os)
                0x0000000000018f30                _dl_addr_inside_object
 *fill*         0x0000000000018f83        0xd 
 .text          0x0000000000018f90      0x103 /mnt/lfs/sources/glibc-2.28/build/elf/rtld-libc.a(rtld-profil.os)
                0x0000000000018fe0                __profil
                0x0000000000018fe0                profil
 *fill*         0x0000000000019093        0xd 
 .text          0x00000000000190a0        0x7 /mnt/lfs/sources/glibc-2.28/build/elf/rtld-libc.a(rtld-prof-freq.os)
                0x00000000000190a0                __profile_frequency
 *fill*         0x00000000000190a7        0x9 
 .text          0x00000000000190b0       0x40 /mnt/lfs/sources/glibc-2.28/build/elf/rtld-libc.a(rtld-xstat.os)
                0x00000000000190b0                _xstat
                0x00000000000190b0                __xstat64
                0x00000000000190b0                __GI___xstat64
                0x00000000000190b0                __GI___xstat
                0x00000000000190b0                __xstat
 .text          0x00000000000190f0       0x40 /mnt/lfs/sources/glibc-2.28/build/elf/rtld-libc.a(rtld-fxstat.os)
                0x00000000000190f0                __GI___fxstat
                0x00000000000190f0                __GI___fxstat64
                0x00000000000190f0                __fxstat64
                0x00000000000190f0                _fxstat
                0x00000000000190f0                __fxstat
 .text          0x0000000000019130       0x40 /mnt/lfs/sources/glibc-2.28/build/elf/rtld-libc.a(rtld-lxstat.os)
                0x0000000000019130                __GI___lxstat
                0x0000000000019130                _lxstat
                0x0000000000019130                __lxstat
                0x0000000000019130                __lxstat64
                0x0000000000019130                __GI___lxstat64
 .text          0x0000000000019170       0x20 /mnt/lfs/sources/glibc-2.28/build/elf/rtld-libc.a(rtld-lseek64.os)
                0x0000000000019170                __lseek64
                0x0000000000019170                lseek
                0x0000000000019170                __libc_lseek64
                0x0000000000019170                __lseek
                0x0000000000019170                __libc_lseek
                0x0000000000019170                lseek64
 .text          0x0000000000019190       0x1e /mnt/lfs/sources/glibc-2.28/build/elf/rtld-libc.a(rtld-access.os)
                0x0000000000019190                access
                0x0000000000019190                __access
 *fill*         0x00000000000191ae        0x2 
 .text          0x00000000000191b0       0x1e /mnt/lfs/sources/glibc-2.28/build/elf/rtld-libc.a(rtld-close_nocancel.os)
                0x00000000000191b0                __GI___close_nocancel
 *fill*         0x00000000000191ce        0x2 
 .text          0x00000000000191d0       0x7f /mnt/lfs/sources/glibc-2.28/build/elf/rtld-libc.a(rtld-fcntl_nocancel.os)
                0x00000000000191d0                __fcntl64_nocancel_adjusted
                0x0000000000019220                __fcntl64_nocancel
                0x0000000000019220                __GI___fcntl64_nocancel
 *fill*         0x000000000001924f        0x1 
 .text          0x0000000000019250       0x76 /mnt/lfs/sources/glibc-2.28/build/elf/rtld-libc.a(rtld-open64_nocancel.os)
                0x0000000000019250                __GI___open_nocancel
                0x0000000000019250                __open_nocancel
                0x0000000000019250                __GI___open64_nocancel
                0x0000000000019250                __open64_nocancel
 *fill*         0x00000000000192c6        0xa 
 .text          0x00000000000192d0       0x66 /mnt/lfs/sources/glibc-2.28/build/elf/rtld-libc.a(rtld-openat64_nocancel.os)
                0x00000000000192d0                __GI___openat64_nocancel
                0x00000000000192d0                __openat64_nocancel
                0x00000000000192d0                __GI___openat_nocancel
                0x00000000000192d0                __openat_nocancel
 *fill*         0x0000000000019336        0xa 
 .text          0x0000000000019340       0x20 /mnt/lfs/sources/glibc-2.28/build/elf/rtld-libc.a(rtld-read_nocancel.os)
                0x0000000000019340                __read_nocancel
                0x0000000000019340                __GI___read_nocancel
 .text          0x0000000000019360       0x20 /mnt/lfs/sources/glibc-2.28/build/elf/rtld-libc.a(rtld-write_nocancel.os)
                0x0000000000019360                __GI___write_nocancel
                0x0000000000019360                __write_nocancel
 .text          0x0000000000019380       0xb0 /mnt/lfs/sources/glibc-2.28/build/elf/rtld-libc.a(rtld-scratch_buffer_set_array_size.os)
                0x0000000000019380                __libc_scratch_buffer_set_array_size
 .text          0x0000000000019430       0xc1 /mnt/lfs/sources/glibc-2.28/build/elf/rtld-libc.a(rtld-mmap64.os)
                0x0000000000019430                __mmap
                0x0000000000019430                mmap
                0x0000000000019430                __mmap64
                0x0000000000019430                mmap64
 *fill*         0x00000000000194f1        0xf 
 .text          0x0000000000019500       0x20 /mnt/lfs/sources/glibc-2.28/build/elf/rtld-libc.a(rtld-munmap.os)
                0x0000000000019500                munmap
                0x0000000000019500                __GI___munmap
                0x0000000000019500                __GI_munmap
                0x0000000000019500                __munmap
 .text          0x0000000000019520       0x20 /mnt/lfs/sources/glibc-2.28/build/elf/rtld-libc.a(rtld-mprotect.os)
                0x0000000000019520                __mprotect
                0x0000000000019520                __GI___mprotect
                0x0000000000019520                __GI_mprotect
                0x0000000000019520                mprotect
 .text          0x0000000000019540       0x20 /mnt/lfs/sources/glibc-2.28/build/elf/rtld-libc.a(rtld-uname.os)
                0x0000000000019540                uname
                0x0000000000019540                __GI_uname
                0x0000000000019540                __uname
                0x0000000000019540                __GI___uname
 .text          0x0000000000019560       0x4a /mnt/lfs/sources/glibc-2.28/build/elf/rtld-libc.a(rtld-_exit.os)
                0x0000000000019560                _Exit
                0x0000000000019560                __GI__exit
                0x0000000000019560                _exit
 *fill*         0x00000000000195aa        0x6 
 .text          0x00000000000195b0        0x8 /mnt/lfs/sources/glibc-2.28/build/elf/rtld-libc.a(rtld-getpid.os)
                0x00000000000195b0                __getpid
                0x00000000000195b0                getpid
                0x00000000000195b0                __GI_getpid
                0x00000000000195b0                __GI___getpid
 .text          0x00000000000195b8        0x0 /mnt/lfs/sources/glibc-2.28/build/elf/rtld-libc.a(rtld-environ.os)
 *fill*         0x00000000000195b8        0x8 
 .text          0x00000000000195c0       0x4f /mnt/lfs/sources/glibc-2.28/build/elf/rtld-libc.a(rtld-setjmp.os)
                0x00000000000195c0                __sigsetjmp
                0x00000000000195c0                __GI___sigsetjmp
 *fill*         0x000000000001960f        0x1 
 .text          0x0000000000019610       0x4a /mnt/lfs/sources/glibc-2.28/build/elf/rtld-libc.a(rtld-__longjmp.os)
                0x0000000000019610                __longjmp
 *fill*         0x000000000001965a        0x6 
 .text          0x0000000000019660      0x1d8 /mnt/lfs/sources/glibc-2.28/build/elf/rtld-libc.a(rtld-sigaction.os)
                0x0000000000019680                __libc_sigaction
                0x0000000000019810                sigaction
                0x0000000000019810                __sigaction
 *fill*         0x0000000000019838        0x8 
 .text          0x0000000000019840       0x41 /mnt/lfs/sources/glibc-2.28/build/elf/rtld-libc.a(rtld-strdup.os)
                0x0000000000019840                __strdup
                0x0000000000019840                strdup
 *fill*         0x0000000000019881        0xf 
 .text          0x0000000000019890     0x1439 /mnt/lfs/sources/glibc-2.28/build/elf/rtld-libc.a(rtld-strcmp-sse2.os)
                0x0000000000019890                strcmp
 *fill*         0x000000000001acc9        0x7 
 .text          0x000000000001acd0     0x1849 /mnt/lfs/sources/glibc-2.28/build/elf/rtld-libc.a(rtld-strncmp-sse2.os)
                0x000000000001acd0                strncmp
 *fill*         0x000000000001c519        0x7 
 .text          0x000000000001c520      0x323 /mnt/lfs/sources/glibc-2.28/build/elf/rtld-libc.a(rtld-memchr-sse2.os)
                0x000000000001c520                memchr
                0x000000000001c520                __memchr
 *fill*         0x000000000001c843        0xd 
 .text          0x000000000001c850      0x1f9 /mnt/lfs/sources/glibc-2.28/build/elf/rtld-libc.a(rtld-rawmemchr-sse2.os)
                0x000000000001c850                __rawmemchr
                0x000000000001c850                rawmemchr
 *fill*         0x000000000001ca49        0x7 
 .text          0x000000000001ca50      0x400 /mnt/lfs/sources/glibc-2.28/build/elf/rtld-libc.a(rtld-memcmp-sse2.os)
                0x000000000001ca50                bcmp
                0x000000000001ca50                memcmp
 .text          0x000000000001ce50      0x21a /mnt/lfs/sources/glibc-2.28/build/elf/rtld-libc.a(rtld-strchr-sse2.os)
                0x000000000001ce50                index
                0x000000000001ce50                strchr
 *fill*         0x000000000001d06a        0x6 
 .text          0x000000000001d070      0x19c /mnt/lfs/sources/glibc-2.28/build/elf/rtld-libc.a(rtld-strlen-sse2.os)
                0x000000000001d070                strlen
 *fill*         0x000000000001d20c        0x4 
 .text          0x000000000001d210      0x218 /mnt/lfs/sources/glibc-2.28/build/elf/rtld-libc.a(rtld-strnlen-sse2.os)
                0x000000000001d210                __strnlen
                0x000000000001d210                strnlen
 *fill*         0x000000000001d428        0x8 
 .text          0x000000000001d430       0xdc /mnt/lfs/sources/glibc-2.28/build/elf/rtld-libc.a(rtld-stpcpy-sse2.os)
                0x000000000001d430                stpcpy
                0x000000000001d430                __stpcpy
 *fill*         0x000000000001d50c        0x4 
 .text          0x000000000001d510       0x97 /mnt/lfs/sources/glibc-2.28/build/elf/rtld-libc.a(rtld-strcspn-sse2.os)
                0x000000000001d510                strcspn
 *fill*         0x000000000001d5a7        0x9 
 .text          0x000000000001d5b0      0x1ed /mnt/lfs/sources/glibc-2.28/build/elf/rtld-libc.a(rtld-memmove-sse2-unaligned-erms.os)
                0x000000000001d5b0                mempcpy
                0x000000000001d5b0                __mempcpy
                0x000000000001d5c0                memmove
                0x000000000001d5c0                memcpy
 *fill*         0x000000000001d79d        0x3 
 .text          0x000000000001d7a0       0xda /mnt/lfs/sources/glibc-2.28/build/elf/rtld-libc.a(rtld-memset-sse2-unaligned-erms.os)
                0x000000000001d7a0                memset
 *fill*         0x000000000001d87a        0x6 
 .text          0x000000000001d880       0x20 /mnt/lfs/sources/glibc-2.28/build/elf/rtld-libc.a(rtld-setitimer.os)
                0x000000000001d880                setitimer
                0x000000000001d880                __setitimer
                0x000000000001d880                __GI_setitimer
                0x000000000001d880                __GI___setitimer
 *(.gnu.warning)

.fini
 *(SORT_NONE(.fini))

.rodata         0x0000000000000000      0xdc8
 *(.rodata)
 .rodata        0x0000000000000000      0xd48 /mnt/lfs/sources/glibc-2.28/build/elf/dl-allobjs.os
                0x0000000000000ca0                __GI__itoa_lower_digits
                0x0000000000000ca0                _itoa_lower_digits
 .rodata        0x0000000000000d48       0x40 /mnt/lfs/sources/glibc-2.28/build/elf/rtld-libc.a(rtld-strcmp-sse2.os)
 .rodata        0x0000000000000d88       0x40 /mnt/lfs/sources/glibc-2.28/build/elf/rtld-libc.a(rtld-strncmp-sse2.os)

.rodata.str1.1  0x0000000000000000     0x1229
 .rodata.str1.1
                0x0000000000000000     0x1215 /mnt/lfs/sources/glibc-2.28/build/elf/dl-allobjs.os
 .rodata.str1.1
                0x0000000000001215       0x14 /mnt/lfs/sources/glibc-2.28/build/elf/rtld-libc.a(rtld-check_fds.os)

.rodata.str1.8  0x0000000000000000     0x2519
 .rodata.str1.8
                0x0000000000000000     0x2519 /mnt/lfs/sources/glibc-2.28/build/elf/dl-allobjs.os

.rodata.str1.16
                0x0000000000000000      0x326
 .rodata.str1.16
                0x0000000000000000      0x326 /mnt/lfs/sources/glibc-2.28/build/elf/dl-allobjs.os

.rodata.cst16   0x0000000000000000       0x20
 .rodata.cst16  0x0000000000000000       0x20 /mnt/lfs/sources/glibc-2.28/build/elf/dl-allobjs.os

.rodata.cst4    0x0000000000000000        0x4
 .rodata.cst4   0x0000000000000000        0x4 /mnt/lfs/sources/glibc-2.28/build/elf/dl-allobjs.os

.rodata.str1.32
                0x0000000000000000       0x3b
 .rodata.str1.32
                0x0000000000000000       0x3b /mnt/lfs/sources/glibc-2.28/build/elf/dl-allobjs.os

.rodata1
 *(.rodata1)

.eh_frame_hdr
 *(.eh_frame_hdr)

.eh_frame       0x0000000000000000     0x2ee4
 *(.eh_frame)
 .eh_frame      0x0000000000000000     0x2488 /mnt/lfs/sources/glibc-2.28/build/elf/dl-allobjs.os
                                       0x24d4 (size before relaxing)
 *fill*         0x0000000000002488        0x0 
 .eh_frame      0x0000000000002488       0x68 /mnt/lfs/sources/glibc-2.28/build/elf/rtld-libc.a(rtld-check_fds.os)
 .eh_frame      0x00000000000024f0       0x38 /mnt/lfs/sources/glibc-2.28/build/elf/rtld-libc.a(rtld-closedir.os)
 .eh_frame      0x0000000000002528       0x38 /mnt/lfs/sources/glibc-2.28/build/elf/rtld-libc.a(rtld-rewinddir.os)
 .eh_frame      0x0000000000002560       0x48 /mnt/lfs/sources/glibc-2.28/build/elf/rtld-libc.a(rtld-readdir64.os)
 .eh_frame      0x00000000000025a8       0x50 /mnt/lfs/sources/glibc-2.28/build/elf/rtld-libc.a(rtld-fdopendir.os)
 .eh_frame      0x00000000000025f8       0x30 /mnt/lfs/sources/glibc-2.28/build/elf/rtld-libc.a(rtld-getdents64.os)
 .eh_frame      0x0000000000002628       0x30 /mnt/lfs/sources/glibc-2.28/build/elf/rtld-libc.a(rtld-dl-addr-obj.os)
 .eh_frame      0x0000000000002658       0x48 /mnt/lfs/sources/glibc-2.28/build/elf/rtld-libc.a(rtld-profil.os)
 .eh_frame      0x00000000000026a0       0x30 /mnt/lfs/sources/glibc-2.28/build/elf/rtld-libc.a(rtld-prof-freq.os)
 .eh_frame      0x00000000000026d0       0x30 /mnt/lfs/sources/glibc-2.28/build/elf/rtld-libc.a(rtld-xstat.os)
 .eh_frame      0x0000000000002700       0x30 /mnt/lfs/sources/glibc-2.28/build/elf/rtld-libc.a(rtld-fxstat.os)
 .eh_frame      0x0000000000002730       0x30 /mnt/lfs/sources/glibc-2.28/build/elf/rtld-libc.a(rtld-lxstat.os)
 .eh_frame      0x0000000000002760       0x30 /mnt/lfs/sources/glibc-2.28/build/elf/rtld-libc.a(rtld-lseek64.os)
 .eh_frame      0x0000000000002790       0x30 /mnt/lfs/sources/glibc-2.28/build/elf/rtld-libc.a(rtld-access.os)
 .eh_frame      0x00000000000027c0       0x30 /mnt/lfs/sources/glibc-2.28/build/elf/rtld-libc.a(rtld-close_nocancel.os)
 .eh_frame      0x00000000000027f0       0x48 /mnt/lfs/sources/glibc-2.28/build/elf/rtld-libc.a(rtld-fcntl_nocancel.os)
 .eh_frame      0x0000000000002838       0x30 /mnt/lfs/sources/glibc-2.28/build/elf/rtld-libc.a(rtld-open64_nocancel.os)
 .eh_frame      0x0000000000002868       0x30 /mnt/lfs/sources/glibc-2.28/build/elf/rtld-libc.a(rtld-openat64_nocancel.os)
 .eh_frame      0x0000000000002898       0x30 /mnt/lfs/sources/glibc-2.28/build/elf/rtld-libc.a(rtld-read_nocancel.os)
 .eh_frame      0x00000000000028c8       0x30 /mnt/lfs/sources/glibc-2.28/build/elf/rtld-libc.a(rtld-write_nocancel.os)
 .eh_frame      0x00000000000028f8       0x60 /mnt/lfs/sources/glibc-2.28/build/elf/rtld-libc.a(rtld-scratch_buffer_set_array_size.os)
 .eh_frame      0x0000000000002958       0x70 /mnt/lfs/sources/glibc-2.28/build/elf/rtld-libc.a(rtld-mmap64.os)
 .eh_frame      0x00000000000029c8       0x30 /mnt/lfs/sources/glibc-2.28/build/elf/rtld-libc.a(rtld-munmap.os)
 .eh_frame      0x00000000000029f8       0x30 /mnt/lfs/sources/glibc-2.28/build/elf/rtld-libc.a(rtld-mprotect.os)
 .eh_frame      0x0000000000002a28       0x30 /mnt/lfs/sources/glibc-2.28/build/elf/rtld-libc.a(rtld-uname.os)
 .eh_frame      0x0000000000002a58       0x30 /mnt/lfs/sources/glibc-2.28/build/elf/rtld-libc.a(rtld-_exit.os)
 .eh_frame      0x0000000000002a88       0x30 /mnt/lfs/sources/glibc-2.28/build/elf/rtld-libc.a(rtld-getpid.os)
 .eh_frame      0x0000000000002ab8       0x30 /mnt/lfs/sources/glibc-2.28/build/elf/rtld-libc.a(rtld-setjmp.os)
 .eh_frame      0x0000000000002ae8       0x48 /mnt/lfs/sources/glibc-2.28/build/elf/rtld-libc.a(rtld-__longjmp.os)
 .eh_frame      0x0000000000002b30       0xe0 /mnt/lfs/sources/glibc-2.28/build/elf/rtld-libc.a(rtld-sigaction.os)
                                         0xe8 (size before relaxing)
 .eh_frame      0x0000000000002c10       0x50 /mnt/lfs/sources/glibc-2.28/build/elf/rtld-libc.a(rtld-strdup.os)
 .eh_frame      0x0000000000002c60       0x30 /mnt/lfs/sources/glibc-2.28/build/elf/rtld-libc.a(rtld-strcmp-sse2.os)
 .eh_frame      0x0000000000002c90       0x30 /mnt/lfs/sources/glibc-2.28/build/elf/rtld-libc.a(rtld-strncmp-sse2.os)
 .eh_frame      0x0000000000002cc0       0x30 /mnt/lfs/sources/glibc-2.28/build/elf/rtld-libc.a(rtld-memchr-sse2.os)
 .eh_frame      0x0000000000002cf0       0x30 /mnt/lfs/sources/glibc-2.28/build/elf/rtld-libc.a(rtld-rawmemchr-sse2.os)
 .eh_frame      0x0000000000002d20       0x30 /mnt/lfs/sources/glibc-2.28/build/elf/rtld-libc.a(rtld-memcmp-sse2.os)
 .eh_frame      0x0000000000002d50       0x30 /mnt/lfs/sources/glibc-2.28/build/elf/rtld-libc.a(rtld-strchr-sse2.os)
 .eh_frame      0x0000000000002d80       0x30 /mnt/lfs/sources/glibc-2.28/build/elf/rtld-libc.a(rtld-strlen-sse2.os)
 .eh_frame      0x0000000000002db0       0x30 /mnt/lfs/sources/glibc-2.28/build/elf/rtld-libc.a(rtld-strnlen-sse2.os)
 .eh_frame      0x0000000000002de0       0x30 /mnt/lfs/sources/glibc-2.28/build/elf/rtld-libc.a(rtld-stpcpy-sse2.os)
 .eh_frame      0x0000000000002e10       0x38 /mnt/lfs/sources/glibc-2.28/build/elf/rtld-libc.a(rtld-strcspn-sse2.os)
 .eh_frame      0x0000000000002e48       0x40 /mnt/lfs/sources/glibc-2.28/build/elf/rtld-libc.a(rtld-memmove-sse2-unaligned-erms.os)
 .eh_frame      0x0000000000002e88       0x30 /mnt/lfs/sources/glibc-2.28/build/elf/rtld-libc.a(rtld-memset-sse2-unaligned-erms.os)
 .eh_frame      0x0000000000002eb8       0x2c /mnt/lfs/sources/glibc-2.28/build/elf/rtld-libc.a(rtld-setitimer.os)
                                         0x30 (size before relaxing)

.gcc_except_table
 *(.gcc_except_table .gcc_except_table.*)

.gnu_extab
 *(.gnu_extab*)

.exception_ranges
 *(.exception_ranges .exception_ranges*)

.eh_frame
 *(.eh_frame)

.gnu_extab
 *(.gnu_extab)

.gcc_except_table
 *(.gcc_except_table .gcc_except_table.*)

.exception_ranges
 *(.exception_ranges .exception_ranges*)

.tdata
 *(.tdata)

.tbss
 *(.tbss)

.jcr
 *(.jcr)

.dynamic
 *(.dynamic)

.got
 *(.got)
 *(.igot)

.got.plt
 *(.got.plt)
 *(.igot.plt)

.data           0x0000000000000000      0xf98
 *(.data)
 .data          0x0000000000000000      0xf98 /mnt/lfs/sources/glibc-2.28/build/elf/dl-allobjs.os
                0x0000000000000000                _rtld_global
                0x0000000000000000                _rtld_local
 .data          0x0000000000000f98        0x0 /mnt/lfs/sources/glibc-2.28/build/elf/rtld-libc.a(rtld-check_fds.os)
 .data          0x0000000000000f98        0x0 /mnt/lfs/sources/glibc-2.28/build/elf/rtld-libc.a(rtld-errno.os)
 .data          0x0000000000000f98        0x0 /mnt/lfs/sources/glibc-2.28/build/elf/rtld-libc.a(rtld-closedir.os)
 .data          0x0000000000000f98        0x0 /mnt/lfs/sources/glibc-2.28/build/elf/rtld-libc.a(rtld-rewinddir.os)
 .data          0x0000000000000f98        0x0 /mnt/lfs/sources/glibc-2.28/build/elf/rtld-libc.a(rtld-readdir64.os)
 .data          0x0000000000000f98        0x0 /mnt/lfs/sources/glibc-2.28/build/elf/rtld-libc.a(rtld-fdopendir.os)
 .data          0x0000000000000f98        0x0 /mnt/lfs/sources/glibc-2.28/build/elf/rtld-libc.a(rtld-getdents64.os)
 .data          0x0000000000000f98        0x0 /mnt/lfs/sources/glibc-2.28/build/elf/rtld-libc.a(rtld-dl-addr-obj.os)
 .data          0x0000000000000f98        0x0 /mnt/lfs/sources/glibc-2.28/build/elf/rtld-libc.a(rtld-profil.os)
 .data          0x0000000000000f98        0x0 /mnt/lfs/sources/glibc-2.28/build/elf/rtld-libc.a(rtld-prof-freq.os)
 .data          0x0000000000000f98        0x0 /mnt/lfs/sources/glibc-2.28/build/elf/rtld-libc.a(rtld-xstat.os)
 .data          0x0000000000000f98        0x0 /mnt/lfs/sources/glibc-2.28/build/elf/rtld-libc.a(rtld-fxstat.os)
 .data          0x0000000000000f98        0x0 /mnt/lfs/sources/glibc-2.28/build/elf/rtld-libc.a(rtld-lxstat.os)
 .data          0x0000000000000f98        0x0 /mnt/lfs/sources/glibc-2.28/build/elf/rtld-libc.a(rtld-lseek64.os)
 .data          0x0000000000000f98        0x0 /mnt/lfs/sources/glibc-2.28/build/elf/rtld-libc.a(rtld-access.os)
 .data          0x0000000000000f98        0x0 /mnt/lfs/sources/glibc-2.28/build/elf/rtld-libc.a(rtld-close_nocancel.os)
 .data          0x0000000000000f98        0x0 /mnt/lfs/sources/glibc-2.28/build/elf/rtld-libc.a(rtld-fcntl_nocancel.os)
 .data          0x0000000000000f98        0x0 /mnt/lfs/sources/glibc-2.28/build/elf/rtld-libc.a(rtld-open64_nocancel.os)
 .data          0x0000000000000f98        0x0 /mnt/lfs/sources/glibc-2.28/build/elf/rtld-libc.a(rtld-openat64_nocancel.os)
 .data          0x0000000000000f98        0x0 /mnt/lfs/sources/glibc-2.28/build/elf/rtld-libc.a(rtld-read_nocancel.os)
 .data          0x0000000000000f98        0x0 /mnt/lfs/sources/glibc-2.28/build/elf/rtld-libc.a(rtld-write_nocancel.os)
 .data          0x0000000000000f98        0x0 /mnt/lfs/sources/glibc-2.28/build/elf/rtld-libc.a(rtld-scratch_buffer_set_array_size.os)
 .data          0x0000000000000f98        0x0 /mnt/lfs/sources/glibc-2.28/build/elf/rtld-libc.a(rtld-mmap64.os)
 .data          0x0000000000000f98        0x0 /mnt/lfs/sources/glibc-2.28/build/elf/rtld-libc.a(rtld-munmap.os)
 .data          0x0000000000000f98        0x0 /mnt/lfs/sources/glibc-2.28/build/elf/rtld-libc.a(rtld-mprotect.os)
 .data          0x0000000000000f98        0x0 /mnt/lfs/sources/glibc-2.28/build/elf/rtld-libc.a(rtld-uname.os)
 .data          0x0000000000000f98        0x0 /mnt/lfs/sources/glibc-2.28/build/elf/rtld-libc.a(rtld-_exit.os)
 .data          0x0000000000000f98        0x0 /mnt/lfs/sources/glibc-2.28/build/elf/rtld-libc.a(rtld-getpid.os)
 .data          0x0000000000000f98        0x0 /mnt/lfs/sources/glibc-2.28/build/elf/rtld-libc.a(rtld-environ.os)
 .data          0x0000000000000f98        0x0 /mnt/lfs/sources/glibc-2.28/build/elf/rtld-libc.a(rtld-setjmp.os)
 .data          0x0000000000000f98        0x0 /mnt/lfs/sources/glibc-2.28/build/elf/rtld-libc.a(rtld-__longjmp.os)
 .data          0x0000000000000f98        0x0 /mnt/lfs/sources/glibc-2.28/build/elf/rtld-libc.a(rtld-sigaction.os)
 .data          0x0000000000000f98        0x0 /mnt/lfs/sources/glibc-2.28/build/elf/rtld-libc.a(rtld-strdup.os)
 .data          0x0000000000000f98        0x0 /mnt/lfs/sources/glibc-2.28/build/elf/rtld-libc.a(rtld-strcmp-sse2.os)
 .data          0x0000000000000f98        0x0 /mnt/lfs/sources/glibc-2.28/build/elf/rtld-libc.a(rtld-strncmp-sse2.os)
 .data          0x0000000000000f98        0x0 /mnt/lfs/sources/glibc-2.28/build/elf/rtld-libc.a(rtld-memchr-sse2.os)
 .data          0x0000000000000f98        0x0 /mnt/lfs/sources/glibc-2.28/build/elf/rtld-libc.a(rtld-rawmemchr-sse2.os)
 .data          0x0000000000000f98        0x0 /mnt/lfs/sources/glibc-2.28/build/elf/rtld-libc.a(rtld-memcmp-sse2.os)
 .data          0x0000000000000f98        0x0 /mnt/lfs/sources/glibc-2.28/build/elf/rtld-libc.a(rtld-strchr-sse2.os)
 .data          0x0000000000000f98        0x0 /mnt/lfs/sources/glibc-2.28/build/elf/rtld-libc.a(rtld-strlen-sse2.os)
 .data          0x0000000000000f98        0x0 /mnt/lfs/sources/glibc-2.28/build/elf/rtld-libc.a(rtld-strnlen-sse2.os)
 .data          0x0000000000000f98        0x0 /mnt/lfs/sources/glibc-2.28/build/elf/rtld-libc.a(rtld-stpcpy-sse2.os)
 .data          0x0000000000000f98        0x0 /mnt/lfs/sources/glibc-2.28/build/elf/rtld-libc.a(rtld-strcspn-sse2.os)
 .data          0x0000000000000f98        0x0 /mnt/lfs/sources/glibc-2.28/build/elf/rtld-libc.a(rtld-memmove-sse2-unaligned-erms.os)
 .data          0x0000000000000f98        0x0 /mnt/lfs/sources/glibc-2.28/build/elf/rtld-libc.a(rtld-memset-sse2-unaligned-erms.os)
 .data          0x0000000000000f98        0x0 /mnt/lfs/sources/glibc-2.28/build/elf/rtld-libc.a(rtld-setitimer.os)

.data.rel.ro    0x0000000000000000      0x834
 .data.rel.ro   0x0000000000000000      0x834 /mnt/lfs/sources/glibc-2.28/build/elf/dl-allobjs.os
                0x00000000000000b0                __pointer_chk_guard_local
                0x00000000000000b8                _dl_skip_args
                0x00000000000000c0                __GI__dl_argv
                0x00000000000000c0                _dl_argv
                0x00000000000000c8                _dl_argc
                0x00000000000000e0                _rtld_global_ro
                0x00000000000000e0                _rtld_local_ro
                0x00000000000002d0                __stack_prot
                0x0000000000000820                _dl_random
                0x0000000000000828                __libc_stack_end
                0x0000000000000828                __GI___libc_stack_end
                0x0000000000000830                __GI___libc_enable_secure
                0x0000000000000830                __libc_enable_secure

.data1
 *(.data1)

.bss            0x0000000000000000      0x140
 *(.bss)
 .bss           0x0000000000000000      0x118 /mnt/lfs/sources/glibc-2.28/build/elf/dl-allobjs.os
                0x00000000000000e0                __libc_multiple_libcs
                0x0000000000000110                __curbrk
 .bss           0x0000000000000118        0x0 /mnt/lfs/sources/glibc-2.28/build/elf/rtld-libc.a(rtld-check_fds.os)
 .bss           0x0000000000000118        0x0 /mnt/lfs/sources/glibc-2.28/build/elf/rtld-libc.a(rtld-errno.os)
 .bss           0x0000000000000118        0x0 /mnt/lfs/sources/glibc-2.28/build/elf/rtld-libc.a(rtld-closedir.os)
 .bss           0x0000000000000118        0x0 /mnt/lfs/sources/glibc-2.28/build/elf/rtld-libc.a(rtld-rewinddir.os)
 .bss           0x0000000000000118        0x0 /mnt/lfs/sources/glibc-2.28/build/elf/rtld-libc.a(rtld-readdir64.os)
 .bss           0x0000000000000118        0x0 /mnt/lfs/sources/glibc-2.28/build/elf/rtld-libc.a(rtld-fdopendir.os)
 .bss           0x0000000000000118        0x0 /mnt/lfs/sources/glibc-2.28/build/elf/rtld-libc.a(rtld-getdents64.os)
 .bss           0x0000000000000118        0x0 /mnt/lfs/sources/glibc-2.28/build/elf/rtld-libc.a(rtld-dl-addr-obj.os)
 .bss           0x0000000000000118       0x20 /mnt/lfs/sources/glibc-2.28/build/elf/rtld-libc.a(rtld-profil.os)
 .bss           0x0000000000000138        0x0 /mnt/lfs/sources/glibc-2.28/build/elf/rtld-libc.a(rtld-prof-freq.os)
 .bss           0x0000000000000138        0x0 /mnt/lfs/sources/glibc-2.28/build/elf/rtld-libc.a(rtld-xstat.os)
 .bss           0x0000000000000138        0x0 /mnt/lfs/sources/glibc-2.28/build/elf/rtld-libc.a(rtld-fxstat.os)
 .bss           0x0000000000000138        0x0 /mnt/lfs/sources/glibc-2.28/build/elf/rtld-libc.a(rtld-lxstat.os)
 .bss           0x0000000000000138        0x0 /mnt/lfs/sources/glibc-2.28/build/elf/rtld-libc.a(rtld-lseek64.os)
 .bss           0x0000000000000138        0x0 /mnt/lfs/sources/glibc-2.28/build/elf/rtld-libc.a(rtld-access.os)
 .bss           0x0000000000000138        0x0 /mnt/lfs/sources/glibc-2.28/build/elf/rtld-libc.a(rtld-close_nocancel.os)
 .bss           0x0000000000000138        0x0 /mnt/lfs/sources/glibc-2.28/build/elf/rtld-libc.a(rtld-fcntl_nocancel.os)
 .bss           0x0000000000000138        0x0 /mnt/lfs/sources/glibc-2.28/build/elf/rtld-libc.a(rtld-open64_nocancel.os)
 .bss           0x0000000000000138        0x0 /mnt/lfs/sources/glibc-2.28/build/elf/rtld-libc.a(rtld-openat64_nocancel.os)
 .bss           0x0000000000000138        0x0 /mnt/lfs/sources/glibc-2.28/build/elf/rtld-libc.a(rtld-read_nocancel.os)
 .bss           0x0000000000000138        0x0 /mnt/lfs/sources/glibc-2.28/build/elf/rtld-libc.a(rtld-write_nocancel.os)
 .bss           0x0000000000000138        0x0 /mnt/lfs/sources/glibc-2.28/build/elf/rtld-libc.a(rtld-scratch_buffer_set_array_size.os)
 .bss           0x0000000000000138        0x0 /mnt/lfs/sources/glibc-2.28/build/elf/rtld-libc.a(rtld-mmap64.os)
 .bss           0x0000000000000138        0x0 /mnt/lfs/sources/glibc-2.28/build/elf/rtld-libc.a(rtld-munmap.os)
 .bss           0x0000000000000138        0x0 /mnt/lfs/sources/glibc-2.28/build/elf/rtld-libc.a(rtld-mprotect.os)
 .bss           0x0000000000000138        0x0 /mnt/lfs/sources/glibc-2.28/build/elf/rtld-libc.a(rtld-uname.os)
 .bss           0x0000000000000138        0x0 /mnt/lfs/sources/glibc-2.28/build/elf/rtld-libc.a(rtld-_exit.os)
 .bss           0x0000000000000138        0x0 /mnt/lfs/sources/glibc-2.28/build/elf/rtld-libc.a(rtld-getpid.os)
 .bss           0x0000000000000138        0x8 /mnt/lfs/sources/glibc-2.28/build/elf/rtld-libc.a(rtld-environ.os)
                0x0000000000000138                _environ
                0x0000000000000138                __environ
                0x0000000000000138                environ
 .bss           0x0000000000000140        0x0 /mnt/lfs/sources/glibc-2.28/build/elf/rtld-libc.a(rtld-setjmp.os)
 .bss           0x0000000000000140        0x0 /mnt/lfs/sources/glibc-2.28/build/elf/rtld-libc.a(rtld-__longjmp.os)
 .bss           0x0000000000000140        0x0 /mnt/lfs/sources/glibc-2.28/build/elf/rtld-libc.a(rtld-sigaction.os)
 .bss           0x0000000000000140        0x0 /mnt/lfs/sources/glibc-2.28/build/elf/rtld-libc.a(rtld-strdup.os)
 .bss           0x0000000000000140        0x0 /mnt/lfs/sources/glibc-2.28/build/elf/rtld-libc.a(rtld-strcmp-sse2.os)
 .bss           0x0000000000000140        0x0 /mnt/lfs/sources/glibc-2.28/build/elf/rtld-libc.a(rtld-strncmp-sse2.os)
 .bss           0x0000000000000140        0x0 /mnt/lfs/sources/glibc-2.28/build/elf/rtld-libc.a(rtld-memchr-sse2.os)
 .bss           0x0000000000000140        0x0 /mnt/lfs/sources/glibc-2.28/build/elf/rtld-libc.a(rtld-rawmemchr-sse2.os)
 .bss           0x0000000000000140        0x0 /mnt/lfs/sources/glibc-2.28/build/elf/rtld-libc.a(rtld-memcmp-sse2.os)
 .bss           0x0000000000000140        0x0 /mnt/lfs/sources/glibc-2.28/build/elf/rtld-libc.a(rtld-strchr-sse2.os)
 .bss           0x0000000000000140        0x0 /mnt/lfs/sources/glibc-2.28/build/elf/rtld-libc.a(rtld-strlen-sse2.os)
 .bss           0x0000000000000140        0x0 /mnt/lfs/sources/glibc-2.28/build/elf/rtld-libc.a(rtld-strnlen-sse2.os)
 .bss           0x0000000000000140        0x0 /mnt/lfs/sources/glibc-2.28/build/elf/rtld-libc.a(rtld-stpcpy-sse2.os)
 .bss           0x0000000000000140        0x0 /mnt/lfs/sources/glibc-2.28/build/elf/rtld-libc.a(rtld-strcspn-sse2.os)
 .bss           0x0000000000000140        0x0 /mnt/lfs/sources/glibc-2.28/build/elf/rtld-libc.a(rtld-memmove-sse2-unaligned-erms.os)
 .bss           0x0000000000000140        0x0 /mnt/lfs/sources/glibc-2.28/build/elf/rtld-libc.a(rtld-memset-sse2-unaligned-erms.os)
 .bss           0x0000000000000140        0x0 /mnt/lfs/sources/glibc-2.28/build/elf/rtld-libc.a(rtld-setitimer.os)
 *(COMMON)
 COMMON         0x0000000000000140        0x0 /mnt/lfs/sources/glibc-2.28/build/elf/dl-allobjs.os
 COMMON         0x0000000000000140        0x0 /mnt/lfs/sources/glibc-2.28/build/elf/rtld-libc.a(rtld-errno.os)

.lbss
 *(.dynlbss)
 *(.lbss)
 *(LARGE_COMMON)

.lrodata
 *(.lrodata)

.ldata
 *(.ldata)

.stab
 *(.stab)

.stabstr
 *(.stabstr)

.stab.excl
 *(.stab.excl)

.stab.exclstr
 *(.stab.exclstr)

.stab.index
 *(.stab.index)

.stab.indexstr
 *(.stab.indexstr)

.comment        0x0000000000000000      0x480
 *(.comment)
 .comment       0x0000000000000000      0x29a /mnt/lfs/sources/glibc-2.28/build/elf/dl-allobjs.os
 .comment       0x000000000000029a       0x12 /mnt/lfs/sources/glibc-2.28/build/elf/rtld-libc.a(rtld-check_fds.os)
 .comment       0x00000000000002ac       0x12 /mnt/lfs/sources/glibc-2.28/build/elf/rtld-libc.a(rtld-errno.os)
 .comment       0x00000000000002be       0x12 /mnt/lfs/sources/glibc-2.28/build/elf/rtld-libc.a(rtld-closedir.os)
 .comment       0x00000000000002d0       0x12 /mnt/lfs/sources/glibc-2.28/build/elf/rtld-libc.a(rtld-rewinddir.os)
 .comment       0x00000000000002e2       0x12 /mnt/lfs/sources/glibc-2.28/build/elf/rtld-libc.a(rtld-readdir64.os)
 .comment       0x00000000000002f4       0x12 /mnt/lfs/sources/glibc-2.28/build/elf/rtld-libc.a(rtld-fdopendir.os)
 .comment       0x0000000000000306       0x12 /mnt/lfs/sources/glibc-2.28/build/elf/rtld-libc.a(rtld-getdents64.os)
 .comment       0x0000000000000318       0x12 /mnt/lfs/sources/glibc-2.28/build/elf/rtld-libc.a(rtld-dl-addr-obj.os)
 .comment       0x000000000000032a       0x12 /mnt/lfs/sources/glibc-2.28/build/elf/rtld-libc.a(rtld-profil.os)
 .comment       0x000000000000033c       0x12 /mnt/lfs/sources/glibc-2.28/build/elf/rtld-libc.a(rtld-prof-freq.os)
 .comment       0x000000000000034e       0x12 /mnt/lfs/sources/glibc-2.28/build/elf/rtld-libc.a(rtld-xstat.os)
 .comment       0x0000000000000360       0x12 /mnt/lfs/sources/glibc-2.28/build/elf/rtld-libc.a(rtld-fxstat.os)
 .comment       0x0000000000000372       0x12 /mnt/lfs/sources/glibc-2.28/build/elf/rtld-libc.a(rtld-lxstat.os)
 .comment       0x0000000000000384       0x12 /mnt/lfs/sources/glibc-2.28/build/elf/rtld-libc.a(rtld-lseek64.os)
 .comment       0x0000000000000396       0x12 /mnt/lfs/sources/glibc-2.28/build/elf/rtld-libc.a(rtld-access.os)
 .comment       0x00000000000003a8       0x12 /mnt/lfs/sources/glibc-2.28/build/elf/rtld-libc.a(rtld-close_nocancel.os)
 .comment       0x00000000000003ba       0x12 /mnt/lfs/sources/glibc-2.28/build/elf/rtld-libc.a(rtld-fcntl_nocancel.os)
 .comment       0x00000000000003cc       0x12 /mnt/lfs/sources/glibc-2.28/build/elf/rtld-libc.a(rtld-open64_nocancel.os)
 .comment       0x00000000000003de       0x12 /mnt/lfs/sources/glibc-2.28/build/elf/rtld-libc.a(rtld-openat64_nocancel.os)
 .comment       0x00000000000003f0       0x12 /mnt/lfs/sources/glibc-2.28/build/elf/rtld-libc.a(rtld-read_nocancel.os)
 .comment       0x0000000000000402       0x12 /mnt/lfs/sources/glibc-2.28/build/elf/rtld-libc.a(rtld-write_nocancel.os)
 .comment       0x0000000000000414       0x12 /mnt/lfs/sources/glibc-2.28/build/elf/rtld-libc.a(rtld-scratch_buffer_set_array_size.os)
 .comment       0x0000000000000426       0x12 /mnt/lfs/sources/glibc-2.28/build/elf/rtld-libc.a(rtld-mmap64.os)
 .comment       0x0000000000000438       0x12 /mnt/lfs/sources/glibc-2.28/build/elf/rtld-libc.a(rtld-_exit.os)
 .comment       0x000000000000044a       0x12 /mnt/lfs/sources/glibc-2.28/build/elf/rtld-libc.a(rtld-environ.os)
 .comment       0x000000000000045c       0x12 /mnt/lfs/sources/glibc-2.28/build/elf/rtld-libc.a(rtld-sigaction.os)
 .comment       0x000000000000046e       0x12 /mnt/lfs/sources/glibc-2.28/build/elf/rtld-libc.a(rtld-strdup.os)

.note.GNU-stack
                0x0000000000000000        0x0
 .note.GNU-stack
                0x0000000000000000        0x0 /mnt/lfs/sources/glibc-2.28/build/elf/dl-allobjs.os
 .note.GNU-stack
                0x0000000000000000        0x0 /mnt/lfs/sources/glibc-2.28/build/elf/rtld-libc.a(rtld-check_fds.os)
 .note.GNU-stack
                0x0000000000000000        0x0 /mnt/lfs/sources/glibc-2.28/build/elf/rtld-libc.a(rtld-errno.os)
 .note.GNU-stack
                0x0000000000000000        0x0 /mnt/lfs/sources/glibc-2.28/build/elf/rtld-libc.a(rtld-closedir.os)
 .note.GNU-stack
                0x0000000000000000        0x0 /mnt/lfs/sources/glibc-2.28/build/elf/rtld-libc.a(rtld-rewinddir.os)
 .note.GNU-stack
                0x0000000000000000        0x0 /mnt/lfs/sources/glibc-2.28/build/elf/rtld-libc.a(rtld-readdir64.os)
 .note.GNU-stack
                0x0000000000000000        0x0 /mnt/lfs/sources/glibc-2.28/build/elf/rtld-libc.a(rtld-fdopendir.os)
 .note.GNU-stack
                0x0000000000000000        0x0 /mnt/lfs/sources/glibc-2.28/build/elf/rtld-libc.a(rtld-getdents64.os)
 .note.GNU-stack
                0x0000000000000000        0x0 /mnt/lfs/sources/glibc-2.28/build/elf/rtld-libc.a(rtld-dl-addr-obj.os)
 .note.GNU-stack
                0x0000000000000000        0x0 /mnt/lfs/sources/glibc-2.28/build/elf/rtld-libc.a(rtld-profil.os)
 .note.GNU-stack
                0x0000000000000000        0x0 /mnt/lfs/sources/glibc-2.28/build/elf/rtld-libc.a(rtld-prof-freq.os)
 .note.GNU-stack
                0x0000000000000000        0x0 /mnt/lfs/sources/glibc-2.28/build/elf/rtld-libc.a(rtld-xstat.os)
 .note.GNU-stack
                0x0000000000000000        0x0 /mnt/lfs/sources/glibc-2.28/build/elf/rtld-libc.a(rtld-fxstat.os)
 .note.GNU-stack
                0x0000000000000000        0x0 /mnt/lfs/sources/glibc-2.28/build/elf/rtld-libc.a(rtld-lxstat.os)
 .note.GNU-stack
                0x0000000000000000        0x0 /mnt/lfs/sources/glibc-2.28/build/elf/rtld-libc.a(rtld-lseek64.os)
 .note.GNU-stack
                0x0000000000000000        0x0 /mnt/lfs/sources/glibc-2.28/build/elf/rtld-libc.a(rtld-access.os)
 .note.GNU-stack
                0x0000000000000000        0x0 /mnt/lfs/sources/glibc-2.28/build/elf/rtld-libc.a(rtld-close_nocancel.os)
 .note.GNU-stack
                0x0000000000000000        0x0 /mnt/lfs/sources/glibc-2.28/build/elf/rtld-libc.a(rtld-fcntl_nocancel.os)
 .note.GNU-stack
                0x0000000000000000        0x0 /mnt/lfs/sources/glibc-2.28/build/elf/rtld-libc.a(rtld-open64_nocancel.os)
 .note.GNU-stack
                0x0000000000000000        0x0 /mnt/lfs/sources/glibc-2.28/build/elf/rtld-libc.a(rtld-openat64_nocancel.os)
 .note.GNU-stack
                0x0000000000000000        0x0 /mnt/lfs/sources/glibc-2.28/build/elf/rtld-libc.a(rtld-read_nocancel.os)
 .note.GNU-stack
                0x0000000000000000        0x0 /mnt/lfs/sources/glibc-2.28/build/elf/rtld-libc.a(rtld-write_nocancel.os)
 .note.GNU-stack
                0x0000000000000000        0x0 /mnt/lfs/sources/glibc-2.28/build/elf/rtld-libc.a(rtld-scratch_buffer_set_array_size.os)
 .note.GNU-stack
                0x0000000000000000        0x0 /mnt/lfs/sources/glibc-2.28/build/elf/rtld-libc.a(rtld-mmap64.os)
 .note.GNU-stack
                0x0000000000000000        0x0 /mnt/lfs/sources/glibc-2.28/build/elf/rtld-libc.a(rtld-munmap.os)
 .note.GNU-stack
                0x0000000000000000        0x0 /mnt/lfs/sources/glibc-2.28/build/elf/rtld-libc.a(rtld-mprotect.os)
 .note.GNU-stack
                0x0000000000000000        0x0 /mnt/lfs/sources/glibc-2.28/build/elf/rtld-libc.a(rtld-uname.os)
 .note.GNU-stack
                0x0000000000000000        0x0 /mnt/lfs/sources/glibc-2.28/build/elf/rtld-libc.a(rtld-_exit.os)
 .note.GNU-stack
                0x0000000000000000        0x0 /mnt/lfs/sources/glibc-2.28/build/elf/rtld-libc.a(rtld-getpid.os)
 .note.GNU-stack
                0x0000000000000000        0x0 /mnt/lfs/sources/glibc-2.28/build/elf/rtld-libc.a(rtld-environ.os)
 .note.GNU-stack
                0x0000000000000000        0x0 /mnt/lfs/sources/glibc-2.28/build/elf/rtld-libc.a(rtld-setjmp.os)
 .note.GNU-stack
                0x0000000000000000        0x0 /mnt/lfs/sources/glibc-2.28/build/elf/rtld-libc.a(rtld-__longjmp.os)
 .note.GNU-stack
                0x0000000000000000        0x0 /mnt/lfs/sources/glibc-2.28/build/elf/rtld-libc.a(rtld-sigaction.os)
 .note.GNU-stack
                0x0000000000000000        0x0 /mnt/lfs/sources/glibc-2.28/build/elf/rtld-libc.a(rtld-strdup.os)
 .note.GNU-stack
                0x0000000000000000        0x0 /mnt/lfs/sources/glibc-2.28/build/elf/rtld-libc.a(rtld-strcmp-sse2.os)
 .note.GNU-stack
                0x0000000000000000        0x0 /mnt/lfs/sources/glibc-2.28/build/elf/rtld-libc.a(rtld-strncmp-sse2.os)
 .note.GNU-stack
                0x0000000000000000        0x0 /mnt/lfs/sources/glibc-2.28/build/elf/rtld-libc.a(rtld-memchr-sse2.os)
 .note.GNU-stack
                0x0000000000000000        0x0 /mnt/lfs/sources/glibc-2.28/build/elf/rtld-libc.a(rtld-rawmemchr-sse2.os)
 .note.GNU-stack
                0x0000000000000000        0x0 /mnt/lfs/sources/glibc-2.28/build/elf/rtld-libc.a(rtld-memcmp-sse2.os)
 .note.GNU-stack
                0x0000000000000000        0x0 /mnt/lfs/sources/glibc-2.28/build/elf/rtld-libc.a(rtld-strchr-sse2.os)
 .note.GNU-stack
                0x0000000000000000        0x0 /mnt/lfs/sources/glibc-2.28/build/elf/rtld-libc.a(rtld-strlen-sse2.os)
 .note.GNU-stack
                0x0000000000000000        0x0 /mnt/lfs/sources/glibc-2.28/build/elf/rtld-libc.a(rtld-strnlen-sse2.os)
 .note.GNU-stack
                0x0000000000000000        0x0 /mnt/lfs/sources/glibc-2.28/build/elf/rtld-libc.a(rtld-stpcpy-sse2.os)
 .note.GNU-stack
                0x0000000000000000        0x0 /mnt/lfs/sources/glibc-2.28/build/elf/rtld-libc.a(rtld-strcspn-sse2.os)
 .note.GNU-stack
                0x0000000000000000        0x0 /mnt/lfs/sources/glibc-2.28/build/elf/rtld-libc.a(rtld-memmove-sse2-unaligned-erms.os)
 .note.GNU-stack
                0x0000000000000000        0x0 /mnt/lfs/sources/glibc-2.28/build/elf/rtld-libc.a(rtld-memset-sse2-unaligned-erms.os)
 .note.GNU-stack
                0x0000000000000000        0x0 /mnt/lfs/sources/glibc-2.28/build/elf/rtld-libc.a(rtld-setitimer.os)

.debug
 *(.debug)

.line
 *(.line)

.debug_srcinfo
 *(.debug_srcinfo)

.debug_sfnames
 *(.debug_sfnames)

.debug_aranges  0x0000000000000000     0x1000
 *(.debug_aranges)
 .debug_aranges
                0x0000000000000000      0x780 /mnt/lfs/sources/glibc-2.28/build/elf/dl-allobjs.os
 .debug_aranges
                0x0000000000000780       0x30 /mnt/lfs/sources/glibc-2.28/build/elf/rtld-libc.a(rtld-check_fds.os)
 .debug_aranges
                0x00000000000007b0       0x20 /mnt/lfs/sources/glibc-2.28/build/elf/rtld-libc.a(rtld-errno.os)
 .debug_aranges
                0x00000000000007d0       0x30 /mnt/lfs/sources/glibc-2.28/build/elf/rtld-libc.a(rtld-closedir.os)
 .debug_aranges
                0x0000000000000800       0x30 /mnt/lfs/sources/glibc-2.28/build/elf/rtld-libc.a(rtld-rewinddir.os)
 .debug_aranges
                0x0000000000000830       0x30 /mnt/lfs/sources/glibc-2.28/build/elf/rtld-libc.a(rtld-readdir64.os)
 .debug_aranges
                0x0000000000000860       0x30 /mnt/lfs/sources/glibc-2.28/build/elf/rtld-libc.a(rtld-fdopendir.os)
 .debug_aranges
                0x0000000000000890       0x30 /mnt/lfs/sources/glibc-2.28/build/elf/rtld-libc.a(rtld-getdents64.os)
 .debug_aranges
                0x00000000000008c0       0x30 /mnt/lfs/sources/glibc-2.28/build/elf/rtld-libc.a(rtld-dl-addr-obj.os)
 .debug_aranges
                0x00000000000008f0       0x30 /mnt/lfs/sources/glibc-2.28/build/elf/rtld-libc.a(rtld-profil.os)
 .debug_aranges
                0x0000000000000920       0x30 /mnt/lfs/sources/glibc-2.28/build/elf/rtld-libc.a(rtld-prof-freq.os)
 .debug_aranges
                0x0000000000000950       0x30 /mnt/lfs/sources/glibc-2.28/build/elf/rtld-libc.a(rtld-xstat.os)
 .debug_aranges
                0x0000000000000980       0x30 /mnt/lfs/sources/glibc-2.28/build/elf/rtld-libc.a(rtld-fxstat.os)
 .debug_aranges
                0x00000000000009b0       0x30 /mnt/lfs/sources/glibc-2.28/build/elf/rtld-libc.a(rtld-lxstat.os)
 .debug_aranges
                0x00000000000009e0       0x30 /mnt/lfs/sources/glibc-2.28/build/elf/rtld-libc.a(rtld-lseek64.os)
 .debug_aranges
                0x0000000000000a10       0x30 /mnt/lfs/sources/glibc-2.28/build/elf/rtld-libc.a(rtld-access.os)
 .debug_aranges
                0x0000000000000a40       0x30 /mnt/lfs/sources/glibc-2.28/build/elf/rtld-libc.a(rtld-close_nocancel.os)
 .debug_aranges
                0x0000000000000a70       0x30 /mnt/lfs/sources/glibc-2.28/build/elf/rtld-libc.a(rtld-fcntl_nocancel.os)
 .debug_aranges
                0x0000000000000aa0       0x30 /mnt/lfs/sources/glibc-2.28/build/elf/rtld-libc.a(rtld-open64_nocancel.os)
 .debug_aranges
                0x0000000000000ad0       0x30 /mnt/lfs/sources/glibc-2.28/build/elf/rtld-libc.a(rtld-openat64_nocancel.os)
 .debug_aranges
                0x0000000000000b00       0x30 /mnt/lfs/sources/glibc-2.28/build/elf/rtld-libc.a(rtld-read_nocancel.os)
 .debug_aranges
                0x0000000000000b30       0x30 /mnt/lfs/sources/glibc-2.28/build/elf/rtld-libc.a(rtld-write_nocancel.os)
 .debug_aranges
                0x0000000000000b60       0x30 /mnt/lfs/sources/glibc-2.28/build/elf/rtld-libc.a(rtld-scratch_buffer_set_array_size.os)
 .debug_aranges
                0x0000000000000b90       0x30 /mnt/lfs/sources/glibc-2.28/build/elf/rtld-libc.a(rtld-mmap64.os)
 .debug_aranges
                0x0000000000000bc0       0x30 /mnt/lfs/sources/glibc-2.28/build/elf/rtld-libc.a(rtld-munmap.os)
 .debug_aranges
                0x0000000000000bf0       0x30 /mnt/lfs/sources/glibc-2.28/build/elf/rtld-libc.a(rtld-mprotect.os)
 .debug_aranges
                0x0000000000000c20       0x30 /mnt/lfs/sources/glibc-2.28/build/elf/rtld-libc.a(rtld-uname.os)
 .debug_aranges
                0x0000000000000c50       0x30 /mnt/lfs/sources/glibc-2.28/build/elf/rtld-libc.a(rtld-_exit.os)
 .debug_aranges
                0x0000000000000c80       0x30 /mnt/lfs/sources/glibc-2.28/build/elf/rtld-libc.a(rtld-getpid.os)
 .debug_aranges
                0x0000000000000cb0       0x20 /mnt/lfs/sources/glibc-2.28/build/elf/rtld-libc.a(rtld-environ.os)
 .debug_aranges
                0x0000000000000cd0       0x30 /mnt/lfs/sources/glibc-2.28/build/elf/rtld-libc.a(rtld-setjmp.os)
 .debug_aranges
                0x0000000000000d00       0x30 /mnt/lfs/sources/glibc-2.28/build/elf/rtld-libc.a(rtld-__longjmp.os)
 .debug_aranges
                0x0000000000000d30       0x30 /mnt/lfs/sources/glibc-2.28/build/elf/rtld-libc.a(rtld-sigaction.os)
 .debug_aranges
                0x0000000000000d60       0x30 /mnt/lfs/sources/glibc-2.28/build/elf/rtld-libc.a(rtld-strdup.os)
 .debug_aranges
                0x0000000000000d90       0x30 /mnt/lfs/sources/glibc-2.28/build/elf/rtld-libc.a(rtld-strcmp-sse2.os)
 .debug_aranges
                0x0000000000000dc0       0x30 /mnt/lfs/sources/glibc-2.28/build/elf/rtld-libc.a(rtld-strncmp-sse2.os)
 .debug_aranges
                0x0000000000000df0       0x30 /mnt/lfs/sources/glibc-2.28/build/elf/rtld-libc.a(rtld-memchr-sse2.os)
 .debug_aranges
                0x0000000000000e20       0x30 /mnt/lfs/sources/glibc-2.28/build/elf/rtld-libc.a(rtld-rawmemchr-sse2.os)
 .debug_aranges
                0x0000000000000e50       0x30 /mnt/lfs/sources/glibc-2.28/build/elf/rtld-libc.a(rtld-memcmp-sse2.os)
 .debug_aranges
                0x0000000000000e80       0x30 /mnt/lfs/sources/glibc-2.28/build/elf/rtld-libc.a(rtld-strchr-sse2.os)
 .debug_aranges
                0x0000000000000eb0       0x30 /mnt/lfs/sources/glibc-2.28/build/elf/rtld-libc.a(rtld-strlen-sse2.os)
 .debug_aranges
                0x0000000000000ee0       0x30 /mnt/lfs/sources/glibc-2.28/build/elf/rtld-libc.a(rtld-strnlen-sse2.os)
 .debug_aranges
                0x0000000000000f10       0x30 /mnt/lfs/sources/glibc-2.28/build/elf/rtld-libc.a(rtld-stpcpy-sse2.os)
 .debug_aranges
                0x0000000000000f40       0x30 /mnt/lfs/sources/glibc-2.28/build/elf/rtld-libc.a(rtld-strcspn-sse2.os)
 .debug_aranges
                0x0000000000000f70       0x30 /mnt/lfs/sources/glibc-2.28/build/elf/rtld-libc.a(rtld-memmove-sse2-unaligned-erms.os)
 .debug_aranges
                0x0000000000000fa0       0x30 /mnt/lfs/sources/glibc-2.28/build/elf/rtld-libc.a(rtld-memset-sse2-unaligned-erms.os)
 .debug_aranges
                0x0000000000000fd0       0x30 /mnt/lfs/sources/glibc-2.28/build/elf/rtld-libc.a(rtld-setitimer.os)

.debug_pubnames
 *(.debug_pubnames)

.debug_info     0x0000000000000000    0xc3a9a
 *(.debug_info)
 .debug_info    0x0000000000000000    0x9c14e /mnt/lfs/sources/glibc-2.28/build/elf/dl-allobjs.os
 .debug_info    0x000000000009c14e      0xb5c /mnt/lfs/sources/glibc-2.28/build/elf/rtld-libc.a(rtld-check_fds.os)
 .debug_info    0x000000000009ccaa      0x6fc /mnt/lfs/sources/glibc-2.28/build/elf/rtld-libc.a(rtld-errno.os)
 .debug_info    0x000000000009d3a6     0x1f58 /mnt/lfs/sources/glibc-2.28/build/elf/rtld-libc.a(rtld-closedir.os)
 .debug_info    0x000000000009f2fe     0x1ef6 /mnt/lfs/sources/glibc-2.28/build/elf/rtld-libc.a(rtld-rewinddir.os)
 .debug_info    0x00000000000a11f4     0x200f /mnt/lfs/sources/glibc-2.28/build/elf/rtld-libc.a(rtld-readdir64.os)
 .debug_info    0x00000000000a3203     0x20ed /mnt/lfs/sources/glibc-2.28/build/elf/rtld-libc.a(rtld-fdopendir.os)
 .debug_info    0x00000000000a52f0     0x1ea0 /mnt/lfs/sources/glibc-2.28/build/elf/rtld-libc.a(rtld-getdents64.os)
 .debug_info    0x00000000000a7190     0x2a95 /mnt/lfs/sources/glibc-2.28/build/elf/rtld-libc.a(rtld-dl-addr-obj.os)
 .debug_info    0x00000000000a9c25      0xc14 /mnt/lfs/sources/glibc-2.28/build/elf/rtld-libc.a(rtld-profil.os)
 .debug_info    0x00000000000aa839     0x3bc7 /mnt/lfs/sources/glibc-2.28/build/elf/rtld-libc.a(rtld-prof-freq.os)
 .debug_info    0x00000000000ae400      0x96e /mnt/lfs/sources/glibc-2.28/build/elf/rtld-libc.a(rtld-xstat.os)
 .debug_info    0x00000000000aed6e      0x96d /mnt/lfs/sources/glibc-2.28/build/elf/rtld-libc.a(rtld-fxstat.os)
 .debug_info    0x00000000000af6db      0x96e /mnt/lfs/sources/glibc-2.28/build/elf/rtld-libc.a(rtld-lxstat.os)
 .debug_info    0x00000000000b0049      0x86c /mnt/lfs/sources/glibc-2.28/build/elf/rtld-libc.a(rtld-lseek64.os)
 .debug_info    0x00000000000b08b5     0x20a1 /mnt/lfs/sources/glibc-2.28/build/elf/rtld-libc.a(rtld-access.os)
 .debug_info    0x00000000000b2956     0x2075 /mnt/lfs/sources/glibc-2.28/build/elf/rtld-libc.a(rtld-close_nocancel.os)
 .debug_info    0x00000000000b49cb     0x238d /mnt/lfs/sources/glibc-2.28/build/elf/rtld-libc.a(rtld-fcntl_nocancel.os)
 .debug_info    0x00000000000b6d58      0x930 /mnt/lfs/sources/glibc-2.28/build/elf/rtld-libc.a(rtld-open64_nocancel.os)
 .debug_info    0x00000000000b7688     0x21b7 /mnt/lfs/sources/glibc-2.28/build/elf/rtld-libc.a(rtld-openat64_nocancel.os)
 .debug_info    0x00000000000b983f     0x20ed /mnt/lfs/sources/glibc-2.28/build/elf/rtld-libc.a(rtld-read_nocancel.os)
 .debug_info    0x00000000000bb92c     0x20ed /mnt/lfs/sources/glibc-2.28/build/elf/rtld-libc.a(rtld-write_nocancel.os)
 .debug_info    0x00000000000bda19      0x3ee /mnt/lfs/sources/glibc-2.28/build/elf/rtld-libc.a(rtld-scratch_buffer_set_array_size.os)
 .debug_info    0x00000000000bde07     0x4044 /mnt/lfs/sources/glibc-2.28/build/elf/rtld-libc.a(rtld-mmap64.os)
 .debug_info    0x00000000000c1e4b       0x2e /mnt/lfs/sources/glibc-2.28/build/elf/rtld-libc.a(rtld-munmap.os)
 .debug_info    0x00000000000c1e79       0x2e /mnt/lfs/sources/glibc-2.28/build/elf/rtld-libc.a(rtld-mprotect.os)
 .debug_info    0x00000000000c1ea7       0x2e /mnt/lfs/sources/glibc-2.28/build/elf/rtld-libc.a(rtld-uname.os)
 .debug_info    0x00000000000c1ed5      0x849 /mnt/lfs/sources/glibc-2.28/build/elf/rtld-libc.a(rtld-_exit.os)
 .debug_info    0x00000000000c271e       0x2e /mnt/lfs/sources/glibc-2.28/build/elf/rtld-libc.a(rtld-getpid.os)
 .debug_info    0x00000000000c274c      0x103 /mnt/lfs/sources/glibc-2.28/build/elf/rtld-libc.a(rtld-environ.os)
 .debug_info    0x00000000000c284f       0x2e /mnt/lfs/sources/glibc-2.28/build/elf/rtld-libc.a(rtld-setjmp.os)
 .debug_info    0x00000000000c287d       0x2e /mnt/lfs/sources/glibc-2.28/build/elf/rtld-libc.a(rtld-__longjmp.os)
 .debug_info    0x00000000000c28ab      0xd74 /mnt/lfs/sources/glibc-2.28/build/elf/rtld-libc.a(rtld-sigaction.os)
 .debug_info    0x00000000000c361f      0x225 /mnt/lfs/sources/glibc-2.28/build/elf/rtld-libc.a(rtld-strdup.os)
 .debug_info    0x00000000000c3844       0x2e /mnt/lfs/sources/glibc-2.28/build/elf/rtld-libc.a(rtld-strcmp-sse2.os)
 .debug_info    0x00000000000c3872       0x2e /mnt/lfs/sources/glibc-2.28/build/elf/rtld-libc.a(rtld-strncmp-sse2.os)
 .debug_info    0x00000000000c38a0       0x2e /mnt/lfs/sources/glibc-2.28/build/elf/rtld-libc.a(rtld-memchr-sse2.os)
 .debug_info    0x00000000000c38ce       0x2e /mnt/lfs/sources/glibc-2.28/build/elf/rtld-libc.a(rtld-rawmemchr-sse2.os)
 .debug_info    0x00000000000c38fc       0x2e /mnt/lfs/sources/glibc-2.28/build/elf/rtld-libc.a(rtld-memcmp-sse2.os)
 .debug_info    0x00000000000c392a       0x2e /mnt/lfs/sources/glibc-2.28/build/elf/rtld-libc.a(rtld-strchr-sse2.os)
 .debug_info    0x00000000000c3958       0x2e /mnt/lfs/sources/glibc-2.28/build/elf/rtld-libc.a(rtld-strlen-sse2.os)
 .debug_info    0x00000000000c3986       0x2e /mnt/lfs/sources/glibc-2.28/build/elf/rtld-libc.a(rtld-strnlen-sse2.os)
 .debug_info    0x00000000000c39b4       0x2e /mnt/lfs/sources/glibc-2.28/build/elf/rtld-libc.a(rtld-stpcpy-sse2.os)
 .debug_info    0x00000000000c39e2       0x2e /mnt/lfs/sources/glibc-2.28/build/elf/rtld-libc.a(rtld-strcspn-sse2.os)
 .debug_info    0x00000000000c3a10       0x2e /mnt/lfs/sources/glibc-2.28/build/elf/rtld-libc.a(rtld-memmove-sse2-unaligned-erms.os)
 .debug_info    0x00000000000c3a3e       0x2e /mnt/lfs/sources/glibc-2.28/build/elf/rtld-libc.a(rtld-memset-sse2-unaligned-erms.os)
 .debug_info    0x00000000000c3a6c       0x2e /mnt/lfs/sources/glibc-2.28/build/elf/rtld-libc.a(rtld-setitimer.os)

.debug_abbrev   0x0000000000000000    0x11989
 *(.debug_abbrev)
 .debug_abbrev  0x0000000000000000     0xcb60 /mnt/lfs/sources/glibc-2.28/build/elf/dl-allobjs.os
 .debug_abbrev  0x000000000000cb60      0x24d /mnt/lfs/sources/glibc-2.28/build/elf/rtld-libc.a(rtld-check_fds.os)
 .debug_abbrev  0x000000000000cdad      0x141 /mnt/lfs/sources/glibc-2.28/build/elf/rtld-libc.a(rtld-errno.os)
 .debug_abbrev  0x000000000000ceee      0x3b7 /mnt/lfs/sources/glibc-2.28/build/elf/rtld-libc.a(rtld-closedir.os)
 .debug_abbrev  0x000000000000d2a5      0x37e /mnt/lfs/sources/glibc-2.28/build/elf/rtld-libc.a(rtld-rewinddir.os)
 .debug_abbrev  0x000000000000d623      0x3af /mnt/lfs/sources/glibc-2.28/build/elf/rtld-libc.a(rtld-readdir64.os)
 .debug_abbrev  0x000000000000d9d2      0x3b2 /mnt/lfs/sources/glibc-2.28/build/elf/rtld-libc.a(rtld-fdopendir.os)
 .debug_abbrev  0x000000000000dd84      0x385 /mnt/lfs/sources/glibc-2.28/build/elf/rtld-libc.a(rtld-getdents64.os)
 .debug_abbrev  0x000000000000e109      0x3ba /mnt/lfs/sources/glibc-2.28/build/elf/rtld-libc.a(rtld-dl-addr-obj.os)
 .debug_abbrev  0x000000000000e4c3      0x30f /mnt/lfs/sources/glibc-2.28/build/elf/rtld-libc.a(rtld-profil.os)
 .debug_abbrev  0x000000000000e7d2      0x3f0 /mnt/lfs/sources/glibc-2.28/build/elf/rtld-libc.a(rtld-prof-freq.os)
 .debug_abbrev  0x000000000000ebc2      0x1b0 /mnt/lfs/sources/glibc-2.28/build/elf/rtld-libc.a(rtld-xstat.os)
 .debug_abbrev  0x000000000000ed72      0x1c4 /mnt/lfs/sources/glibc-2.28/build/elf/rtld-libc.a(rtld-fxstat.os)
 .debug_abbrev  0x000000000000ef36      0x1b0 /mnt/lfs/sources/glibc-2.28/build/elf/rtld-libc.a(rtld-lxstat.os)
 .debug_abbrev  0x000000000000f0e6      0x1a9 /mnt/lfs/sources/glibc-2.28/build/elf/rtld-libc.a(rtld-lseek64.os)
 .debug_abbrev  0x000000000000f28f      0x37d /mnt/lfs/sources/glibc-2.28/build/elf/rtld-libc.a(rtld-access.os)
 .debug_abbrev  0x000000000000f60c      0x38e /mnt/lfs/sources/glibc-2.28/build/elf/rtld-libc.a(rtld-close_nocancel.os)
 .debug_abbrev  0x000000000000f99a      0x479 /mnt/lfs/sources/glibc-2.28/build/elf/rtld-libc.a(rtld-fcntl_nocancel.os)
 .debug_abbrev  0x000000000000fe13      0x1db /mnt/lfs/sources/glibc-2.28/build/elf/rtld-libc.a(rtld-open64_nocancel.os)
 .debug_abbrev  0x000000000000ffee      0x3c7 /mnt/lfs/sources/glibc-2.28/build/elf/rtld-libc.a(rtld-openat64_nocancel.os)
 .debug_abbrev  0x00000000000103b5      0x39f /mnt/lfs/sources/glibc-2.28/build/elf/rtld-libc.a(rtld-read_nocancel.os)
 .debug_abbrev  0x0000000000010754      0x39f /mnt/lfs/sources/glibc-2.28/build/elf/rtld-libc.a(rtld-write_nocancel.os)
 .debug_abbrev  0x0000000000010af3      0x23f /mnt/lfs/sources/glibc-2.28/build/elf/rtld-libc.a(rtld-scratch_buffer_set_array_size.os)
 .debug_abbrev  0x0000000000010d32      0x493 /mnt/lfs/sources/glibc-2.28/build/elf/rtld-libc.a(rtld-mmap64.os)
 .debug_abbrev  0x00000000000111c5       0x14 /mnt/lfs/sources/glibc-2.28/build/elf/rtld-libc.a(rtld-munmap.os)
 .debug_abbrev  0x00000000000111d9       0x14 /mnt/lfs/sources/glibc-2.28/build/elf/rtld-libc.a(rtld-mprotect.os)
 .debug_abbrev  0x00000000000111ed       0x14 /mnt/lfs/sources/glibc-2.28/build/elf/rtld-libc.a(rtld-uname.os)
 .debug_abbrev  0x0000000000011201      0x19e /mnt/lfs/sources/glibc-2.28/build/elf/rtld-libc.a(rtld-_exit.os)
 .debug_abbrev  0x000000000001139f       0x14 /mnt/lfs/sources/glibc-2.28/build/elf/rtld-libc.a(rtld-getpid.os)
 .debug_abbrev  0x00000000000113b3       0x97 /mnt/lfs/sources/glibc-2.28/build/elf/rtld-libc.a(rtld-environ.os)
 .debug_abbrev  0x000000000001144a       0x14 /mnt/lfs/sources/glibc-2.28/build/elf/rtld-libc.a(rtld-setjmp.os)
 .debug_abbrev  0x000000000001145e       0x14 /mnt/lfs/sources/glibc-2.28/build/elf/rtld-libc.a(rtld-__longjmp.os)
 .debug_abbrev  0x0000000000011472      0x2ad /mnt/lfs/sources/glibc-2.28/build/elf/rtld-libc.a(rtld-sigaction.os)
 .debug_abbrev  0x000000000001171f      0x166 /mnt/lfs/sources/glibc-2.28/build/elf/rtld-libc.a(rtld-strdup.os)
 .debug_abbrev  0x0000000000011885       0x14 /mnt/lfs/sources/glibc-2.28/build/elf/rtld-libc.a(rtld-strcmp-sse2.os)
 .debug_abbrev  0x0000000000011899       0x14 /mnt/lfs/sources/glibc-2.28/build/elf/rtld-libc.a(rtld-strncmp-sse2.os)
 .debug_abbrev  0x00000000000118ad       0x14 /mnt/lfs/sources/glibc-2.28/build/elf/rtld-libc.a(rtld-memchr-sse2.os)
 .debug_abbrev  0x00000000000118c1       0x14 /mnt/lfs/sources/glibc-2.28/build/elf/rtld-libc.a(rtld-rawmemchr-sse2.os)
 .debug_abbrev  0x00000000000118d5       0x14 /mnt/lfs/sources/glibc-2.28/build/elf/rtld-libc.a(rtld-memcmp-sse2.os)
 .debug_abbrev  0x00000000000118e9       0x14 /mnt/lfs/sources/glibc-2.28/build/elf/rtld-libc.a(rtld-strchr-sse2.os)
 .debug_abbrev  0x00000000000118fd       0x14 /mnt/lfs/sources/glibc-2.28/build/elf/rtld-libc.a(rtld-strlen-sse2.os)
 .debug_abbrev  0x0000000000011911       0x14 /mnt/lfs/sources/glibc-2.28/build/elf/rtld-libc.a(rtld-strnlen-sse2.os)
 .debug_abbrev  0x0000000000011925       0x14 /mnt/lfs/sources/glibc-2.28/build/elf/rtld-libc.a(rtld-stpcpy-sse2.os)
 .debug_abbrev  0x0000000000011939       0x14 /mnt/lfs/sources/glibc-2.28/build/elf/rtld-libc.a(rtld-strcspn-sse2.os)
 .debug_abbrev  0x000000000001194d       0x14 /mnt/lfs/sources/glibc-2.28/build/elf/rtld-libc.a(rtld-memmove-sse2-unaligned-erms.os)
 .debug_abbrev  0x0000000000011961       0x14 /mnt/lfs/sources/glibc-2.28/build/elf/rtld-libc.a(rtld-memset-sse2-unaligned-erms.os)
 .debug_abbrev  0x0000000000011975       0x14 /mnt/lfs/sources/glibc-2.28/build/elf/rtld-libc.a(rtld-setitimer.os)

.debug_line     0x0000000000000000    0x24555
 *(.debug_line .debug_line.* .debug_line_end)
 .debug_line    0x0000000000000000    0x1cd5a /mnt/lfs/sources/glibc-2.28/build/elf/dl-allobjs.os
 .debug_line    0x000000000001cd5a      0x30e /mnt/lfs/sources/glibc-2.28/build/elf/rtld-libc.a(rtld-check_fds.os)
 .debug_line    0x000000000001d068      0x193 /mnt/lfs/sources/glibc-2.28/build/elf/rtld-libc.a(rtld-errno.os)
 .debug_line    0x000000000001d1fb      0x4c8 /mnt/lfs/sources/glibc-2.28/build/elf/rtld-libc.a(rtld-closedir.os)
 .debug_line    0x000000000001d6c3      0x487 /mnt/lfs/sources/glibc-2.28/build/elf/rtld-libc.a(rtld-rewinddir.os)
 .debug_line    0x000000000001db4a      0x522 /mnt/lfs/sources/glibc-2.28/build/elf/rtld-libc.a(rtld-readdir64.os)
 .debug_line    0x000000000001e06c      0x555 /mnt/lfs/sources/glibc-2.28/build/elf/rtld-libc.a(rtld-fdopendir.os)
 .debug_line    0x000000000001e5c1      0x441 /mnt/lfs/sources/glibc-2.28/build/elf/rtld-libc.a(rtld-getdents64.os)
 .debug_line    0x000000000001ea02      0x4ac /mnt/lfs/sources/glibc-2.28/build/elf/rtld-libc.a(rtld-dl-addr-obj.os)
 .debug_line    0x000000000001eeae      0x3e9 /mnt/lfs/sources/glibc-2.28/build/elf/rtld-libc.a(rtld-profil.os)
 .debug_line    0x000000000001f297      0x521 /mnt/lfs/sources/glibc-2.28/build/elf/rtld-libc.a(rtld-prof-freq.os)
 .debug_line    0x000000000001f7b8      0x263 /mnt/lfs/sources/glibc-2.28/build/elf/rtld-libc.a(rtld-xstat.os)
 .debug_line    0x000000000001fa1b      0x264 /mnt/lfs/sources/glibc-2.28/build/elf/rtld-libc.a(rtld-fxstat.os)
 .debug_line    0x000000000001fc7f      0x264 /mnt/lfs/sources/glibc-2.28/build/elf/rtld-libc.a(rtld-lxstat.os)
 .debug_line    0x000000000001fee3      0x236 /mnt/lfs/sources/glibc-2.28/build/elf/rtld-libc.a(rtld-lseek64.os)
 .debug_line    0x0000000000020119      0x4a2 /mnt/lfs/sources/glibc-2.28/build/elf/rtld-libc.a(rtld-access.os)
 .debug_line    0x00000000000205bb      0x497 /mnt/lfs/sources/glibc-2.28/build/elf/rtld-libc.a(rtld-close_nocancel.os)
 .debug_line    0x0000000000020a52      0x528 /mnt/lfs/sources/glibc-2.28/build/elf/rtld-libc.a(rtld-fcntl_nocancel.os)
 .debug_line    0x0000000000020f7a      0x2c9 /mnt/lfs/sources/glibc-2.28/build/elf/rtld-libc.a(rtld-open64_nocancel.os)
 .debug_line    0x0000000000021243      0x4ff /mnt/lfs/sources/glibc-2.28/build/elf/rtld-libc.a(rtld-openat64_nocancel.os)
 .debug_line    0x0000000000021742      0x49a /mnt/lfs/sources/glibc-2.28/build/elf/rtld-libc.a(rtld-read_nocancel.os)
 .debug_line    0x0000000000021bdc      0x49b /mnt/lfs/sources/glibc-2.28/build/elf/rtld-libc.a(rtld-write_nocancel.os)
 .debug_line    0x0000000000022077      0x212 /mnt/lfs/sources/glibc-2.28/build/elf/rtld-libc.a(rtld-scratch_buffer_set_array_size.os)
 .debug_line    0x0000000000022289      0x695 /mnt/lfs/sources/glibc-2.28/build/elf/rtld-libc.a(rtld-mmap64.os)
 .debug_line    0x000000000002291e       0x59 /mnt/lfs/sources/glibc-2.28/build/elf/rtld-libc.a(rtld-munmap.os)
 .debug_line    0x0000000000022977       0x59 /mnt/lfs/sources/glibc-2.28/build/elf/rtld-libc.a(rtld-mprotect.os)
 .debug_line    0x00000000000229d0       0x59 /mnt/lfs/sources/glibc-2.28/build/elf/rtld-libc.a(rtld-uname.os)
 .debug_line    0x0000000000022a29      0x281 /mnt/lfs/sources/glibc-2.28/build/elf/rtld-libc.a(rtld-_exit.os)
 .debug_line    0x0000000000022caa       0x57 /mnt/lfs/sources/glibc-2.28/build/elf/rtld-libc.a(rtld-getpid.os)
 .debug_line    0x0000000000022d01       0x75 /mnt/lfs/sources/glibc-2.28/build/elf/rtld-libc.a(rtld-environ.os)
 .debug_line    0x0000000000022d76       0x61 /mnt/lfs/sources/glibc-2.28/build/elf/rtld-libc.a(rtld-setjmp.os)
 .debug_line    0x0000000000022dd7       0x61 /mnt/lfs/sources/glibc-2.28/build/elf/rtld-libc.a(rtld-__longjmp.os)
 .debug_line    0x0000000000022e38      0x3e9 /mnt/lfs/sources/glibc-2.28/build/elf/rtld-libc.a(rtld-sigaction.os)
 .debug_line    0x0000000000023221      0x100 /mnt/lfs/sources/glibc-2.28/build/elf/rtld-libc.a(rtld-strdup.os)
 .debug_line    0x0000000000023321      0x48f /mnt/lfs/sources/glibc-2.28/build/elf/rtld-libc.a(rtld-strcmp-sse2.os)
 .debug_line    0x00000000000237b0      0x525 /mnt/lfs/sources/glibc-2.28/build/elf/rtld-libc.a(rtld-strncmp-sse2.os)
 .debug_line    0x0000000000023cd5      0x124 /mnt/lfs/sources/glibc-2.28/build/elf/rtld-libc.a(rtld-memchr-sse2.os)
 .debug_line    0x0000000000023df9       0xd3 /mnt/lfs/sources/glibc-2.28/build/elf/rtld-libc.a(rtld-rawmemchr-sse2.os)
 .debug_line    0x0000000000023ecc      0x14c /mnt/lfs/sources/glibc-2.28/build/elf/rtld-libc.a(rtld-memcmp-sse2.os)
 .debug_line    0x0000000000024018       0xde /mnt/lfs/sources/glibc-2.28/build/elf/rtld-libc.a(rtld-strchr-sse2.os)
 .debug_line    0x00000000000240f6       0xa5 /mnt/lfs/sources/glibc-2.28/build/elf/rtld-libc.a(rtld-strlen-sse2.os)
 .debug_line    0x000000000002419b       0xa5 /mnt/lfs/sources/glibc-2.28/build/elf/rtld-libc.a(rtld-strnlen-sse2.os)
 .debug_line    0x0000000000024240       0x95 /mnt/lfs/sources/glibc-2.28/build/elf/rtld-libc.a(rtld-stpcpy-sse2.os)
 .debug_line    0x00000000000242d5       0x80 /mnt/lfs/sources/glibc-2.28/build/elf/rtld-libc.a(rtld-strcspn-sse2.os)
 .debug_line    0x0000000000024355       0xfc /mnt/lfs/sources/glibc-2.28/build/elf/rtld-libc.a(rtld-memmove-sse2-unaligned-erms.os)
 .debug_line    0x0000000000024451       0xab /mnt/lfs/sources/glibc-2.28/build/elf/rtld-libc.a(rtld-memset-sse2-unaligned-erms.os)
 .debug_line    0x00000000000244fc       0x59 /mnt/lfs/sources/glibc-2.28/build/elf/rtld-libc.a(rtld-setitimer.os)

.debug_frame
 *(.debug_frame)

.debug_str      0x0000000000000000    0x784e2
 *(.debug_str)
 .debug_str     0x0000000000000000    0x5c5ff /mnt/lfs/sources/glibc-2.28/build/elf/dl-allobjs.os
 .debug_str     0x000000000005c5ff      0x7ac /mnt/lfs/sources/glibc-2.28/build/elf/rtld-libc.a(rtld-check_fds.os)
 .debug_str     0x000000000005cdab      0x53d /mnt/lfs/sources/glibc-2.28/build/elf/rtld-libc.a(rtld-errno.os)
 .debug_str     0x000000000005d2e8     0x165f /mnt/lfs/sources/glibc-2.28/build/elf/rtld-libc.a(rtld-closedir.os)
 .debug_str     0x000000000005e947     0x15ee /mnt/lfs/sources/glibc-2.28/build/elf/rtld-libc.a(rtld-rewinddir.os)
 .debug_str     0x000000000005ff35     0x16b1 /mnt/lfs/sources/glibc-2.28/build/elf/rtld-libc.a(rtld-readdir64.os)
 .debug_str     0x00000000000615e6     0x1761 /mnt/lfs/sources/glibc-2.28/build/elf/rtld-libc.a(rtld-fdopendir.os)
 .debug_str     0x0000000000062d47     0x15a2 /mnt/lfs/sources/glibc-2.28/build/elf/rtld-libc.a(rtld-getdents64.os)
 .debug_str     0x00000000000642e9     0x1caa /mnt/lfs/sources/glibc-2.28/build/elf/rtld-libc.a(rtld-dl-addr-obj.os)
 .debug_str     0x0000000000065f93      0x821 /mnt/lfs/sources/glibc-2.28/build/elf/rtld-libc.a(rtld-profil.os)
 .debug_str     0x00000000000667b4     0x27a5 /mnt/lfs/sources/glibc-2.28/build/elf/rtld-libc.a(rtld-prof-freq.os)
 .debug_str     0x0000000000068f59      0x6a6 /mnt/lfs/sources/glibc-2.28/build/elf/rtld-libc.a(rtld-xstat.os)
 .debug_str     0x00000000000695ff      0x6a4 /mnt/lfs/sources/glibc-2.28/build/elf/rtld-libc.a(rtld-fxstat.os)
 .debug_str     0x0000000000069ca3      0x6a9 /mnt/lfs/sources/glibc-2.28/build/elf/rtld-libc.a(rtld-lxstat.os)
 .debug_str     0x000000000006a34c      0x61c /mnt/lfs/sources/glibc-2.28/build/elf/rtld-libc.a(rtld-lseek64.os)
 .debug_str     0x000000000006a968     0x17d3 /mnt/lfs/sources/glibc-2.28/build/elf/rtld-libc.a(rtld-access.os)
 .debug_str     0x000000000006c13b     0x17e8 /mnt/lfs/sources/glibc-2.28/build/elf/rtld-libc.a(rtld-close_nocancel.os)
 .debug_str     0x000000000006d923     0x18cd /mnt/lfs/sources/glibc-2.28/build/elf/rtld-libc.a(rtld-fcntl_nocancel.os)
 .debug_str     0x000000000006f1f0      0x6b3 /mnt/lfs/sources/glibc-2.28/build/elf/rtld-libc.a(rtld-open64_nocancel.os)
 .debug_str     0x000000000006f8a3     0x1891 /mnt/lfs/sources/glibc-2.28/build/elf/rtld-libc.a(rtld-openat64_nocancel.os)
 .debug_str     0x0000000000071134     0x180c /mnt/lfs/sources/glibc-2.28/build/elf/rtld-libc.a(rtld-read_nocancel.os)
 .debug_str     0x0000000000072940     0x180f /mnt/lfs/sources/glibc-2.28/build/elf/rtld-libc.a(rtld-write_nocancel.os)
 .debug_str     0x000000000007414f      0x2f7 /mnt/lfs/sources/glibc-2.28/build/elf/rtld-libc.a(rtld-scratch_buffer_set_array_size.os)
 .debug_str     0x0000000000074446     0x288e /mnt/lfs/sources/glibc-2.28/build/elf/rtld-libc.a(rtld-mmap64.os)
 .debug_str     0x0000000000076cd4       0x52 /mnt/lfs/sources/glibc-2.28/build/elf/rtld-libc.a(rtld-munmap.os)
 .debug_str     0x0000000000076d26       0x52 /mnt/lfs/sources/glibc-2.28/build/elf/rtld-libc.a(rtld-mprotect.os)
 .debug_str     0x0000000000076d78       0x53 /mnt/lfs/sources/glibc-2.28/build/elf/rtld-libc.a(rtld-uname.os)
 .debug_str     0x0000000000076dcb      0x5fd /mnt/lfs/sources/glibc-2.28/build/elf/rtld-libc.a(rtld-_exit.os)
 .debug_str     0x00000000000773c8       0x53 /mnt/lfs/sources/glibc-2.28/build/elf/rtld-libc.a(rtld-getpid.os)
 .debug_str     0x000000000007741b      0x1e3 /mnt/lfs/sources/glibc-2.28/build/elf/rtld-libc.a(rtld-environ.os)
 .debug_str     0x00000000000775fe       0x4c /mnt/lfs/sources/glibc-2.28/build/elf/rtld-libc.a(rtld-setjmp.os)
 .debug_str     0x000000000007764a       0x4f /mnt/lfs/sources/glibc-2.28/build/elf/rtld-libc.a(rtld-__longjmp.os)
 .debug_str     0x0000000000077699      0x7ed /mnt/lfs/sources/glibc-2.28/build/elf/rtld-libc.a(rtld-sigaction.os)
 .debug_str     0x0000000000077e86      0x1fa /mnt/lfs/sources/glibc-2.28/build/elf/rtld-libc.a(rtld-strdup.os)
 .debug_str     0x0000000000078080       0x4c /mnt/lfs/sources/glibc-2.28/build/elf/rtld-libc.a(rtld-strcmp-sse2.os)
 .debug_str     0x00000000000780cc       0x4c /mnt/lfs/sources/glibc-2.28/build/elf/rtld-libc.a(rtld-strncmp-sse2.os)
 .debug_str     0x0000000000078118       0x59 /mnt/lfs/sources/glibc-2.28/build/elf/rtld-libc.a(rtld-memchr-sse2.os)
 .debug_str     0x0000000000078171       0x5c /mnt/lfs/sources/glibc-2.28/build/elf/rtld-libc.a(rtld-rawmemchr-sse2.os)
 .debug_str     0x00000000000781cd       0x4c /mnt/lfs/sources/glibc-2.28/build/elf/rtld-libc.a(rtld-memcmp-sse2.os)
 .debug_str     0x0000000000078219       0x59 /mnt/lfs/sources/glibc-2.28/build/elf/rtld-libc.a(rtld-strchr-sse2.os)
 .debug_str     0x0000000000078272       0x59 /mnt/lfs/sources/glibc-2.28/build/elf/rtld-libc.a(rtld-strlen-sse2.os)
 .debug_str     0x00000000000782cb       0x59 /mnt/lfs/sources/glibc-2.28/build/elf/rtld-libc.a(rtld-strnlen-sse2.os)
 .debug_str     0x0000000000078324       0x4c /mnt/lfs/sources/glibc-2.28/build/elf/rtld-libc.a(rtld-stpcpy-sse2.os)
 .debug_str     0x0000000000078370       0x4d /mnt/lfs/sources/glibc-2.28/build/elf/rtld-libc.a(rtld-strcspn-sse2.os)
 .debug_str     0x00000000000783bd       0x6a /mnt/lfs/sources/glibc-2.28/build/elf/rtld-libc.a(rtld-memmove-sse2-unaligned-erms.os)
 .debug_str     0x0000000000078427       0x69 /mnt/lfs/sources/glibc-2.28/build/elf/rtld-libc.a(rtld-memset-sse2-unaligned-erms.os)
 .debug_str     0x0000000000078490       0x52 /mnt/lfs/sources/glibc-2.28/build/elf/rtld-libc.a(rtld-setitimer.os)

.debug_loc      0x0000000000000000    0x38018
 *(.debug_loc)
 .debug_loc     0x0000000000000000    0x35509 /mnt/lfs/sources/glibc-2.28/build/elf/dl-allobjs.os
 .debug_loc     0x0000000000035509      0x1bd /mnt/lfs/sources/glibc-2.28/build/elf/rtld-libc.a(rtld-check_fds.os)
 .debug_loc     0x00000000000356c6       0x8c /mnt/lfs/sources/glibc-2.28/build/elf/rtld-libc.a(rtld-closedir.os)
 .debug_loc     0x0000000000035752       0x52 /mnt/lfs/sources/glibc-2.28/build/elf/rtld-libc.a(rtld-rewinddir.os)
 .debug_loc     0x00000000000357a4      0x1c8 /mnt/lfs/sources/glibc-2.28/build/elf/rtld-libc.a(rtld-readdir64.os)
 .debug_loc     0x000000000003596c       0xce /mnt/lfs/sources/glibc-2.28/build/elf/rtld-libc.a(rtld-fdopendir.os)
 .debug_loc     0x0000000000035a3a       0xd0 /mnt/lfs/sources/glibc-2.28/build/elf/rtld-libc.a(rtld-getdents64.os)
 .debug_loc     0x0000000000035b0a       0x90 /mnt/lfs/sources/glibc-2.28/build/elf/rtld-libc.a(rtld-dl-addr-obj.os)
 .debug_loc     0x0000000000035b9a      0x29e /mnt/lfs/sources/glibc-2.28/build/elf/rtld-libc.a(rtld-profil.os)
 .debug_loc     0x0000000000035e38      0x1a0 /mnt/lfs/sources/glibc-2.28/build/elf/rtld-libc.a(rtld-xstat.os)
 .debug_loc     0x0000000000035fd8      0x1a0 /mnt/lfs/sources/glibc-2.28/build/elf/rtld-libc.a(rtld-fxstat.os)
 .debug_loc     0x0000000000036178      0x1a0 /mnt/lfs/sources/glibc-2.28/build/elf/rtld-libc.a(rtld-lxstat.os)
 .debug_loc     0x0000000000036318       0xd0 /mnt/lfs/sources/glibc-2.28/build/elf/rtld-libc.a(rtld-lseek64.os)
 .debug_loc     0x00000000000363e8       0xab /mnt/lfs/sources/glibc-2.28/build/elf/rtld-libc.a(rtld-access.os)
 .debug_loc     0x0000000000036493       0x86 /mnt/lfs/sources/glibc-2.28/build/elf/rtld-libc.a(rtld-close_nocancel.os)
 .debug_loc     0x0000000000036519      0x3e7 /mnt/lfs/sources/glibc-2.28/build/elf/rtld-libc.a(rtld-fcntl_nocancel.os)
 .debug_loc     0x0000000000036900      0x2cf /mnt/lfs/sources/glibc-2.28/build/elf/rtld-libc.a(rtld-open64_nocancel.os)
 .debug_loc     0x0000000000036bcf      0x1d9 /mnt/lfs/sources/glibc-2.28/build/elf/rtld-libc.a(rtld-openat64_nocancel.os)
 .debug_loc     0x0000000000036da8       0xd0 /mnt/lfs/sources/glibc-2.28/build/elf/rtld-libc.a(rtld-read_nocancel.os)
 .debug_loc     0x0000000000036e78       0xd0 /mnt/lfs/sources/glibc-2.28/build/elf/rtld-libc.a(rtld-write_nocancel.os)
 .debug_loc     0x0000000000036f48      0x363 /mnt/lfs/sources/glibc-2.28/build/elf/rtld-libc.a(rtld-scratch_buffer_set_array_size.os)
 .debug_loc     0x00000000000372ab      0x76e /mnt/lfs/sources/glibc-2.28/build/elf/rtld-libc.a(rtld-mmap64.os)
 .debug_loc     0x0000000000037a19      0x19a /mnt/lfs/sources/glibc-2.28/build/elf/rtld-libc.a(rtld-_exit.os)
 .debug_loc     0x0000000000037bb3      0x348 /mnt/lfs/sources/glibc-2.28/build/elf/rtld-libc.a(rtld-sigaction.os)
 .debug_loc     0x0000000000037efb      0x11d /mnt/lfs/sources/glibc-2.28/build/elf/rtld-libc.a(rtld-strdup.os)

.debug_macinfo
 *(.debug_macinfo)

.debug_weaknames
 *(.debug_weaknames)

.debug_funcnames
 *(.debug_funcnames)

.debug_typenames
 *(.debug_typenames)

.debug_varnames
 *(.debug_varnames)

.debug_pubtypes
 *(.debug_pubtypes)

.debug_ranges   0x0000000000000000     0x8070
 *(.debug_ranges)
 .debug_ranges  0x0000000000000000     0x7b30 /mnt/lfs/sources/glibc-2.28/build/elf/dl-allobjs.os
 .debug_ranges  0x0000000000007b30       0xa0 /mnt/lfs/sources/glibc-2.28/build/elf/rtld-libc.a(rtld-readdir64.os)
 .debug_ranges  0x0000000000007bd0       0x30 /mnt/lfs/sources/glibc-2.28/build/elf/rtld-libc.a(rtld-getdents64.os)
 .debug_ranges  0x0000000000007c00       0x30 /mnt/lfs/sources/glibc-2.28/build/elf/rtld-libc.a(rtld-xstat.os)
 .debug_ranges  0x0000000000007c30       0x30 /mnt/lfs/sources/glibc-2.28/build/elf/rtld-libc.a(rtld-fxstat.os)
 .debug_ranges  0x0000000000007c60       0x30 /mnt/lfs/sources/glibc-2.28/build/elf/rtld-libc.a(rtld-lxstat.os)
 .debug_ranges  0x0000000000007c90       0x30 /mnt/lfs/sources/glibc-2.28/build/elf/rtld-libc.a(rtld-lseek64.os)
 .debug_ranges  0x0000000000007cc0       0x30 /mnt/lfs/sources/glibc-2.28/build/elf/rtld-libc.a(rtld-access.os)
 .debug_ranges  0x0000000000007cf0       0x30 /mnt/lfs/sources/glibc-2.28/build/elf/rtld-libc.a(rtld-close_nocancel.os)
 .debug_ranges  0x0000000000007d20       0x60 /mnt/lfs/sources/glibc-2.28/build/elf/rtld-libc.a(rtld-fcntl_nocancel.os)
 .debug_ranges  0x0000000000007d80       0x30 /mnt/lfs/sources/glibc-2.28/build/elf/rtld-libc.a(rtld-open64_nocancel.os)
 .debug_ranges  0x0000000000007db0       0x30 /mnt/lfs/sources/glibc-2.28/build/elf/rtld-libc.a(rtld-openat64_nocancel.os)
 .debug_ranges  0x0000000000007de0       0x30 /mnt/lfs/sources/glibc-2.28/build/elf/rtld-libc.a(rtld-read_nocancel.os)
 .debug_ranges  0x0000000000007e10       0x30 /mnt/lfs/sources/glibc-2.28/build/elf/rtld-libc.a(rtld-write_nocancel.os)
 .debug_ranges  0x0000000000007e40       0x30 /mnt/lfs/sources/glibc-2.28/build/elf/rtld-libc.a(rtld-scratch_buffer_set_array_size.os)
 .debug_ranges  0x0000000000007e70       0x30 /mnt/lfs/sources/glibc-2.28/build/elf/rtld-libc.a(rtld-mmap64.os)
 .debug_ranges  0x0000000000007ea0       0xe0 /mnt/lfs/sources/glibc-2.28/build/elf/rtld-libc.a(rtld-_exit.os)
 .debug_ranges  0x0000000000007f80       0xf0 /mnt/lfs/sources/glibc-2.28/build/elf/rtld-libc.a(rtld-sigaction.os)

.debug_macro
 *(.debug_macro)

.debug_addr
 *(.debug_addr)

.gnu.attributes
 *(.gnu.attributes)
OUTPUT(/mnt/lfs/sources/glibc-2.28/build/elf/librtld.os elf64-x86-64)
